122.106.159.61 - - [03/Nov/2014:02:29:16 +1100] "GET /prefs.php HTTP/1.1" 200 2221 "http://www.utsems.net/viewEventsEM.php" "Mozilla/5.0 (compatible; MSIE 10.0; Windows NT 6.2; WOW64; Trident/6.0; Touch; MAARJS)"
122.106.159.61 - - [03/Nov/2014:02:29:16 +1100] "GET /buttons.css HTTP/1.1" 304 - "http://www.utsems.net/prefs.php" "Mozilla/5.0 (compatible; MSIE 10.0; Windows NT 6.2; WOW64; Trident/6.0; Touch; MAARJS)"
122.106.159.61 - - [03/Nov/2014:02:29:16 +1100] "GET /form.css HTTP/1.1" 304 - "http://www.utsems.net/prefs.php" "Mozilla/5.0 (compatible; MSIE 10.0; Windows NT 6.2; WOW64; Trident/6.0; Touch; MAARJS)"
122.106.159.61 - - [03/Nov/2014:02:30:09 +1100] "GET /prefs.php HTTP/1.1" 200 2266 "http://www.utsems.net/viewEventsEM.php" "Mozilla/5.0 (compatible; MSIE 10.0; Windows NT 6.2; WOW64; Trident/6.0; Touch; MAARJS)"
122.106.159.61 - - [03/Nov/2014:02:30:09 +1100] "GET /form.css HTTP/1.1" 304 - "http://www.utsems.net/prefs.php" "Mozilla/5.0 (compatible; MSIE 10.0; Windows NT 6.2; WOW64; Trident/6.0; Touch; MAARJS)"
122.106.159.61 - - [03/Nov/2014:02:30:09 +1100] "GET /buttons.css HTTP/1.1" 304 - "http://www.utsems.net/prefs.php" "Mozilla/5.0 (compatible; MSIE 10.0; Windows NT 6.2; WOW64; Trident/6.0; Touch; MAARJS)"
122.106.159.61 - - [03/Nov/2014:02:31:39 +1100] "GET /prefs.php HTTP/1.1" 200 2257 "http://www.utsems.net/viewEventsEM.php" "Mozilla/5.0 (compatible; MSIE 10.0; Windows NT 6.2; WOW64; Trident/6.0; Touch; MAARJS)"
122.106.159.61 - - [03/Nov/2014:02:31:39 +1100] "GET /buttons.css HTTP/1.1" 304 - "http://www.utsems.net/prefs.php" "Mozilla/5.0 (compatible; MSIE 10.0; Windows NT 6.2; WOW64; Trident/6.0; Touch; MAARJS)"
122.106.159.61 - - [03/Nov/2014:02:31:39 +1100] "GET /form.css HTTP/1.1" 304 - "http://www.utsems.net/prefs.php" "Mozilla/5.0 (compatible; MSIE 10.0; Windows NT 6.2; WOW64; Trident/6.0; Touch; MAARJS)"
122.106.159.61 - - [03/Nov/2014:02:31:41 +1100] "POST /nPasswordProcess.php HTTP/1.1" 404 - "http://www.utsems.net/prefs.php" "Mozilla/5.0 (compatible; MSIE 10.0; Windows NT 6.2; WOW64; Trident/6.0; Touch; MAARJS)"
122.106.159.61 - - [03/Nov/2014:02:31:44 +1100] "GET /prefs.php HTTP/1.1" 200 2257 "-" "Mozilla/5.0 (compatible; MSIE 10.0; Windows NT 6.2; WOW64; Trident/6.0; Touch; MAARJS)"
122.106.159.61 - - [03/Nov/2014:02:31:55 +1100] "POST /nPasswordProcess.php HTTP/1.1" 404 - "http://www.utsems.net/prefs.php" "Mozilla/5.0 (compatible; MSIE 10.0; Windows NT 6.2; WOW64; Trident/6.0; Touch; MAARJS)"
122.106.159.61 - - [03/Nov/2014:02:32:04 +1100] "GET /prefs.php HTTP/1.1" 200 2257 "-" "Mozilla/5.0 (compatible; MSIE 10.0; Windows NT 6.2; WOW64; Trident/6.0; Touch; MAARJS)"
122.106.159.61 - - [03/Nov/2014:02:32:43 +1100] "POST /nPasswordProcess.php HTTP/1.1" 404 - "http://www.utsems.net/prefs.php" "Mozilla/5.0 (compatible; MSIE 10.0; Windows NT 6.2; WOW64; Trident/6.0; Touch; MAARJS)"
122.106.159.61 - - [03/Nov/2014:02:32:45 +1100] "GET /prefs.php HTTP/1.1" 200 2256 "-" "Mozilla/5.0 (compatible; MSIE 10.0; Windows NT 6.2; WOW64; Trident/6.0; Touch; MAARJS)"
122.106.159.61 - - [03/Nov/2014:02:32:47 +1100] "GET /prefs.php HTTP/1.1" 200 2256 "-" "Mozilla/5.0 (compatible; MSIE 10.0; Windows NT 6.2; WOW64; Trident/6.0; Touch; MAARJS)"
123.243.94.196 - - [03/Nov/2014:02:33:13 +1100] "POST /manageRegisteredRole.php?a_ID=13 HTTP/1.1" 200 2664 "http://utsems.net/manageActivity.php" "Mozilla/5.0 (Windows NT 6.1; WOW64; rv:30.0) Gecko/20100101 Firefox/30.0"
123.243.94.196 - - [03/Nov/2014:02:33:14 +1100] "GET /buttons.css HTTP/1.1" 304 - "http://utsems.net/manageRegisteredRole.php?a_ID=13" "Mozilla/5.0 (Windows NT 6.1; WOW64; rv:30.0) Gecko/20100101 Firefox/30.0"
123.243.94.196 - - [03/Nov/2014:02:33:16 +1100] "GET /viewEventsEM.php HTTP/1.1" 200 4305 "http://utsems.net/manageRegisteredRole.php?a_ID=13" "Mozilla/5.0 (Windows NT 6.1; WOW64; rv:30.0) Gecko/20100101 Firefox/30.0"
123.243.94.196 - - [03/Nov/2014:02:33:19 +1100] "POST /manageEvent.php HTTP/1.1" 200 3434 "http://utsems.net/viewEventsEM.php" "Mozilla/5.0 (Windows NT 6.1; WOW64; rv:30.0) Gecko/20100101 Firefox/30.0"
123.243.94.196 - - [03/Nov/2014:02:33:21 +1100] "POST /manageActivity.php HTTP/1.1" 200 3676 "http://utsems.net/manageEvent.php" "Mozilla/5.0 (Windows NT 6.1; WOW64; rv:30.0) Gecko/20100101 Firefox/30.0"
123.243.94.196 - - [03/Nov/2014:02:33:25 +1100] "POST /manageAllocatedRole.php?a_ID=11 HTTP/1.1" 200 2665 "http://utsems.net/manageActivity.php" "Mozilla/5.0 (Windows NT 6.1; WOW64; rv:30.0) Gecko/20100101 Firefox/30.0"
123.243.94.196 - - [03/Nov/2014:02:33:30 +1100] "POST /manageActivity.php HTTP/1.1" 200 3676 "http://utsems.net/manageEvent.php" "Mozilla/5.0 (Windows NT 6.1; WOW64; rv:30.0) Gecko/20100101 Firefox/30.0"
123.243.94.196 - - [03/Nov/2014:02:33:31 +1100] "GET /buttons.css HTTP/1.1" 304 - "http://utsems.net/manageActivity.php" "Mozilla/5.0 (Windows NT 6.1; WOW64; rv:30.0) Gecko/20100101 Firefox/30.0"
123.243.94.196 - - [03/Nov/2014:02:33:37 +1100] "POST /manageAllocatedRole.php?a_ID=11 HTTP/1.1" 200 2665 "http://utsems.net/manageActivity.php" "Mozilla/5.0 (Windows NT 6.1; WOW64; rv:30.0) Gecko/20100101 Firefox/30.0"
123.243.94.196 - - [03/Nov/2014:02:34:50 +1100] "GET /viewUsers.php HTTP/1.1" 200 7091 "http://utsems.net/updateUserV.php?u_ID=1234563" "Mozilla/5.0 (Windows NT 6.1; WOW64) AppleWebKit/537.36 (KHTML, like Gecko) Chrome/35.0.1916.114 Safari/537.36"
123.243.94.196 - - [03/Nov/2014:02:34:50 +1100] "GET /buttons.css HTTP/1.1" 304 - "http://utsems.net/viewUsers.php" "Mozilla/5.0 (Windows NT 6.1; WOW64) AppleWebKit/537.36 (KHTML, like Gecko) Chrome/35.0.1916.114 Safari/537.36"
123.243.94.196 - - [03/Nov/2014:02:34:58 +1100] "GET /dashboardEM.php HTTP/1.1" 200 1546 "http://utsems.net/manageAllocatedRole.php?a_ID=11" "Mozilla/5.0 (Windows NT 6.1; WOW64; rv:30.0) Gecko/20100101 Firefox/30.0"
123.243.94.196 - - [03/Nov/2014:02:35:00 +1100] "GET /viewEventsEM.php HTTP/1.1" 200 4305 "http://utsems.net/dashboardEM.php" "Mozilla/5.0 (Windows NT 6.1; WOW64; rv:30.0) Gecko/20100101 Firefox/30.0"
123.243.94.196 - - [03/Nov/2014:02:35:03 +1100] "POST /manageEvent.php HTTP/1.1" 200 2668 "http://utsems.net/viewEventsEM.php" "Mozilla/5.0 (Windows NT 6.1; WOW64; rv:30.0) Gecko/20100101 Firefox/30.0"
123.243.94.196 - - [03/Nov/2014:02:35:07 +1100] "POST /updateEventV.php?e_ID=31 HTTP/1.1" 200 6996 "http://utsems.net/manageEvent.php" "Mozilla/5.0 (Windows NT 6.1; WOW64; rv:30.0) Gecko/20100101 Firefox/30.0"
123.243.94.196 - - [03/Nov/2014:02:35:07 +1100] "GET /resources/demos/style.css HTTP/1.1" 404 - "http://utsems.net/updateEventV.php?e_ID=31" "Mozilla/5.0 (Windows NT 6.1; WOW64; rv:30.0) Gecko/20100101 Firefox/30.0"
123.243.94.196 - - [03/Nov/2014:02:35:18 +1100] "GET /viewEventsEM.php HTTP/1.1" 200 4305 "http://utsems.net/updateEventV.php?e_ID=31" "Mozilla/5.0 (Windows NT 6.1; WOW64; rv:30.0) Gecko/20100101 Firefox/30.0"
123.243.94.196 - - [03/Nov/2014:02:35:19 +1100] "GET /viewUsers.php HTTP/1.1" 200 7091 "http://utsems.net/viewEventsEM.php" "Mozilla/5.0 (Windows NT 6.1; WOW64; rv:30.0) Gecko/20100101 Firefox/30.0"
123.243.94.196 - - [03/Nov/2014:02:35:21 +1100] "GET /viewEventsEM.php HTTP/1.1" 200 4305 "http://utsems.net/viewUsers.php" "Mozilla/5.0 (Windows NT 6.1; WOW64; rv:30.0) Gecko/20100101 Firefox/30.0"
123.243.94.196 - - [03/Nov/2014:02:35:21 +1100] "GET /viewUsers.php HTTP/1.1" 200 7091 "http://utsems.net/viewEventsEM.php" "Mozilla/5.0 (Windows NT 6.1; WOW64; rv:30.0) Gecko/20100101 Firefox/30.0"
123.243.82.58 - - [03/Nov/2014:02:36:50 +1100] "GET /viewEventsEM.php HTTP/1.1" 200 4257 "http://utsems.net/dashboardEM.php" "Mozilla/5.0 (Windows NT 6.2; WOW64) AppleWebKit/537.36 (KHTML, like Gecko) Chrome/38.0.2125.111 Safari/537.36"
123.243.82.58 - - [03/Nov/2014:02:36:50 +1100] "GET /buttons.css HTTP/1.1" 200 19529 "http://utsems.net/viewEventsEM.php" "Mozilla/5.0 (Windows NT 6.2; WOW64) AppleWebKit/537.36 (KHTML, like Gecko) Chrome/38.0.2125.111 Safari/537.36"
122.106.159.61 - - [03/Nov/2014:02:36:56 +1100] "GET /prefs.php HTTP/1.1" 200 2280 "-" "Mozilla/5.0 (compatible; MSIE 10.0; Windows NT 6.2; WOW64; Trident/6.0; Touch; MAARJS)"
122.106.159.61 - - [03/Nov/2014:02:37:02 +1100] "POST /newPasswordProcess.php HTTP/1.1" 404 - "http://www.utsems.net/prefs.php" "Mozilla/5.0 (compatible; MSIE 10.0; Windows NT 6.2; WOW64; Trident/6.0; Touch; MAARJS)"
122.106.159.61 - - [03/Nov/2014:02:37:05 +1100] "GET /prefs.php HTTP/1.1" 200 2280 "-" "Mozilla/5.0 (compatible; MSIE 10.0; Windows NT 6.2; WOW64; Trident/6.0; Touch; MAARJS)"
5.45.77.35 - - [03/Nov/2014:02:37:24 +1100] "GET / HTTP/1.1" 200 1143 "http://www.utsems.net/" "Mozilla/4.0 (compatible; MSIE 6.0; Windows NT 5.1; SV1)"
123.243.82.58 - - [03/Nov/2014:02:37:25 +1100] "GET /viewUsers.php HTTP/1.1" 200 7043 "http://utsems.net/viewEventsEM.php" "Mozilla/5.0 (Windows NT 6.2; WOW64) AppleWebKit/537.36 (KHTML, like Gecko) Chrome/38.0.2125.111 Safari/537.36"
123.243.82.58 - - [03/Nov/2014:02:37:49 +1100] "GET /viewEventsEM.php HTTP/1.1" 200 4257 "http://utsems.net/viewUsers.php" "Mozilla/5.0 (Windows NT 6.2; WOW64) AppleWebKit/537.36 (KHTML, like Gecko) Chrome/38.0.2125.111 Safari/537.36"
123.243.82.58 - - [03/Nov/2014:02:37:55 +1100] "GET /viewUsers.php HTTP/1.1" 200 7043 "http://utsems.net/viewEventsEM.php" "Mozilla/5.0 (Windows NT 6.2; WOW64) AppleWebKit/537.36 (KHTML, like Gecko) Chrome/38.0.2125.111 Safari/537.36"
123.243.94.196 - - [03/Nov/2014:02:42:15 +1100] "GET /dashboardEM.php HTTP/1.1" 200 1546 "http://utsems.net/viewUsers.php" "Mozilla/5.0 (Windows NT 6.1; WOW64; rv:30.0) Gecko/20100101 Firefox/30.0"
123.243.94.196 - - [03/Nov/2014:02:42:15 +1100] "GET /buttons.css HTTP/1.1" 304 - "http://utsems.net/dashboardEM.php" "Mozilla/5.0 (Windows NT 6.1; WOW64; rv:30.0) Gecko/20100101 Firefox/30.0"
122.106.159.61 - - [03/Nov/2014:02:46:36 +1100] "GET /logout.php HTTP/1.1" 200 134 "http://www.utsems.net/prefs.php" "Mozilla/5.0 (Windows NT 6.2; WOW64) AppleWebKit/537.36 (KHTML, like Gecko) Chrome/38.0.2125.111 Safari/537.36"
122.106.159.61 - - [03/Nov/2014:02:46:36 +1100] "GET /index.php HTTP/1.1" 200 1143 "http://www.utsems.net/logout.php" "Mozilla/5.0 (Windows NT 6.2; WOW64) AppleWebKit/537.36 (KHTML, like Gecko) Chrome/38.0.2125.111 Safari/537.36"
122.106.159.61 - - [03/Nov/2014:02:46:38 +1100] "POST /loginProcess.php HTTP/1.1" 200 100 "http://www.utsems.net/index.php" "Mozilla/5.0 (Windows NT 6.2; WOW64) AppleWebKit/537.36 (KHTML, like Gecko) Chrome/38.0.2125.111 Safari/537.36"
122.106.159.61 - - [03/Nov/2014:02:46:39 +1100] "GET /userAuthenticated.php HTTP/1.1" 200 151 "http://www.utsems.net/loginProcess.php" "Mozilla/5.0 (Windows NT 6.2; WOW64) AppleWebKit/537.36 (KHTML, like Gecko) Chrome/38.0.2125.111 Safari/537.36"
122.106.159.61 - - [03/Nov/2014:02:46:39 +1100] "GET /viewPositions.php HTTP/1.1" 200 5770 "http://www.utsems.net/userAuthenticated.php" "Mozilla/5.0 (Windows NT 6.2; WOW64) AppleWebKit/537.36 (KHTML, like Gecko) Chrome/38.0.2125.111 Safari/537.36"
122.106.159.61 - - [03/Nov/2014:02:46:39 +1100] "GET /buttons.css HTTP/1.1" 304 - "http://www.utsems.net/viewPositions.php" "Mozilla/5.0 (Windows NT 6.2; WOW64) AppleWebKit/537.36 (KHTML, like Gecko) Chrome/38.0.2125.111 Safari/537.36"
122.106.159.61 - - [03/Nov/2014:02:46:40 +1100] "GET /prefs.php HTTP/1.1" 200 2183 "http://www.utsems.net/viewPositions.php" "Mozilla/5.0 (Windows NT 6.2; WOW64) AppleWebKit/537.36 (KHTML, like Gecko) Chrome/38.0.2125.111 Safari/537.36"
122.106.159.61 - - [03/Nov/2014:02:46:52 +1100] "POST /newPasswordProcess.php HTTP/1.1" 200 578 "http://www.utsems.net/prefs.php" "Mozilla/5.0 (Windows NT 6.2; WOW64) AppleWebKit/537.36 (KHTML, like Gecko) Chrome/38.0.2125.111 Safari/537.36"
122.106.159.61 - - [03/Nov/2014:02:48:39 +1100] "GET /viewEventsEM.php HTTP/1.1" 200 4305 "http://www.utsems.net/prefs.php" "Mozilla/5.0 (compatible; MSIE 10.0; Windows NT 6.2; WOW64; Trident/6.0; Touch; MAARJS)"
122.106.159.61 - - [03/Nov/2014:02:48:42 +1100] "GET /prefs.php HTTP/1.1" 200 2183 "http://www.utsems.net/viewPositions.php" "Mozilla/5.0 (Windows NT 6.2; WOW64) AppleWebKit/537.36 (KHTML, like Gecko) Chrome/38.0.2125.111 Safari/537.36"
122.106.159.61 - - [03/Nov/2014:02:48:48 +1100] "POST /newPasswordProcess.php HTTP/1.1" 200 576 "http://www.utsems.net/prefs.php" "Mozilla/5.0 (Windows NT 6.2; WOW64) AppleWebKit/537.36 (KHTML, like Gecko) Chrome/38.0.2125.111 Safari/537.36"
122.106.159.61 - - [03/Nov/2014:02:50:47 +1100] "GET /prefs.php HTTP/1.1" 200 2183 "http://www.utsems.net/viewPositions.php" "Mozilla/5.0 (Windows NT 6.2; WOW64) AppleWebKit/537.36 (KHTML, like Gecko) Chrome/38.0.2125.111 Safari/537.36"
122.106.159.61 - - [03/Nov/2014:02:50:55 +1100] "POST /newPasswordProcess.php HTTP/1.1" 200 578 "http://www.utsems.net/prefs.php" "Mozilla/5.0 (Windows NT 6.2; WOW64) AppleWebKit/537.36 (KHTML, like Gecko) Chrome/38.0.2125.111 Safari/537.36"
122.106.159.61 - - [03/Nov/2014:02:50:55 +1100] "GET /buttons.css HTTP/1.1" 304 - "http://www.utsems.net/newPasswordProcess.php" "Mozilla/5.0 (Windows NT 6.2; WOW64) AppleWebKit/537.36 (KHTML, like Gecko) Chrome/38.0.2125.111 Safari/537.36"
122.106.159.61 - - [03/Nov/2014:02:51:12 +1100] "GET /prefs.php HTTP/1.1" 200 2183 "http://www.utsems.net/viewPositions.php" "Mozilla/5.0 (Windows NT 6.2; WOW64) AppleWebKit/537.36 (KHTML, like Gecko) Chrome/38.0.2125.111 Safari/537.36"
122.106.159.61 - - [03/Nov/2014:02:51:41 +1100] "POST /newPasswordProcess.php HTTP/1.1" 200 586 "http://www.utsems.net/prefs.php" "Mozilla/5.0 (Windows NT 6.2; WOW64) AppleWebKit/537.36 (KHTML, like Gecko) Chrome/38.0.2125.111 Safari/537.36"
123.243.82.58 - - [03/Nov/2014:02:52:39 +1100] "POST /register.php?a_ID=43 HTTP/1.1" 200 1015 "http://utsems.net/preRegister.php?a_ID=43" "Mozilla/5.0 (compatible; MSIE 10.0; Windows NT 6.2; WOW64; Trident/6.0; ASU2JS)"
123.243.82.58 - - [03/Nov/2014:02:52:41 +1100] "GET /viewPositions.php HTTP/1.1" 200 5339 "http://utsems.net/register.php?a_ID=43" "Mozilla/5.0 (compatible; MSIE 10.0; Windows NT 6.2; WOW64; Trident/6.0; ASU2JS)"
123.243.82.58 - - [03/Nov/2014:02:52:54 +1100] "GET / HTTP/1.1" 200 1143 "-" "Mozilla/5.0 (compatible; MSIE 10.0; Windows NT 6.2; WOW64; Trident/6.0; ASU2JS)"
122.106.159.61 - - [03/Nov/2014:02:53:12 +1100] "GET /prefs.php HTTP/1.1" 200 2183 "http://www.utsems.net/viewPositions.php" "Mozilla/5.0 (Windows NT 6.2; WOW64) AppleWebKit/537.36 (KHTML, like Gecko) Chrome/38.0.2125.111 Safari/537.36"
122.106.159.61 - - [03/Nov/2014:02:53:20 +1100] "POST /newPasswordProcess.php HTTP/1.1" 200 669 "http://www.utsems.net/prefs.php" "Mozilla/5.0 (Windows NT 6.2; WOW64) AppleWebKit/537.36 (KHTML, like Gecko) Chrome/38.0.2125.111 Safari/537.36"
122.106.159.61 - - [03/Nov/2014:02:53:22 +1100] "GET /index.php HTTP/1.1" 200 1143 "http://www.utsems.net/newPasswordProcess.php" "Mozilla/5.0 (Windows NT 6.2; WOW64) AppleWebKit/537.36 (KHTML, like Gecko) Chrome/38.0.2125.111 Safari/537.36"
122.106.159.61 - - [03/Nov/2014:02:53:26 +1100] "POST /loginProcess.php HTTP/1.1" 200 100 "http://www.utsems.net/index.php" "Mozilla/5.0 (Windows NT 6.2; WOW64) AppleWebKit/537.36 (KHTML, like Gecko) Chrome/38.0.2125.111 Safari/537.36"
122.106.159.61 - - [03/Nov/2014:02:53:26 +1100] "GET /userAuthenticated.php HTTP/1.1" 200 151 "http://www.utsems.net/loginProcess.php" "Mozilla/5.0 (Windows NT 6.2; WOW64) AppleWebKit/537.36 (KHTML, like Gecko) Chrome/38.0.2125.111 Safari/537.36"
122.106.159.61 - - [03/Nov/2014:02:53:26 +1100] "GET /viewPositions.php HTTP/1.1" 200 5770 "http://www.utsems.net/userAuthenticated.php" "Mozilla/5.0 (Windows NT 6.2; WOW64) AppleWebKit/537.36 (KHTML, like Gecko) Chrome/38.0.2125.111 Safari/537.36"
123.243.94.196 - - [03/Nov/2014:02:53:39 +1100] "GET /viewEventsEM.php HTTP/1.1" 200 4305 "http://utsems.net/dashboardEM.php" "Mozilla/5.0 (Windows NT 6.1; WOW64; rv:30.0) Gecko/20100101 Firefox/30.0"
123.243.94.196 - - [03/Nov/2014:02:53:39 +1100] "GET /buttons.css HTTP/1.1" 304 - "http://utsems.net/viewEventsEM.php" "Mozilla/5.0 (Windows NT 6.1; WOW64; rv:30.0) Gecko/20100101 Firefox/30.0"
123.243.94.196 - - [03/Nov/2014:02:53:40 +1100] "GET /viewUsers.php HTTP/1.1" 200 7091 "http://utsems.net/viewEventsEM.php" "Mozilla/5.0 (Windows NT 6.1; WOW64; rv:30.0) Gecko/20100101 Firefox/30.0"
123.243.94.196 - - [03/Nov/2014:02:53:41 +1100] "GET /prefs.php HTTP/1.1" 200 2233 "http://utsems.net/viewUsers.php" "Mozilla/5.0 (Windows NT 6.1; WOW64; rv:30.0) Gecko/20100101 Firefox/30.0"
123.243.94.196 - - [03/Nov/2014:02:53:48 +1100] "GET /dashboardEM.php HTTP/1.1" 200 1546 "http://utsems.net/prefs.php" "Mozilla/5.0 (Windows NT 6.1; WOW64; rv:30.0) Gecko/20100101 Firefox/30.0"
123.243.94.196 - - [03/Nov/2014:02:53:52 +1100] "GET /viewEventsEM.php HTTP/1.1" 200 4305 "http://utsems.net/dashboardEM.php" "Mozilla/5.0 (Windows NT 6.1; WOW64; rv:30.0) Gecko/20100101 Firefox/30.0"
123.243.94.196 - - [03/Nov/2014:02:53:58 +1100] "GET /logout.php HTTP/1.1" 200 134 "http://utsems.net/viewEventsEM.php" "Mozilla/5.0 (Windows NT 6.1; WOW64; rv:30.0) Gecko/20100101 Firefox/30.0"
123.243.94.196 - - [03/Nov/2014:02:53:58 +1100] "GET /index.php HTTP/1.1" 200 1143 "http://utsems.net/logout.php" "Mozilla/5.0 (Windows NT 6.1; WOW64; rv:30.0) Gecko/20100101 Firefox/30.0"
122.106.159.61 - - [03/Nov/2014:02:54:29 +1100] "GET /prefs.php HTTP/1.1" 200 2233 "http://www.utsems.net/viewEventsEM.php" "Mozilla/5.0 (compatible; MSIE 10.0; Windows NT 6.2; WOW64; Trident/6.0; Touch; MAARJS)"
122.106.159.61 - - [03/Nov/2014:02:55:08 +1100] "GET /prefs.php HTTP/1.1" 200 2216 "http://www.utsems.net/prefs.php" "Mozilla/5.0 (compatible; MSIE 10.0; Windows NT 6.2; WOW64; Trident/6.0; Touch; MAARJS)"
122.106.159.61 - - [03/Nov/2014:02:55:19 +1100] "GET /viewUsers.php HTTP/1.1" 200 7091 "http://www.utsems.net/prefs.php" "Mozilla/5.0 (compatible; MSIE 10.0; Windows NT 6.2; WOW64; Trident/6.0; Touch; MAARJS)"
122.106.159.61 - - [03/Nov/2014:02:55:21 +1100] "GET /viewEventsEM.php HTTP/1.1" 200 4305 "http://www.utsems.net/viewUsers.php" "Mozilla/5.0 (compatible; MSIE 10.0; Windows NT 6.2; WOW64; Trident/6.0; Touch; MAARJS)"
122.106.159.61 - - [03/Nov/2014:02:55:25 +1100] "GET /dashboardEM.php HTTP/1.1" 200 2553 "http://www.utsems.net/viewEventsEM.php" "Mozilla/5.0 (compatible; MSIE 10.0; Windows NT 6.2; WOW64; Trident/6.0; Touch; MAARJS)"
122.106.159.61 - - [03/Nov/2014:02:55:39 +1100] "GET /dashboardU.php HTTP/1.1" 200 2233 "http://www.utsems.net/viewPositions.php" "Mozilla/5.0 (Windows NT 6.2; WOW64) AppleWebKit/537.36 (KHTML, like Gecko) Chrome/38.0.2125.111 Safari/537.36"
122.106.159.61 - - [03/Nov/2014:02:55:39 +1100] "GET /buttons.css HTTP/1.1" 304 - "http://www.utsems.net/dashboardU.php" "Mozilla/5.0 (Windows NT 6.2; WOW64) AppleWebKit/537.36 (KHTML, like Gecko) Chrome/38.0.2125.111 Safari/537.36"
122.106.159.61 - - [03/Nov/2014:02:55:45 +1100] "GET /viewPositions.php HTTP/1.1" 200 5770 "http://www.utsems.net/dashboardU.php" "Mozilla/5.0 (Windows NT 6.2; WOW64) AppleWebKit/537.36 (KHTML, like Gecko) Chrome/38.0.2125.111 Safari/537.36"
122.106.159.61 - - [03/Nov/2014:02:56:03 +1100] "POST /viewVolunteerActivityDetails.php HTTP/1.1" 200 2253 "http://www.utsems.net/viewPositions.php" "Mozilla/5.0 (Windows NT 6.2; WOW64) AppleWebKit/537.36 (KHTML, like Gecko) Chrome/38.0.2125.111 Safari/537.36"
123.243.94.196 - - [03/Nov/2014:02:56:11 +1100] "GET /viewUsers.php HTTP/1.1" 200 7091 "http://utsems.net/viewUsers.php" "Mozilla/5.0 (Windows NT 6.1; WOW64) AppleWebKit/537.36 (KHTML, like Gecko) Chrome/35.0.1916.114 Safari/537.36"
123.243.94.196 - - [03/Nov/2014:02:56:11 +1100] "GET /buttons.css HTTP/1.1" 304 - "http://utsems.net/viewUsers.php" "Mozilla/5.0 (Windows NT 6.1; WOW64) AppleWebKit/537.36 (KHTML, like Gecko) Chrome/35.0.1916.114 Safari/537.36"
122.106.159.61 - - [03/Nov/2014:02:56:11 +1100] "GET /viewPositions.php HTTP/1.1" 200 5770 "http://www.utsems.net/viewVolunteerActivityDetails.php" "Mozilla/5.0 (Windows NT 6.2; WOW64) AppleWebKit/537.36 (KHTML, like Gecko) Chrome/38.0.2125.111 Safari/537.36"
123.243.94.196 - - [03/Nov/2014:02:56:15 +1100] "GET /viewEventsEM.php HTTP/1.1" 200 4305 "http://utsems.net/viewUsers.php" "Mozilla/5.0 (Windows NT 6.1; WOW64) AppleWebKit/537.36 (KHTML, like Gecko) Chrome/35.0.1916.114 Safari/537.36"
122.106.159.61 - - [03/Nov/2014:02:56:35 +1100] "POST /viewVolunteerActivityDetails.php HTTP/1.1" 200 2261 "http://www.utsems.net/viewPositions.php" "Mozilla/5.0 (Windows NT 6.2; WOW64) AppleWebKit/537.36 (KHTML, like Gecko) Chrome/38.0.2125.111 Safari/537.36"
123.243.94.196 - - [03/Nov/2014:02:56:37 +1100] "GET /dashboardEM.php HTTP/1.1" 200 1546 "http://utsems.net/viewEventsEM.php" "Mozilla/5.0 (Windows NT 6.1; WOW64) AppleWebKit/537.36 (KHTML, like Gecko) Chrome/35.0.1916.114 Safari/537.36"
123.243.94.196 - - [03/Nov/2014:02:56:38 +1100] "GET /viewEventsEM.php HTTP/1.1" 200 4305 "http://utsems.net/dashboardEM.php" "Mozilla/5.0 (Windows NT 6.1; WOW64) AppleWebKit/537.36 (KHTML, like Gecko) Chrome/35.0.1916.114 Safari/537.36"
122.106.159.61 - - [03/Nov/2014:02:56:43 +1100] "POST /preRegister.php?a_ID=39 HTTP/1.1" 200 2753 "http://www.utsems.net/viewVolunteerActivityDetails.php" "Mozilla/5.0 (Windows NT 6.2; WOW64) AppleWebKit/537.36 (KHTML, like Gecko) Chrome/38.0.2125.111 Safari/537.36"
122.106.159.61 - - [03/Nov/2014:02:56:43 +1100] "GET /resources/demos/style.css HTTP/1.1" 404 - "http://www.utsems.net/preRegister.php?a_ID=39" "Mozilla/5.0 (Windows NT 6.2; WOW64) AppleWebKit/537.36 (KHTML, like Gecko) Chrome/38.0.2125.111 Safari/537.36"
122.106.159.61 - - [03/Nov/2014:02:56:50 +1100] "GET /viewPositions.php HTTP/1.1" 200 5770 "http://www.utsems.net/viewVolunteerActivityDetails.php" "Mozilla/5.0 (Windows NT 6.2; WOW64) AppleWebKit/537.36 (KHTML, like Gecko) Chrome/38.0.2125.111 Safari/537.36"
122.106.159.61 - - [03/Nov/2014:02:56:55 +1100] "GET /viewPositions.php HTTP/1.1" 200 5770 "http://www.utsems.net/viewPositions.php" "Mozilla/5.0 (Windows NT 6.2; WOW64) AppleWebKit/537.36 (KHTML, like Gecko) Chrome/38.0.2125.111 Safari/537.36"
122.106.159.61 - - [03/Nov/2014:02:56:59 +1100] "GET /prefs.php HTTP/1.1" 200 2166 "http://www.utsems.net/viewPositions.php" "Mozilla/5.0 (Windows NT 6.2; WOW64) AppleWebKit/537.36 (KHTML, like Gecko) Chrome/38.0.2125.111 Safari/537.36"
122.106.159.61 - - [03/Nov/2014:02:57:02 +1100] "GET /dashboardU.php HTTP/1.1" 200 2233 "http://www.utsems.net/prefs.php" "Mozilla/5.0 (Windows NT 6.2; WOW64) AppleWebKit/537.36 (KHTML, like Gecko) Chrome/38.0.2125.111 Safari/537.36"
123.243.94.196 - - [03/Nov/2014:02:57:06 +1100] "GET /viewEventsEM.php HTTP/1.1" 200 4305 "http://utsems.net/viewEventsEM.php" "Mozilla/5.0 (Windows NT 6.1; WOW64) AppleWebKit/537.36 (KHTML, like Gecko) Chrome/35.0.1916.114 Safari/537.36"
123.243.94.196 - - [03/Nov/2014:02:57:08 +1100] "GET /prefs.php HTTP/1.1" 200 2216 "http://utsems.net/viewEventsEM.php" "Mozilla/5.0 (Windows NT 6.1; WOW64) AppleWebKit/537.36 (KHTML, like Gecko) Chrome/35.0.1916.114 Safari/537.36"
123.243.94.196 - - [03/Nov/2014:02:57:10 +1100] "GET /viewUsers.php HTTP/1.1" 200 7091 "http://utsems.net/prefs.php" "Mozilla/5.0 (Windows NT 6.1; WOW64) AppleWebKit/537.36 (KHTML, like Gecko) Chrome/35.0.1916.114 Safari/537.36"
122.106.159.61 - - [03/Nov/2014:02:57:11 +1100] "GET /viewPositions.php HTTP/1.1" 200 5770 "http://www.utsems.net/dashboardU.php" "Mozilla/5.0 (Windows NT 6.2; WOW64) AppleWebKit/537.36 (KHTML, like Gecko) Chrome/38.0.2125.111 Safari/537.36"
122.106.159.61 - - [03/Nov/2014:02:57:22 +1100] "GET /helpDirect.php HTTP/1.1" 200 - "http://www.utsems.net/viewPositions.php" "Mozilla/5.0 (Windows NT 6.2; WOW64) AppleWebKit/537.36 (KHTML, like Gecko) Chrome/38.0.2125.111 Safari/537.36"
123.243.94.196 - - [03/Nov/2014:02:57:24 +1100] "GET /prefs.php HTTP/1.1" 200 2216 "http://utsems.net/viewUsers.php" "Mozilla/5.0 (Windows NT 6.1; WOW64) AppleWebKit/537.36 (KHTML, like Gecko) Chrome/35.0.1916.114 Safari/537.36"
122.106.159.61 - - [03/Nov/2014:02:57:25 +1100] "GET /viewPositions.php HTTP/1.1" 200 5770 "http://www.utsems.net/dashboardU.php" "Mozilla/5.0 (Windows NT 6.2; WOW64) AppleWebKit/537.36 (KHTML, like Gecko) Chrome/38.0.2125.111 Safari/537.36"
123.243.94.196 - - [03/Nov/2014:02:57:25 +1100] "GET /viewEventsEM.php HTTP/1.1" 200 4305 "http://utsems.net/prefs.php" "Mozilla/5.0 (Windows NT 6.1; WOW64) AppleWebKit/537.36 (KHTML, like Gecko) Chrome/35.0.1916.114 Safari/537.36"
122.106.159.61 - - [03/Nov/2014:02:57:30 +1100] "GET /viewUsers.php HTTP/1.1" 200 7091 "http://www.utsems.net/dashboardEM.php" "Mozilla/5.0 (compatible; MSIE 10.0; Windows NT 6.2; WOW64; Trident/6.0; Touch; MAARJS)"
123.243.94.196 - - [03/Nov/2014:02:57:30 +1100] "POST /manageEvent.php HTTP/1.1" 200 2709 "http://utsems.net/viewEventsEM.php" "Mozilla/5.0 (Windows NT 6.1; WOW64) AppleWebKit/537.36 (KHTML, like Gecko) Chrome/35.0.1916.114 Safari/537.36"
122.106.159.61 - - [03/Nov/2014:02:57:33 +1100] "POST /addUserTypeProcess.php HTTP/1.1" 200 103 "http://www.utsems.net/viewUsers.php" "Mozilla/5.0 (compatible; MSIE 10.0; Windows NT 6.2; WOW64; Trident/6.0; Touch; MAARJS)"
122.106.159.61 - - [03/Nov/2014:02:57:34 +1100] "GET /addUserEM.php HTTP/1.1" 200 6806 "http://www.utsems.net/addUserTypeProcess.php" "Mozilla/5.0 (compatible; MSIE 10.0; Windows NT 6.2; WOW64; Trident/6.0; Touch; MAARJS)"
122.106.159.61 - - [03/Nov/2014:02:57:52 +1100] "GET /viewUsers.php HTTP/1.1" 200 7091 "http://www.utsems.net/addUserEM.php" "Mozilla/5.0 (compatible; MSIE 10.0; Windows NT 6.2; WOW64; Trident/6.0; Touch; MAARJS)"
122.106.159.61 - - [03/Nov/2014:02:58:00 +1100] "POST /addUserTypeProcess.php HTTP/1.1" 200 102 "http://www.utsems.net/viewUsers.php" "Mozilla/5.0 (compatible; MSIE 10.0; Windows NT 6.2; WOW64; Trident/6.0; Touch; MAARJS)"
122.106.159.61 - - [03/Nov/2014:02:58:00 +1100] "GET /addUserV.php HTTP/1.1" 200 7296 "http://www.utsems.net/addUserTypeProcess.php" "Mozilla/5.0 (compatible; MSIE 10.0; Windows NT 6.2; WOW64; Trident/6.0; Touch; MAARJS)"
122.106.159.61 - - [03/Nov/2014:02:58:11 +1100] "POST /newUserProcess.php HTTP/1.1" 200 717 "http://www.utsems.net/addUserV.php" "Mozilla/5.0 (compatible; MSIE 10.0; Windows NT 6.2; WOW64; Trident/6.0; Touch; MAARJS)"
122.106.159.61 - - [03/Nov/2014:02:58:13 +1100] "GET /viewUsers.php HTTP/1.1" 200 7224 "http://www.utsems.net/newUserProcess.php" "Mozilla/5.0 (compatible; MSIE 10.0; Windows NT 6.2; WOW64; Trident/6.0; Touch; MAARJS)"
122.106.159.61 - - [03/Nov/2014:02:58:19 +1100] "POST /updateUserTypeProcess.php HTTP/1.1" 302 - "http://www.utsems.net/viewUsers.php" "Mozilla/5.0 (compatible; MSIE 10.0; Windows NT 6.2; WOW64; Trident/6.0; Touch; MAARJS)"
122.106.159.61 - - [03/Nov/2014:02:58:19 +1100] "GET /updateUserV.php?u_ID=916022404 HTTP/1.1" 200 8723 "http://www.utsems.net/viewUsers.php" "Mozilla/5.0 (compatible; MSIE 10.0; Windows NT 6.2; WOW64; Trident/6.0; Touch; MAARJS)"
122.106.159.61 - - [03/Nov/2014:02:58:23 +1100] "POST /deleteUserProcess.php?duser_ID=916022404 HTTP/1.1" 200 765 "http://www.utsems.net/updateUserV.php?u_ID=916022404" "Mozilla/5.0 (compatible; MSIE 10.0; Windows NT 6.2; WOW64; Trident/6.0; Touch; MAARJS)"
122.106.159.61 - - [03/Nov/2014:02:58:25 +1100] "GET /viewUsers.php HTTP/1.1" 200 7091 "http://www.utsems.net/deleteUserProcess.php?duser_ID=916022404" "Mozilla/5.0 (compatible; MSIE 10.0; Windows NT 6.2; WOW64; Trident/6.0; Touch; MAARJS)"
122.106.159.61 - - [03/Nov/2014:02:58:29 +1100] "GET /dashboardEM.php HTTP/1.1" 200 2553 "http://www.utsems.net/viewUsers.php" "Mozilla/5.0 (compatible; MSIE 10.0; Windows NT 6.2; WOW64; Trident/6.0; Touch; MAARJS)"
122.106.159.61 - - [03/Nov/2014:02:58:33 +1100] "GET /viewEventsEM.php HTTP/1.1" 200 4305 "http://www.utsems.net/dashboardEM.php" "Mozilla/5.0 (compatible; MSIE 10.0; Windows NT 6.2; WOW64; Trident/6.0; Touch; MAARJS)"
122.106.159.61 - - [03/Nov/2014:02:58:38 +1100] "GET /viewUsers.php HTTP/1.1" 200 7091 "http://www.utsems.net/viewEventsEM.php" "Mozilla/5.0 (compatible; MSIE 10.0; Windows NT 6.2; WOW64; Trident/6.0; Touch; MAARJS)"
122.106.159.61 - - [03/Nov/2014:02:58:40 +1100] "GET /prefs.php HTTP/1.1" 200 2216 "http://www.utsems.net/viewUsers.php" "Mozilla/5.0 (compatible; MSIE 10.0; Windows NT 6.2; WOW64; Trident/6.0; Touch; MAARJS)"
122.106.159.61 - - [03/Nov/2014:02:58:42 +1100] "GET /viewUsers.php HTTP/1.1" 200 7091 "http://www.utsems.net/prefs.php" "Mozilla/5.0 (compatible; MSIE 10.0; Windows NT 6.2; WOW64; Trident/6.0; Touch; MAARJS)"
122.106.159.61 - - [03/Nov/2014:02:58:43 +1100] "GET /viewEventsEM.php HTTP/1.1" 200 4305 "http://www.utsems.net/viewUsers.php" "Mozilla/5.0 (compatible; MSIE 10.0; Windows NT 6.2; WOW64; Trident/6.0; Touch; MAARJS)"
122.106.159.61 - - [03/Nov/2014:02:58:44 +1100] "GET /dashboardEM.php HTTP/1.1" 200 2553 "http://www.utsems.net/viewEventsEM.php" "Mozilla/5.0 (compatible; MSIE 10.0; Windows NT 6.2; WOW64; Trident/6.0; Touch; MAARJS)"
122.106.159.61 - - [03/Nov/2014:02:58:46 +1100] "GET /helpDirect.php HTTP/1.1" 200 - "http://www.utsems.net/dashboardEM.php" "Mozilla/5.0 (compatible; MSIE 10.0; Windows NT 6.2; WOW64; Trident/6.0; Touch; MAARJS)"
122.106.159.61 - - [03/Nov/2014:02:58:48 +1100] "GET /dashboardEM.php HTTP/1.1" 200 2553 "http://www.utsems.net/viewEventsEM.php" "Mozilla/5.0 (compatible; MSIE 10.0; Windows NT 6.2; WOW64; Trident/6.0; Touch; MAARJS)"
122.106.159.61 - - [03/Nov/2014:02:58:50 +1100] "GET /helpDirect.php HTTP/1.1" 200 - "http://www.utsems.net/dashboardEM.php" "Mozilla/5.0 (compatible; MSIE 10.0; Windows NT 6.2; WOW64; Trident/6.0; Touch; MAARJS)"
123.243.94.196 - - [03/Nov/2014:03:00:20 +1100] "GET /dashboardEM.php HTTP/1.1" 200 1546 "http://utsems.net/manageEvent.php" "Mozilla/5.0 (Windows NT 6.1; WOW64) AppleWebKit/537.36 (KHTML, like Gecko) Chrome/35.0.1916.114 Safari/537.36"
123.243.94.196 - - [03/Nov/2014:03:00:21 +1100] "GET /viewEventsEM.php HTTP/1.1" 200 4305 "http://utsems.net/dashboardEM.php" "Mozilla/5.0 (Windows NT 6.1; WOW64) AppleWebKit/537.36 (KHTML, like Gecko) Chrome/35.0.1916.114 Safari/537.36"
123.243.94.196 - - [03/Nov/2014:03:00:23 +1100] "POST /manageEvent.php HTTP/1.1" 200 3434 "http://utsems.net/viewEventsEM.php" "Mozilla/5.0 (Windows NT 6.1; WOW64) AppleWebKit/537.36 (KHTML, like Gecko) Chrome/35.0.1916.114 Safari/537.36"
123.243.94.196 - - [03/Nov/2014:03:00:50 +1100] "GET /viewUsers.php HTTP/1.1" 200 7091 "http://utsems.net/manageEvent.php" "Mozilla/5.0 (Windows NT 6.1; WOW64) AppleWebKit/537.36 (KHTML, like Gecko) Chrome/35.0.1916.114 Safari/537.36"
123.243.94.196 - - [03/Nov/2014:03:00:50 +1100] "GET /buttons.css HTTP/1.1" 304 - "http://utsems.net/viewUsers.php" "Mozilla/5.0 (Windows NT 6.1; WOW64) AppleWebKit/537.36 (KHTML, like Gecko) Chrome/35.0.1916.114 Safari/537.36"
123.243.94.196 - - [03/Nov/2014:03:00:51 +1100] "GET /dashboardEM.php HTTP/1.1" 200 1546 "http://utsems.net/viewUsers.php" "Mozilla/5.0 (Windows NT 6.1; WOW64) AppleWebKit/537.36 (KHTML, like Gecko) Chrome/35.0.1916.114 Safari/537.36"
123.243.94.196 - - [03/Nov/2014:03:00:53 +1100] "GET /logout.php HTTP/1.1" 200 134 "http://utsems.net/dashboardEM.php" "Mozilla/5.0 (Windows NT 6.1; WOW64) AppleWebKit/537.36 (KHTML, like Gecko) Chrome/35.0.1916.114 Safari/537.36"
123.243.94.196 - - [03/Nov/2014:03:00:53 +1100] "GET /index.php HTTP/1.1" 200 1143 "http://utsems.net/logout.php" "Mozilla/5.0 (Windows NT 6.1; WOW64) AppleWebKit/537.36 (KHTML, like Gecko) Chrome/35.0.1916.114 Safari/537.36"
123.243.94.196 - - [03/Nov/2014:03:01:01 +1100] "POST /loginProcess.php HTTP/1.1" 200 206 "http://utsems.net/index.php" "Mozilla/5.0 (Windows NT 6.1; WOW64) AppleWebKit/537.36 (KHTML, like Gecko) Chrome/35.0.1916.114 Safari/537.36"
123.243.94.196 - - [03/Nov/2014:03:01:02 +1100] "GET /index.php HTTP/1.1" 200 1143 "http://utsems.net/loginProcess.php" "Mozilla/5.0 (Windows NT 6.1; WOW64) AppleWebKit/537.36 (KHTML, like Gecko) Chrome/35.0.1916.114 Safari/537.36"
123.243.94.196 - - [03/Nov/2014:03:01:11 +1100] "POST /loginProcess.php HTTP/1.1" 200 100 "http://utsems.net/index.php" "Mozilla/5.0 (Windows NT 6.1; WOW64) AppleWebKit/537.36 (KHTML, like Gecko) Chrome/35.0.1916.114 Safari/537.36"
123.243.94.196 - - [03/Nov/2014:03:01:11 +1100] "GET /userAuthenticated.php HTTP/1.1" 200 145 "http://utsems.net/loginProcess.php" "Mozilla/5.0 (Windows NT 6.1; WOW64) AppleWebKit/537.36 (KHTML, like Gecko) Chrome/35.0.1916.114 Safari/537.36"
123.243.94.196 - - [03/Nov/2014:03:01:11 +1100] "GET /viewEventsEM.php HTTP/1.1" 200 1982 "http://utsems.net/userAuthenticated.php" "Mozilla/5.0 (Windows NT 6.1; WOW64) AppleWebKit/537.36 (KHTML, like Gecko) Chrome/35.0.1916.114 Safari/537.36"
123.243.94.196 - - [03/Nov/2014:03:01:14 +1100] "GET /viewEventsEM.php HTTP/1.1" 200 1982 "http://utsems.net/viewEventsEM.php" "Mozilla/5.0 (Windows NT 6.1; WOW64) AppleWebKit/537.36 (KHTML, like Gecko) Chrome/35.0.1916.114 Safari/537.36"
123.243.94.196 - - [03/Nov/2014:03:01:15 +1100] "GET /prefs.php HTTP/1.1" 200 2218 "http://utsems.net/viewEventsEM.php" "Mozilla/5.0 (Windows NT 6.1; WOW64) AppleWebKit/537.36 (KHTML, like Gecko) Chrome/35.0.1916.114 Safari/537.36"
123.243.94.196 - - [03/Nov/2014:03:01:32 +1100] "GET /viewUsers.php HTTP/1.1" 200 5796 "http://utsems.net/prefs.php" "Mozilla/5.0 (Windows NT 6.1; WOW64) AppleWebKit/537.36 (KHTML, like Gecko) Chrome/35.0.1916.114 Safari/537.36"
123.243.94.196 - - [03/Nov/2014:03:01:35 +1100] "GET /viewEventsEM.php HTTP/1.1" 200 1982 "http://utsems.net/viewUsers.php" "Mozilla/5.0 (Windows NT 6.1; WOW64) AppleWebKit/537.36 (KHTML, like Gecko) Chrome/35.0.1916.114 Safari/537.36"
123.243.94.196 - - [03/Nov/2014:03:01:37 +1100] "GET /dashboardEM.php HTTP/1.1" 200 1689 "http://utsems.net/viewEventsEM.php" "Mozilla/5.0 (Windows NT 6.1; WOW64) AppleWebKit/537.36 (KHTML, like Gecko) Chrome/35.0.1916.114 Safari/537.36"
123.243.94.196 - - [03/Nov/2014:03:01:38 +1100] "GET /viewEventsEM.php HTTP/1.1" 200 1982 "http://utsems.net/dashboardEM.php" "Mozilla/5.0 (Windows NT 6.1; WOW64) AppleWebKit/537.36 (KHTML, like Gecko) Chrome/35.0.1916.114 Safari/537.36"
123.243.94.196 - - [03/Nov/2014:03:01:53 +1100] "GET /viewUsers.php HTTP/1.1" 200 5796 "http://utsems.net/viewEventsEM.php" "Mozilla/5.0 (Windows NT 6.1; WOW64) AppleWebKit/537.36 (KHTML, like Gecko) Chrome/35.0.1916.114 Safari/537.36"
70.39.187.72 - - [03/Nov/2014:03:03:42 +1100] "GET / HTTP/1.1" 200 1143 "-" "Mozilla/5.0 (iPhone; CPU iPhone OS 8_1 like Mac OS X; zh-CN) AppleWebKit/537.51.1 (KHTML, like Gecko) Mobile/12B411 UCBrowser/10.0.5.508 Mobile"
70.39.187.72 - - [03/Nov/2014:03:03:42 +1100] "GET /index.css HTTP/1.1" 200 398 "http://utsems.net/" "Mozilla/5.0 (iPhone; CPU iPhone OS 8_1 like Mac OS X; zh-CN) AppleWebKit/537.51.1 (KHTML, like Gecko) Mobile/12B411 UCBrowser/10.0.5.508 Mobile"
70.39.187.72 - - [03/Nov/2014:03:03:42 +1100] "GET /loginform.css HTTP/1.1" 200 2387 "http://utsems.net/" "Mozilla/5.0 (iPhone; CPU iPhone OS 8_1 like Mac OS X; zh-CN) AppleWebKit/537.51.1 (KHTML, like Gecko) Mobile/12B411 UCBrowser/10.0.5.508 Mobile"
122.106.159.61 - - [03/Nov/2014:03:03:47 +1100] "GET /viewPositions.php HTTP/1.1" 200 5770 "http://www.utsems.net/dashboardU.php" "Mozilla/5.0 (Windows NT 6.2; WOW64) AppleWebKit/537.36 (KHTML, like Gecko) Chrome/38.0.2125.111 Safari/537.36"
122.106.159.61 - - [03/Nov/2014:03:03:47 +1100] "GET /buttons.css HTTP/1.1" 304 - "http://www.utsems.net/viewPositions.php" "Mozilla/5.0 (Windows NT 6.2; WOW64) AppleWebKit/537.36 (KHTML, like Gecko) Chrome/38.0.2125.111 Safari/537.36"
123.243.94.196 - - [03/Nov/2014:03:03:48 +1100] "GET /index.css HTTP/1.1" 200 398 "http://utsems.net/" "Mozilla/5.0 (iPhone; CPU iPhone OS 8_1 like Mac OS X; zh-CN) AppleWebKit/537.51.1 (KHTML, like Gecko) Mobile/12B411 UCBrowser/10.0.5.508 Mobile"
123.243.94.196 - - [03/Nov/2014:03:03:48 +1100] "GET /loginform.css HTTP/1.1" 200 2387 "http://utsems.net/" "Mozilla/5.0 (iPhone; CPU iPhone OS 8_1 like Mac OS X; zh-CN) AppleWebKit/537.51.1 (KHTML, like Gecko) Mobile/12B411 UCBrowser/10.0.5.508 Mobile"
123.243.94.196 - - [03/Nov/2014:03:03:48 +1100] "GET /favicon.ico HTTP/1.1" 404 - "-" "Mozilla/5.0 (iPhone; CPU iPhone OS 8_1 like Mac OS X; zh-CN) AppleWebKit/537.51.1 (KHTML, like Gecko) Mobile/12B411 UCBrowser/10.0.5.508 Mobile"
122.106.159.61 - - [03/Nov/2014:03:03:50 +1100] "GET /logout.php HTTP/1.1" 200 134 "http://www.utsems.net/viewPositions.php" "Mozilla/5.0 (Windows NT 6.2; WOW64) AppleWebKit/537.36 (KHTML, like Gecko) Chrome/38.0.2125.111 Safari/537.36"
122.106.159.61 - - [03/Nov/2014:03:03:50 +1100] "GET /index.php HTTP/1.1" 200 1143 "http://www.utsems.net/logout.php" "Mozilla/5.0 (Windows NT 6.2; WOW64) AppleWebKit/537.36 (KHTML, like Gecko) Chrome/38.0.2125.111 Safari/537.36"
122.106.159.61 - - [03/Nov/2014:03:03:55 +1100] "POST /loginProcess.php HTTP/1.1" 200 100 "http://www.utsems.net/index.php" "Mozilla/5.0 (Windows NT 6.2; WOW64) AppleWebKit/537.36 (KHTML, like Gecko) Chrome/38.0.2125.111 Safari/537.36"
122.106.159.61 - - [03/Nov/2014:03:03:55 +1100] "GET /userAuthenticated.php HTTP/1.1" 200 151 "http://www.utsems.net/loginProcess.php" "Mozilla/5.0 (Windows NT 6.2; WOW64) AppleWebKit/537.36 (KHTML, like Gecko) Chrome/38.0.2125.111 Safari/537.36"
122.106.159.61 - - [03/Nov/2014:03:03:55 +1100] "GET /viewPositions.php HTTP/1.1" 200 5770 "http://www.utsems.net/userAuthenticated.php" "Mozilla/5.0 (Windows NT 6.2; WOW64) AppleWebKit/537.36 (KHTML, like Gecko) Chrome/38.0.2125.111 Safari/537.36"
122.106.159.61 - - [03/Nov/2014:03:03:57 +1100] "GET /helpDirect.php HTTP/1.1" 200 - "http://www.utsems.net/viewPositions.php" "Mozilla/5.0 (Windows NT 6.2; WOW64) AppleWebKit/537.36 (KHTML, like Gecko) Chrome/38.0.2125.111 Safari/537.36"
122.106.159.61 - - [03/Nov/2014:03:04:03 +1100] "GET /viewPositions.php HTTP/1.1" 200 5770 "http://www.utsems.net/userAuthenticated.php" "Mozilla/5.0 (Windows NT 6.2; WOW64) AppleWebKit/537.36 (KHTML, like Gecko) Chrome/38.0.2125.111 Safari/537.36"
123.243.94.196 - - [03/Nov/2014:03:04:12 +1100] "POST /loginProcess.php HTTP/1.1" 200 100 "http://utsems.net/" "Mozilla/5.0 (iPhone; CPU iPhone OS 8_1 like Mac OS X; zh-CN) AppleWebKit/537.51.1 (KHTML, like Gecko) Mobile/12B411 UCBrowser/10.0.5.508 Mobile"
123.243.94.196 - - [03/Nov/2014:03:04:13 +1100] "GET /userAuthenticated.php HTTP/1.1" 200 145 "http://utsems.net/loginProcess.php" "Mozilla/5.0 (iPhone; CPU iPhone OS 8_1 like Mac OS X; zh-CN) AppleWebKit/537.51.1 (KHTML, like Gecko) Mobile/12B411 UCBrowser/10.0.5.508 Mobile"
123.243.94.196 - - [03/Nov/2014:03:04:13 +1100] "GET /viewEventsEM.php HTTP/1.1" 200 4305 "http://utsems.net/userAuthenticated.php" "Mozilla/5.0 (iPhone; CPU iPhone OS 8_1 like Mac OS X; zh-CN) AppleWebKit/537.51.1 (KHTML, like Gecko) Mobile/12B411 UCBrowser/10.0.5.508 Mobile"
123.243.94.196 - - [03/Nov/2014:03:04:13 +1100] "GET /buttons.css HTTP/1.1" 200 19529 "http://utsems.net/viewEventsEM.php" "Mozilla/5.0 (iPhone; CPU iPhone OS 8_1 like Mac OS X; zh-CN) AppleWebKit/537.51.1 (KHTML, like Gecko) Mobile/12B411 UCBrowser/10.0.5.508 Mobile"
122.106.159.61 - - [03/Nov/2014:03:04:40 +1100] "GET /logout.php HTTP/1.1" 200 134 "http://www.utsems.net/viewPositions.php" "Mozilla/5.0 (Windows NT 6.2; WOW64) AppleWebKit/537.36 (KHTML, like Gecko) Chrome/38.0.2125.111 Safari/537.36"
122.106.159.61 - - [03/Nov/2014:03:04:40 +1100] "GET /index.php HTTP/1.1" 200 1143 "http://www.utsems.net/logout.php" "Mozilla/5.0 (Windows NT 6.2; WOW64) AppleWebKit/537.36 (KHTML, like Gecko) Chrome/38.0.2125.111 Safari/537.36"
122.106.159.61 - - [03/Nov/2014:03:04:41 +1100] "POST /loginProcess.php HTTP/1.1" 200 100 "http://www.utsems.net/index.php" "Mozilla/5.0 (Windows NT 6.2; WOW64) AppleWebKit/537.36 (KHTML, like Gecko) Chrome/38.0.2125.111 Safari/537.36"
122.106.159.61 - - [03/Nov/2014:03:04:41 +1100] "GET /userAuthenticated.php HTTP/1.1" 200 151 "http://www.utsems.net/loginProcess.php" "Mozilla/5.0 (Windows NT 6.2; WOW64) AppleWebKit/537.36 (KHTML, like Gecko) Chrome/38.0.2125.111 Safari/537.36"
122.106.159.61 - - [03/Nov/2014:03:04:41 +1100] "GET /viewPositions.php HTTP/1.1" 200 5786 "http://www.utsems.net/userAuthenticated.php" "Mozilla/5.0 (Windows NT 6.2; WOW64) AppleWebKit/537.36 (KHTML, like Gecko) Chrome/38.0.2125.111 Safari/537.36"
122.106.159.61 - - [03/Nov/2014:03:04:43 +1100] "GET /helpDirect.php HTTP/1.1" 200 - "http://www.utsems.net/viewPositions.php" "Mozilla/5.0 (Windows NT 6.2; WOW64) AppleWebKit/537.36 (KHTML, like Gecko) Chrome/38.0.2125.111 Safari/537.36"
123.243.94.196 - - [03/Nov/2014:03:05:44 +1100] "GET /viewUsers.php HTTP/1.1" 200 7091 "http://utsems.net/viewEventsEM.php" "Mozilla/5.0 (iPhone; CPU iPhone OS 8_1 like Mac OS X; zh-CN) AppleWebKit/537.51.1 (KHTML, like Gecko) Mobile/12B411 UCBrowser/10.0.5.508 Mobile"
123.243.94.196 - - [03/Nov/2014:03:05:46 +1100] "GET /prefs.php HTTP/1.1" 200 2216 "http://utsems.net/viewEventsEM.php" "Mozilla/5.0 (iPhone; CPU iPhone OS 8_1 like Mac OS X; zh-CN) AppleWebKit/537.51.1 (KHTML, like Gecko) Mobile/12B411 UCBrowser/10.0.5.508 Mobile"
123.243.94.196 - - [03/Nov/2014:03:05:46 +1100] "GET /form.css HTTP/1.1" 200 1586 "http://utsems.net/prefs.php" "Mozilla/5.0 (iPhone; CPU iPhone OS 8_1 like Mac OS X; zh-CN) AppleWebKit/537.51.1 (KHTML, like Gecko) Mobile/12B411 UCBrowser/10.0.5.508 Mobile"
123.243.94.196 - - [03/Nov/2014:03:12:02 +1100] "POST /loginProcess.php HTTP/1.1" 200 100 "http://utsems.net/index.php" "Mozilla/5.0 (Windows NT 6.1; WOW64; rv:30.0) Gecko/20100101 Firefox/30.0"
123.243.94.196 - - [03/Nov/2014:03:12:02 +1100] "GET /userAuthenticated.php HTTP/1.1" 200 151 "http://utsems.net/loginProcess.php" "Mozilla/5.0 (Windows NT 6.1; WOW64; rv:30.0) Gecko/20100101 Firefox/30.0"
123.243.94.196 - - [03/Nov/2014:03:12:02 +1100] "GET /viewPositions.php HTTP/1.1" 200 5362 "http://utsems.net/userAuthenticated.php" "Mozilla/5.0 (Windows NT 6.1; WOW64; rv:30.0) Gecko/20100101 Firefox/30.0"
123.243.94.196 - - [03/Nov/2014:03:12:02 +1100] "GET /buttons.css HTTP/1.1" 304 - "http://utsems.net/viewPositions.php" "Mozilla/5.0 (Windows NT 6.1; WOW64; rv:30.0) Gecko/20100101 Firefox/30.0"
122.106.159.61 - - [03/Nov/2014:03:12:50 +1100] "GET /helpDirect.php HTTP/1.1" 302 - "http://www.utsems.net/viewPositions.php" "Mozilla/5.0 (Windows NT 6.2; WOW64) AppleWebKit/537.36 (KHTML, like Gecko) Chrome/38.0.2125.111 Safari/537.36"
123.243.94.196 - - [03/Nov/2014:03:13:56 +1100] "POST /loginProcess.php HTTP/1.1" 200 100 "http://utsems.net/" "Mozilla/5.0 (Windows NT 6.1; WOW64) AppleWebKit/537.36 (KHTML, like Gecko) Chrome/30.0.1599.101 Safari/537.36"
123.243.94.196 - - [03/Nov/2014:03:13:56 +1100] "GET /userAuthenticated.php HTTP/1.1" 200 145 "http://utsems.net/loginProcess.php" "Mozilla/5.0 (Windows NT 6.1; WOW64) AppleWebKit/537.36 (KHTML, like Gecko) Chrome/30.0.1599.101 Safari/537.36"
123.243.94.196 - - [03/Nov/2014:03:13:56 +1100] "GET /viewEventsEM.php HTTP/1.1" 200 4321 "http://utsems.net/userAuthenticated.php" "Mozilla/5.0 (Windows NT 6.1; WOW64) AppleWebKit/537.36 (KHTML, like Gecko) Chrome/30.0.1599.101 Safari/537.36"
123.243.94.196 - - [03/Nov/2014:03:13:56 +1100] "GET /buttons.css HTTP/1.1" 200 19529 "http://utsems.net/viewEventsEM.php" "Mozilla/5.0 (Windows NT 6.1; WOW64) AppleWebKit/537.36 (KHTML, like Gecko) Chrome/30.0.1599.101 Safari/537.36"
123.243.94.196 - - [03/Nov/2014:03:13:58 +1100] "GET /prefs.php HTTP/1.1" 200 2232 "http://utsems.net/viewEventsEM.php" "Mozilla/5.0 (Windows NT 6.1; WOW64) AppleWebKit/537.36 (KHTML, like Gecko) Chrome/30.0.1599.101 Safari/537.36"
123.243.94.196 - - [03/Nov/2014:03:14:00 +1100] "GET /viewEventsEM.php HTTP/1.1" 200 4321 "http://utsems.net/viewEventsEM.php" "Mozilla/5.0 (Windows NT 6.1; WOW64) AppleWebKit/537.36 (KHTML, like Gecko) Chrome/30.0.1599.101 Safari/537.36"
123.243.94.196 - - [03/Nov/2014:03:14:02 +1100] "GET /dashboardEM.php HTTP/1.1" 200 1562 "http://utsems.net/viewEventsEM.php" "Mozilla/5.0 (Windows NT 6.1; WOW64) AppleWebKit/537.36 (KHTML, like Gecko) Chrome/30.0.1599.101 Safari/537.36"
123.243.94.196 - - [03/Nov/2014:03:14:02 +1100] "GET /dashboardEM.php HTTP/1.1" 200 1562 "http://utsems.net/viewEventsEM.php" "Mozilla/5.0 (Windows NT 6.1; WOW64) AppleWebKit/537.36 (KHTML, like Gecko) Chrome/30.0.1599.101 Safari/537.36"
123.243.94.196 - - [03/Nov/2014:03:14:03 +1100] "GET /viewEventsEM.php HTTP/1.1" 200 4321 "http://utsems.net/dashboardEM.php" "Mozilla/5.0 (Windows NT 6.1; WOW64) AppleWebKit/537.36 (KHTML, like Gecko) Chrome/30.0.1599.101 Safari/537.36"
123.243.94.196 - - [03/Nov/2014:03:14:10 +1100] "POST /manageEvent.php HTTP/1.1" 200 2738 "http://utsems.net/viewEventsEM.php" "Mozilla/5.0 (Windows NT 6.1; WOW64) AppleWebKit/537.36 (KHTML, like Gecko) Chrome/30.0.1599.101 Safari/537.36"
122.106.159.61 - - [03/Nov/2014:03:15:41 +1100] "GET /viewPositions.php HTTP/1.1" 200 5786 "http://utsems.wikia.com/wiki/Login" "Mozilla/5.0 (Windows NT 6.2; WOW64) AppleWebKit/537.36 (KHTML, like Gecko) Chrome/38.0.2125.111 Safari/537.36"
122.106.159.61 - - [03/Nov/2014:03:15:41 +1100] "GET /buttons.css HTTP/1.1" 304 - "http://www.utsems.net/viewPositions.php" "Mozilla/5.0 (Windows NT 6.2; WOW64) AppleWebKit/537.36 (KHTML, like Gecko) Chrome/38.0.2125.111 Safari/537.36"
123.243.82.58 - - [03/Nov/2014:03:17:03 +1100] "GET / HTTP/1.1" 200 1143 "-" "Mozilla/5.0 (Linux; Android 4.4.2; en-au; SAMSUNG GT-I9506 Build/KOT49H) AppleWebKit/537.36 (KHTML, like Gecko) Version/1.5 Chrome/28.0.1500.94 Mobile Safari/537.36"
123.243.82.58 - - [03/Nov/2014:03:17:03 +1100] "GET /index.css HTTP/1.1" 200 398 "http://utsems.net/" "Mozilla/5.0 (Linux; Android 4.4.2; en-au; SAMSUNG GT-I9506 Build/KOT49H) AppleWebKit/537.36 (KHTML, like Gecko) Version/1.5 Chrome/28.0.1500.94 Mobile Safari/537.36"
123.243.82.58 - - [03/Nov/2014:03:17:03 +1100] "GET /loginform.css HTTP/1.1" 200 2387 "http://utsems.net/" "Mozilla/5.0 (Linux; Android 4.4.2; en-au; SAMSUNG GT-I9506 Build/KOT49H) AppleWebKit/537.36 (KHTML, like Gecko) Version/1.5 Chrome/28.0.1500.94 Mobile Safari/537.36"
123.243.82.58 - - [03/Nov/2014:03:17:03 +1100] "GET /favicon.ico HTTP/1.1" 404 - "-" "Mozilla/5.0 (Linux; Android 4.4.2; en-au; SAMSUNG GT-I9506 Build/KOT49H) AppleWebKit/537.36 (KHTML, like Gecko) Version/1.5 Chrome/28.0.1500.94 Mobile Safari/537.36"
123.243.82.58 - - [03/Nov/2014:03:17:20 +1100] "POST /loginProcess.php HTTP/1.1" 200 206 "http://utsems.net/" "Mozilla/5.0 (Linux; Android 4.4.2; en-au; SAMSUNG GT-I9506 Build/KOT49H) AppleWebKit/537.36 (KHTML, like Gecko) Version/1.5 Chrome/28.0.1500.94 Mobile Safari/537.36"
123.243.82.58 - - [03/Nov/2014:03:17:21 +1100] "GET /index.php HTTP/1.1" 200 1143 "http://utsems.net/loginProcess.php" "Mozilla/5.0 (Linux; Android 4.4.2; en-au; SAMSUNG GT-I9506 Build/KOT49H) AppleWebKit/537.36 (KHTML, like Gecko) Version/1.5 Chrome/28.0.1500.94 Mobile Safari/537.36"
123.243.82.58 - - [03/Nov/2014:03:17:21 +1100] "GET /favicon.ico HTTP/1.1" 404 - "-" "Mozilla/5.0 (Linux; Android 4.4.2; en-au; SAMSUNG GT-I9506 Build/KOT49H) AppleWebKit/537.36 (KHTML, like Gecko) Version/1.5 Chrome/28.0.1500.94 Mobile Safari/537.36"
123.243.82.58 - - [03/Nov/2014:03:17:21 +1100] "GET /favicon.ico HTTP/1.1" 404 - "-" "Mozilla/5.0 (Linux; Android 4.4.2; en-au; SAMSUNG GT-I9506 Build/KOT49H) AppleWebKit/537.36 (KHTML, like Gecko) Version/1.5 Chrome/28.0.1500.94 Mobile Safari/537.36"
123.243.82.58 - - [03/Nov/2014:03:17:33 +1100] "POST /loginProcess.php HTTP/1.1" 200 100 "http://utsems.net/index.php" "Mozilla/5.0 (Linux; Android 4.4.2; en-au; SAMSUNG GT-I9506 Build/KOT49H) AppleWebKit/537.36 (KHTML, like Gecko) Version/1.5 Chrome/28.0.1500.94 Mobile Safari/537.36"
123.243.82.58 - - [03/Nov/2014:03:17:33 +1100] "GET /userAuthenticated.php HTTP/1.1" 200 151 "http://utsems.net/loginProcess.php" "Mozilla/5.0 (Linux; Android 4.4.2; en-au; SAMSUNG GT-I9506 Build/KOT49H) AppleWebKit/537.36 (KHTML, like Gecko) Version/1.5 Chrome/28.0.1500.94 Mobile Safari/537.36"
123.243.82.58 - - [03/Nov/2014:03:17:33 +1100] "GET /favicon.ico HTTP/1.1" 404 - "-" "Mozilla/5.0 (Linux; Android 4.4.2; en-au; SAMSUNG GT-I9506 Build/KOT49H) AppleWebKit/537.36 (KHTML, like Gecko) Version/1.5 Chrome/28.0.1500.94 Mobile Safari/537.36"
123.243.82.58 - - [03/Nov/2014:03:17:33 +1100] "GET /viewPositions.php HTTP/1.1" 200 5355 "http://utsems.net/userAuthenticated.php" "Mozilla/5.0 (Linux; Android 4.4.2; en-au; SAMSUNG GT-I9506 Build/KOT49H) AppleWebKit/537.36 (KHTML, like Gecko) Version/1.5 Chrome/28.0.1500.94 Mobile Safari/537.36"
123.243.82.58 - - [03/Nov/2014:03:17:33 +1100] "GET /favicon.ico HTTP/1.1" 404 - "-" "Mozilla/5.0 (Linux; Android 4.4.2; en-au; SAMSUNG GT-I9506 Build/KOT49H) AppleWebKit/537.36 (KHTML, like Gecko) Version/1.5 Chrome/28.0.1500.94 Mobile Safari/537.36"
123.243.82.58 - - [03/Nov/2014:03:17:33 +1100] "GET /buttons.css HTTP/1.1" 200 19529 "http://utsems.net/viewPositions.php" "Mozilla/5.0 (Linux; Android 4.4.2; en-au; SAMSUNG GT-I9506 Build/KOT49H) AppleWebKit/537.36 (KHTML, like Gecko) Version/1.5 Chrome/28.0.1500.94 Mobile Safari/537.36"
123.243.82.58 - - [03/Nov/2014:03:17:34 +1100] "GET /favicon.ico HTTP/1.1" 404 - "-" "Mozilla/5.0 (Linux; Android 4.4.2; en-au; SAMSUNG GT-I9506 Build/KOT49H) AppleWebKit/537.36 (KHTML, like Gecko) Version/1.5 Chrome/28.0.1500.94 Mobile Safari/537.36"
123.243.94.196 - - [03/Nov/2014:03:17:39 +1100] "GET /helpDirect.php HTTP/1.1" 302 - "http://utsems.net/manageEvent.php" "Mozilla/5.0 (Windows NT 6.1; WOW64) AppleWebKit/537.36 (KHTML, like Gecko) Chrome/30.0.1599.101 Safari/537.36"
123.243.94.196 - - [03/Nov/2014:03:19:37 +1100] "GET /viewPositions.php HTTP/1.1" 200 5362 "http://utsems.net/viewPositions.php" "Mozilla/5.0 (Windows NT 6.1; WOW64; rv:30.0) Gecko/20100101 Firefox/30.0"
123.243.94.196 - - [03/Nov/2014:03:19:37 +1100] "GET /buttons.css HTTP/1.1" 304 - "http://utsems.net/viewPositions.php" "Mozilla/5.0 (Windows NT 6.1; WOW64; rv:30.0) Gecko/20100101 Firefox/30.0"
123.243.94.196 - - [03/Nov/2014:03:19:44 +1100] "GET /dashboardU.php HTTP/1.1" 200 2118 "http://utsems.net/viewPositions.php" "Mozilla/5.0 (Windows NT 6.1; WOW64; rv:30.0) Gecko/20100101 Firefox/30.0"
122.106.159.61 - - [03/Nov/2014:03:19:51 +1100] "GET /logout.php HTTP/1.1" 200 134 "http://www.utsems.net/viewPositions.php" "Mozilla/5.0 (Windows NT 6.2; WOW64) AppleWebKit/537.36 (KHTML, like Gecko) Chrome/38.0.2125.111 Safari/537.36"
