114.76.232.57 - - [02/Nov/2014:23:32:59 +1100] "GET /resources/demos/style.css HTTP/1.1" 404 - "http://utsems.net/addActivities.php?e_ID=7&n=semi%20test&d=test%20of%20a%20test&du=1&pr=0&sd=2014-10-31&ed=2014-10-31&st=10:00:00&et=11:00:00&rq=2&m=Invalid%20Start%20Date%20Entered!" "Mozilla/5.0 (Macintosh; Intel Mac OS X 10_10) AppleWebKit/600.1.25 (KHTML, like Gecko) Version/8.0 Safari/600.1.25"
123.243.82.58 - - [02/Nov/2014:23:33:19 +1100] "GET /viewUsers.php HTTP/1.1" 200 6777 "http://utsems.net/updateEventV.php?e_ID=12" "Mozilla/5.0 (Windows NT 6.2; WOW64) AppleWebKit/537.36 (KHTML, like Gecko) Chrome/38.0.2125.111 Safari/537.36"
123.243.82.58 - - [02/Nov/2014:23:33:19 +1100] "GET /buttons.css HTTP/1.1" 304 - "http://utsems.net/viewUsers.php" "Mozilla/5.0 (Windows NT 6.2; WOW64) AppleWebKit/537.36 (KHTML, like Gecko) Chrome/38.0.2125.111 Safari/537.36"
114.76.232.57 - - [02/Nov/2014:23:33:34 +1100] "POST /newActivityProcess.php?e_ID=7 HTTP/1.1" 200 703 "http://utsems.net/addActivities.php?e_ID=7&n=semi%20test&d=test%20of%20a%20test&du=1&pr=0&sd=2014-10-31&ed=2014-10-31&st=10:00:00&et=11:00:00&rq=2&m=Invalid%20Start%20Date%20Entered!" "Mozilla/5.0 (Macintosh; Intel Mac OS X 10_10) AppleWebKit/600.1.25 (KHTML, like Gecko) Version/8.0 Safari/600.1.25"
114.76.232.57 - - [02/Nov/2014:23:33:37 +1100] "POST /newActivityProcess.php?e_ID=7 HTTP/1.1" 200 703 "http://utsems.net/addActivities.php?e_ID=7&n=semi%20test&d=test%20of%20a%20test&du=1&pr=0&sd=2014-10-31&ed=2014-10-31&st=10:00:00&et=11:00:00&rq=2&m=Invalid%20Start%20Date%20Entered!" "Mozilla/5.0 (Macintosh; Intel Mac OS X 10_10) AppleWebKit/600.1.25 (KHTML, like Gecko) Version/8.0 Safari/600.1.25"
123.243.82.58 - - [02/Nov/2014:23:33:39 +1100] "POST /updateUserTypeProcess.php HTTP/1.1" 302 - "http://utsems.net/viewUsers.php" "Mozilla/5.0 (Windows NT 6.2; WOW64) AppleWebKit/537.36 (KHTML, like Gecko) Chrome/38.0.2125.111 Safari/537.36"
123.243.82.58 - - [02/Nov/2014:23:33:39 +1100] "GET /updateUserV.php?u_ID=101202 HTTP/1.1" 200 8661 "http://utsems.net/viewUsers.php" "Mozilla/5.0 (Windows NT 6.2; WOW64) AppleWebKit/537.36 (KHTML, like Gecko) Chrome/38.0.2125.111 Safari/537.36"
114.76.232.57 - - [02/Nov/2014:23:33:48 +1100] "GET /addActivities.php?e_ID=7&n=semi%20test&d=test%20of%20a%20test&du=1&pr=0&sd=2014-10-31&ed=2014-10-31&st=12:00:00&et=13:00:00&rq=2&m=Invalid%20Start%20Date%20Entered! HTTP/1.1" 200 7306 "http://utsems.net/newActivityProcess.php?e_ID=7" "Mozilla/5.0 (Macintosh; Intel Mac OS X 10_10) AppleWebKit/600.1.25 (KHTML, like Gecko) Version/8.0 Safari/600.1.25"
114.76.232.57 - - [02/Nov/2014:23:33:48 +1100] "GET /resources/demos/style.css HTTP/1.1" 404 - "http://utsems.net/addActivities.php?e_ID=7&n=semi%20test&d=test%20of%20a%20test&du=1&pr=0&sd=2014-10-31&ed=2014-10-31&st=12:00:00&et=13:00:00&rq=2&m=Invalid%20Start%20Date%20Entered!" "Mozilla/5.0 (Macintosh; Intel Mac OS X 10_10) AppleWebKit/600.1.25 (KHTML, like Gecko) Version/8.0 Safari/600.1.25"
123.243.82.58 - - [02/Nov/2014:23:34:06 +1100] "GET /viewPositions.php HTTP/1.1" 200 4972 "http://utsems.net/viewVolunteerActivityDetails.php?a_ID=43" "Mozilla/5.0 (compatible; MSIE 10.0; Windows NT 6.2; WOW64; Trident/6.0; ASU2JS)"
123.243.82.58 - - [02/Nov/2014:23:34:09 +1100] "GET /dashboardU.php HTTP/1.1" 200 1525 "http://utsems.net/viewPositions.php" "Mozilla/5.0 (compatible; MSIE 10.0; Windows NT 6.2; WOW64; Trident/6.0; ASU2JS)"
123.243.82.58 - - [02/Nov/2014:23:34:11 +1100] "GET /viewPositions.php HTTP/1.1" 200 4972 "http://utsems.net/dashboardU.php" "Mozilla/5.0 (compatible; MSIE 10.0; Windows NT 6.2; WOW64; Trident/6.0; ASU2JS)"
123.243.94.196 - - [02/Nov/2014:23:35:28 +1100] "GET /viewEventsEM.php HTTP/1.1" 200 1949 "http://utsems.net/manageActivity.php" "Mozilla/5.0 (Windows NT 6.1; WOW64) AppleWebKit/537.36 (KHTML, like Gecko) Chrome/30.0.1599.101 Safari/537.36"
123.243.94.196 - - [02/Nov/2014:23:35:30 +1100] "GET /dashboardEM.php HTTP/1.1" 200 1498 "http://utsems.net/viewEventsEM.php" "Mozilla/5.0 (Windows NT 6.1; WOW64) AppleWebKit/537.36 (KHTML, like Gecko) Chrome/30.0.1599.101 Safari/537.36"
123.243.94.196 - - [02/Nov/2014:23:35:31 +1100] "GET /viewEventsEM.php HTTP/1.1" 200 1949 "http://utsems.net/dashboardEM.php" "Mozilla/5.0 (Windows NT 6.1; WOW64) AppleWebKit/537.36 (KHTML, like Gecko) Chrome/30.0.1599.101 Safari/537.36"
123.243.94.196 - - [02/Nov/2014:23:35:32 +1100] "GET /viewUsers.php HTTP/1.1" 200 6777 "http://utsems.net/viewEventsEM.php" "Mozilla/5.0 (Windows NT 6.1; WOW64) AppleWebKit/537.36 (KHTML, like Gecko) Chrome/30.0.1599.101 Safari/537.36"
123.243.94.196 - - [02/Nov/2014:23:35:33 +1100] "GET /viewEventsEM.php HTTP/1.1" 200 1949 "http://utsems.net/viewUsers.php" "Mozilla/5.0 (Windows NT 6.1; WOW64) AppleWebKit/537.36 (KHTML, like Gecko) Chrome/30.0.1599.101 Safari/537.36"
123.243.94.196 - - [02/Nov/2014:23:35:37 +1100] "GET /viewUsers.php HTTP/1.1" 200 6777 "http://utsems.net/viewEventsEM.php" "Mozilla/5.0 (Windows NT 6.1; WOW64) AppleWebKit/537.36 (KHTML, like Gecko) Chrome/30.0.1599.101 Safari/537.36"
123.243.94.196 - - [02/Nov/2014:23:35:40 +1100] "GET /viewEventsEM.php HTTP/1.1" 200 1949 "http://utsems.net/viewUsers.php" "Mozilla/5.0 (Windows NT 6.1; WOW64) AppleWebKit/537.36 (KHTML, like Gecko) Chrome/30.0.1599.101 Safari/537.36"
123.243.94.196 - - [02/Nov/2014:23:35:44 +1100] "GET /viewUsers.php HTTP/1.1" 200 6777 "http://utsems.net/viewEventsEM.php" "Mozilla/5.0 (Windows NT 6.1; WOW64) AppleWebKit/537.36 (KHTML, like Gecko) Chrome/30.0.1599.101 Safari/537.36"
123.243.94.196 - - [02/Nov/2014:23:35:49 +1100] "GET /viewEventsEM.php HTTP/1.1" 200 1949 "http://utsems.net/viewUsers.php" "Mozilla/5.0 (Windows NT 6.1; WOW64) AppleWebKit/537.36 (KHTML, like Gecko) Chrome/30.0.1599.101 Safari/537.36"
123.243.94.196 - - [02/Nov/2014:23:35:53 +1100] "GET /viewEventsEM.php HTTP/1.1" 200 1949 "http://utsems.net/viewUsers.php" "Mozilla/5.0 (Windows NT 6.1; WOW64) AppleWebKit/537.36 (KHTML, like Gecko) Chrome/30.0.1599.101 Safari/537.36"
123.243.94.196 - - [02/Nov/2014:23:35:53 +1100] "GET /buttons.css HTTP/1.1" 304 - "http://utsems.net/viewEventsEM.php" "Mozilla/5.0 (Windows NT 6.1; WOW64) AppleWebKit/537.36 (KHTML, like Gecko) Chrome/30.0.1599.101 Safari/537.36"
123.243.94.196 - - [02/Nov/2014:23:37:00 +1100] "GET /viewEventsEM.php HTTP/1.1" 200 1949 "http://utsems.net/viewEventsEM.php" "Mozilla/5.0 (Windows NT 6.1; WOW64) AppleWebKit/537.36 (KHTML, like Gecko) Chrome/30.0.1599.101 Safari/537.36"
123.243.94.196 - - [02/Nov/2014:23:37:02 +1100] "GET /dashboardEM.php HTTP/1.1" 200 1498 "http://utsems.net/viewEventsEM.php" "Mozilla/5.0 (Windows NT 6.1; WOW64) AppleWebKit/537.36 (KHTML, like Gecko) Chrome/30.0.1599.101 Safari/537.36"
123.243.94.196 - - [02/Nov/2014:23:37:03 +1100] "GET /viewUsers.php HTTP/1.1" 200 6777 "http://utsems.net/dashboardEM.php" "Mozilla/5.0 (Windows NT 6.1; WOW64) AppleWebKit/537.36 (KHTML, like Gecko) Chrome/30.0.1599.101 Safari/537.36"
123.243.94.196 - - [02/Nov/2014:23:37:03 +1100] "GET /viewEventsEM.php HTTP/1.1" 200 1949 "http://utsems.net/viewUsers.php" "Mozilla/5.0 (Windows NT 6.1; WOW64) AppleWebKit/537.36 (KHTML, like Gecko) Chrome/30.0.1599.101 Safari/537.36"
123.243.94.196 - - [02/Nov/2014:23:37:50 +1100] "GET /viewEventsEM.php HTTP/1.1" 200 1949 "http://utsems.net/updateEventV.php?e_ID=4" "Mozilla/5.0 (Windows NT 6.1; WOW64; rv:27.0) Gecko/20100101 Firefox/27.0"
123.243.94.196 - - [02/Nov/2014:23:37:50 +1100] "GET /buttons.css HTTP/1.1" 304 - "http://utsems.net/viewEventsEM.php" "Mozilla/5.0 (Windows NT 6.1; WOW64; rv:27.0) Gecko/20100101 Firefox/27.0"
114.76.232.57 - - [02/Nov/2014:23:39:16 +1100] "POST /newActivityProcess.php?e_ID=7 HTTP/1.1" 200 703 "http://utsems.net/addActivities.php?e_ID=7&n=semi%20test&d=test%20of%20a%20test&du=1&pr=0&sd=2014-10-31&ed=2014-10-31&st=12:00:00&et=13:00:00&rq=2&m=Invalid%20Start%20Date%20Entered!" "Mozilla/5.0 (Macintosh; Intel Mac OS X 10_10) AppleWebKit/600.1.25 (KHTML, like Gecko) Version/8.0 Safari/600.1.25"
114.76.232.57 - - [02/Nov/2014:23:39:19 +1100] "GET /addActivities.php?e_ID=7&n=semi%20test&d=test%20of%20a%20test&du=1&pr=0&sd=2014-10-31&ed=2014-10-31&st=00:00:00&et=00:00:00&rq=2&m=Invalid%20Start%20Date%20Entered! HTTP/1.1" 200 7306 "http://utsems.net/newActivityProcess.php?e_ID=7" "Mozilla/5.0 (Macintosh; Intel Mac OS X 10_10) AppleWebKit/600.1.25 (KHTML, like Gecko) Version/8.0 Safari/600.1.25"
114.76.232.57 - - [02/Nov/2014:23:39:20 +1100] "GET /buttons.css HTTP/1.1" 304 - "http://utsems.net/viewEventsEM.php" "Mozilla/5.0 (Macintosh; Intel Mac OS X 10_10) AppleWebKit/600.1.25 (KHTML, like Gecko) Version/8.0 Safari/600.1.25"
114.76.232.57 - - [02/Nov/2014:23:39:23 +1100] "GET /resources/demos/style.css HTTP/1.1" 404 - "http://utsems.net/addActivities.php?e_ID=7&n=semi%20test&d=test%20of%20a%20test&du=1&pr=0&sd=2014-10-31&ed=2014-10-31&st=00:00:00&et=00:00:00&rq=2&m=Invalid%20Start%20Date%20Entered!" "Mozilla/5.0 (Macintosh; Intel Mac OS X 10_10) AppleWebKit/600.1.25 (KHTML, like Gecko) Version/8.0 Safari/600.1.25"
114.76.232.57 - - [02/Nov/2014:23:39:35 +1100] "GET /logout.php HTTP/1.1" 200 134 "http://utsems.net/addActivities.php?e_ID=7&n=semi%20test&d=test%20of%20a%20test&du=1&pr=0&sd=2014-10-31&ed=2014-10-31&st=00:00:00&et=00:00:00&rq=2&m=Invalid%20Start%20Date%20Entered!" "Mozilla/5.0 (Macintosh; Intel Mac OS X 10_10) AppleWebKit/600.1.25 (KHTML, like Gecko) Version/8.0 Safari/600.1.25"
114.76.232.57 - - [02/Nov/2014:23:39:35 +1100] "GET /index.php HTTP/1.1" 200 1143 "http://utsems.net/logout.php" "Mozilla/5.0 (Macintosh; Intel Mac OS X 10_10) AppleWebKit/600.1.25 (KHTML, like Gecko) Version/8.0 Safari/600.1.25"
122.106.159.61 - - [02/Nov/2014:23:39:55 +1100] "POST /loginProcess.php HTTP/1.1" 200 100 "http://www.utsems.net/index.php" "Mozilla/5.0 (Windows NT 6.2; WOW64) AppleWebKit/537.36 (KHTML, like Gecko) Chrome/38.0.2125.111 Safari/537.36"
122.106.159.61 - - [02/Nov/2014:23:39:55 +1100] "GET /userAuthenticated.php HTTP/1.1" 200 151 "http://www.utsems.net/loginProcess.php" "Mozilla/5.0 (Windows NT 6.2; WOW64) AppleWebKit/537.36 (KHTML, like Gecko) Chrome/38.0.2125.111 Safari/537.36"
122.106.159.61 - - [02/Nov/2014:23:39:56 +1100] "GET /viewPositions.php HTTP/1.1" 200 5539 "http://www.utsems.net/userAuthenticated.php" "Mozilla/5.0 (Windows NT 6.2; WOW64) AppleWebKit/537.36 (KHTML, like Gecko) Chrome/38.0.2125.111 Safari/537.36"
122.106.159.61 - - [02/Nov/2014:23:39:56 +1100] "GET /buttons.css HTTP/1.1" 304 - "http://www.utsems.net/viewPositions.php" "Mozilla/5.0 (Windows NT 6.2; WOW64) AppleWebKit/537.36 (KHTML, like Gecko) Chrome/38.0.2125.111 Safari/537.36"
122.106.159.61 - - [02/Nov/2014:23:39:57 +1100] "GET /dashboardU.php HTTP/1.1" 200 2032 "http://www.utsems.net/viewPositions.php" "Mozilla/5.0 (Windows NT 6.2; WOW64) AppleWebKit/537.36 (KHTML, like Gecko) Chrome/38.0.2125.111 Safari/537.36"
114.76.232.57 - - [02/Nov/2014:23:40:45 +1100] "POST /loginProcess.php HTTP/1.1" 200 100 "http://utsems.net/index.php" "Mozilla/5.0 (Macintosh; Intel Mac OS X 10_10) AppleWebKit/600.1.25 (KHTML, like Gecko) Version/8.0 Safari/600.1.25"
114.76.232.57 - - [02/Nov/2014:23:40:45 +1100] "GET /userAuthenticated.php HTTP/1.1" 200 145 "http://utsems.net/loginProcess.php" "Mozilla/5.0 (Macintosh; Intel Mac OS X 10_10) AppleWebKit/600.1.25 (KHTML, like Gecko) Version/8.0 Safari/600.1.25"
114.76.232.57 - - [02/Nov/2014:23:40:45 +1100] "GET /viewEventsEM.php HTTP/1.1" 200 1943 "http://utsems.net/userAuthenticated.php" "Mozilla/5.0 (Macintosh; Intel Mac OS X 10_10) AppleWebKit/600.1.25 (KHTML, like Gecko) Version/8.0 Safari/600.1.25"
123.243.94.196 - - [02/Nov/2014:23:40:49 +1100] "GET /viewEventsEM.php HTTP/1.1" 200 1949 "http://utsems.net/viewEventsEM.php" "Mozilla/5.0 (Windows NT 6.1; WOW64) AppleWebKit/537.36 (KHTML, like Gecko) Chrome/30.0.1599.101 Safari/537.36"
123.243.94.196 - - [02/Nov/2014:23:40:50 +1100] "GET /viewEventsEM.php HTTP/1.1" 200 1949 "http://utsems.net/viewEventsEM.php" "Mozilla/5.0 (Windows NT 6.1; WOW64) AppleWebKit/537.36 (KHTML, like Gecko) Chrome/30.0.1599.101 Safari/537.36"
123.243.94.196 - - [02/Nov/2014:23:40:51 +1100] "GET /viewUsers.php HTTP/1.1" 200 6777 "http://utsems.net/viewEventsEM.php" "Mozilla/5.0 (Windows NT 6.1; WOW64) AppleWebKit/537.36 (KHTML, like Gecko) Chrome/30.0.1599.101 Safari/537.36"
123.243.94.196 - - [02/Nov/2014:23:40:52 +1100] "GET /viewEventsEM.php HTTP/1.1" 200 1949 "http://utsems.net/viewUsers.php" "Mozilla/5.0 (Windows NT 6.1; WOW64) AppleWebKit/537.36 (KHTML, like Gecko) Chrome/30.0.1599.101 Safari/537.36"
114.76.232.57 - - [02/Nov/2014:23:40:59 +1100] "GET /viewEventsEM.php HTTP/1.1" 200 1943 "-" "Mozilla/5.0 (Macintosh; Intel Mac OS X 10_10) AppleWebKit/600.1.25 (KHTML, like Gecko) Version/8.0 Safari/600.1.25"
114.76.232.57 - - [02/Nov/2014:23:40:59 +1100] "GET /buttons.css HTTP/1.1" 304 - "http://utsems.net/viewEventsEM.php" "Mozilla/5.0 (Macintosh; Intel Mac OS X 10_10) AppleWebKit/600.1.25 (KHTML, like Gecko) Version/8.0 Safari/600.1.25"
114.76.232.57 - - [02/Nov/2014:23:41:01 +1100] "GET /logout.php HTTP/1.1" 200 134 "http://utsems.net/viewEventsEM.php" "Mozilla/5.0 (Macintosh; Intel Mac OS X 10_10) AppleWebKit/600.1.25 (KHTML, like Gecko) Version/8.0 Safari/600.1.25"
114.76.232.57 - - [02/Nov/2014:23:41:02 +1100] "GET /index.php HTTP/1.1" 200 1143 "http://utsems.net/logout.php" "Mozilla/5.0 (Macintosh; Intel Mac OS X 10_10) AppleWebKit/600.1.25 (KHTML, like Gecko) Version/8.0 Safari/600.1.25"
114.76.232.57 - - [02/Nov/2014:23:41:04 +1100] "GET /addUserA.php? HTTP/1.1" 200 6900 "http://utsems.net/index.php" "Mozilla/5.0 (Macintosh; Intel Mac OS X 10_10) AppleWebKit/600.1.25 (KHTML, like Gecko) Version/8.0 Safari/600.1.25"
114.76.232.57 - - [02/Nov/2014:23:41:12 +1100] "POST /loginProcess.php HTTP/1.1" 200 48 "http://utsems.net/index.php" "Mozilla/5.0 (Macintosh; Intel Mac OS X 10_10) AppleWebKit/600.1.25 (KHTML, like Gecko) Version/8.0 Safari/600.1.25"
114.76.232.57 - - [02/Nov/2014:23:41:15 +1100] "GET /loginProcess.php HTTP/1.1" 200 48 "-" "Mozilla/5.0 (Macintosh; Intel Mac OS X 10_10) AppleWebKit/600.1.25 (KHTML, like Gecko) Version/8.0 Safari/600.1.25"
114.76.232.57 - - [02/Nov/2014:23:41:25 +1100] "POST /loginProcess.php HTTP/1.1" 200 100 "http://utsems.net/index.php" "Mozilla/5.0 (Macintosh; Intel Mac OS X 10_10) AppleWebKit/600.1.25 (KHTML, like Gecko) Version/8.0 Safari/600.1.25"
114.76.232.57 - - [02/Nov/2014:23:41:25 +1100] "GET /userAuthenticated.php HTTP/1.1" 200 145 "http://utsems.net/loginProcess.php" "Mozilla/5.0 (Macintosh; Intel Mac OS X 10_10) AppleWebKit/600.1.25 (KHTML, like Gecko) Version/8.0 Safari/600.1.25"
114.76.232.57 - - [02/Nov/2014:23:41:25 +1100] "GET /viewEventsEM.php HTTP/1.1" 200 1943 "http://utsems.net/userAuthenticated.php" "Mozilla/5.0 (Macintosh; Intel Mac OS X 10_10) AppleWebKit/600.1.25 (KHTML, like Gecko) Version/8.0 Safari/600.1.25"
122.106.159.61 - - [02/Nov/2014:23:42:00 +1100] "GET /viewEventsEM.php HTTP/1.1" 200 1949 "http://www.utsems.net/updateEventV.php?e_ID=4" "Mozilla/5.0 (compatible; MSIE 10.0; Windows NT 6.2; WOW64; Trident/6.0; Touch; MAARJS)"
122.106.159.61 - - [02/Nov/2014:23:42:02 +1100] "GET /viewEventsEM.php HTTP/1.1" 200 1949 "http://www.utsems.net/viewEventsEM.php" "Mozilla/5.0 (compatible; MSIE 10.0; Windows NT 6.2; WOW64; Trident/6.0; Touch; MAARJS)"
122.106.159.61 - - [02/Nov/2014:23:42:04 +1100] "GET /viewUsers.php HTTP/1.1" 200 6777 "http://www.utsems.net/viewEventsEM.php" "Mozilla/5.0 (compatible; MSIE 10.0; Windows NT 6.2; WOW64; Trident/6.0; Touch; MAARJS)"
122.106.159.61 - - [02/Nov/2014:23:42:05 +1100] "GET /viewEventsEM.php HTTP/1.1" 200 1949 "http://www.utsems.net/viewUsers.php" "Mozilla/5.0 (compatible; MSIE 10.0; Windows NT 6.2; WOW64; Trident/6.0; Touch; MAARJS)"
122.106.159.61 - - [02/Nov/2014:23:42:58 +1100] "GET /viewEventsEM.php HTTP/1.1" 200 4261 "http://www.utsems.net/viewUsers.php" "Mozilla/5.0 (compatible; MSIE 10.0; Windows NT 6.2; WOW64; Trident/6.0; Touch; MAARJS)"
122.106.159.61 - - [02/Nov/2014:23:42:58 +1100] "GET /buttons.css HTTP/1.1" 304 - "http://www.utsems.net/viewEventsEM.php" "Mozilla/5.0 (compatible; MSIE 10.0; Windows NT 6.2; WOW64; Trident/6.0; Touch; MAARJS)"
122.106.159.61 - - [02/Nov/2014:23:43:05 +1100] "POST /addEvents.php HTTP/1.1" 200 5943 "http://www.utsems.net/viewEventsEM.php" "Mozilla/5.0 (compatible; MSIE 10.0; Windows NT 6.2; WOW64; Trident/6.0; Touch; MAARJS)"
122.106.159.61 - - [02/Nov/2014:23:43:05 +1100] "GET /resources/demos/style.css HTTP/1.1" 404 - "http://www.utsems.net/addEvents.php" "Mozilla/5.0 (compatible; MSIE 10.0; Windows NT 6.2; WOW64; Trident/6.0; Touch; MAARJS)"
122.106.159.61 - - [02/Nov/2014:23:43:39 +1100] "POST /newEventProcess.php HTTP/1.1" 302 - "http://www.utsems.net/addEvents.php" "Mozilla/5.0 (compatible; MSIE 10.0; Windows NT 6.2; WOW64; Trident/6.0; Touch; MAARJS)"
122.106.159.61 - - [02/Nov/2014:23:43:39 +1100] "GET /manageEvent.php?e_ID=32 HTTP/1.1" 200 2547 "http://www.utsems.net/addEvents.php" "Mozilla/5.0 (compatible; MSIE 10.0; Windows NT 6.2; WOW64; Trident/6.0; Touch; MAARJS)"
122.106.159.61 - - [02/Nov/2014:23:43:42 +1100] "POST /addActivities.php?e_ID=32 HTTP/1.1" 200 7282 "http://www.utsems.net/manageEvent.php?e_ID=32" "Mozilla/5.0 (compatible; MSIE 10.0; Windows NT 6.2; WOW64; Trident/6.0; Touch; MAARJS)"
122.106.159.61 - - [02/Nov/2014:23:43:42 +1100] "GET /resources/demos/style.css HTTP/1.1" 404 - "http://www.utsems.net/addActivities.php?e_ID=32" "Mozilla/5.0 (compatible; MSIE 10.0; Windows NT 6.2; WOW64; Trident/6.0; Touch; MAARJS)"
122.106.159.61 - - [02/Nov/2014:23:44:13 +1100] "POST /newActivityProcess.php?e_ID=32 HTTP/1.1" 200 1070 "http://www.utsems.net/addActivities.php?e_ID=32" "Mozilla/5.0 (compatible; MSIE 10.0; Windows NT 6.2; WOW64; Trident/6.0; Touch; MAARJS)"
122.106.159.61 - - [02/Nov/2014:23:44:13 +1100] "GET /manageActivity.php?a_ID=47 HTTP/1.1" 200 3137 "http://www.utsems.net/newActivityProcess.php?e_ID=32" "Mozilla/5.0 (compatible; MSIE 10.0; Windows NT 6.2; WOW64; Trident/6.0; Touch; MAARJS)"
122.106.159.61 - - [02/Nov/2014:23:44:22 +1100] "GET /viewPositions.php HTTP/1.1" 200 5826 "http://www.utsems.net/dashboardU.php" "Mozilla/5.0 (Windows NT 6.2; WOW64) AppleWebKit/537.36 (KHTML, like Gecko) Chrome/38.0.2125.111 Safari/537.36"
122.106.159.61 - - [02/Nov/2014:23:44:26 +1100] "POST /viewVolunteerActivityDetails.php HTTP/1.1" 200 2227 "http://www.utsems.net/viewPositions.php" "Mozilla/5.0 (Windows NT 6.2; WOW64) AppleWebKit/537.36 (KHTML, like Gecko) Chrome/38.0.2125.111 Safari/537.36"
122.106.159.61 - - [02/Nov/2014:23:44:31 +1100] "POST /preRegister.php?a_ID=47 HTTP/1.1" 200 2720 "http://www.utsems.net/viewVolunteerActivityDetails.php" "Mozilla/5.0 (Windows NT 6.2; WOW64) AppleWebKit/537.36 (KHTML, like Gecko) Chrome/38.0.2125.111 Safari/537.36"
122.106.159.61 - - [02/Nov/2014:23:44:31 +1100] "GET /resources/demos/style.css HTTP/1.1" 404 - "http://www.utsems.net/preRegister.php?a_ID=47" "Mozilla/5.0 (Windows NT 6.2; WOW64) AppleWebKit/537.36 (KHTML, like Gecko) Chrome/38.0.2125.111 Safari/537.36"
122.106.159.61 - - [02/Nov/2014:23:44:42 +1100] "POST /register.php?a_ID=47 HTTP/1.1" 200 963 "http://www.utsems.net/preRegister.php?a_ID=47" "Mozilla/5.0 (Windows NT 6.2; WOW64) AppleWebKit/537.36 (KHTML, like Gecko) Chrome/38.0.2125.111 Safari/537.36"
122.106.159.61 - - [02/Nov/2014:23:44:44 +1100] "GET /viewPositions.php HTTP/1.1" 200 5826 "http://www.utsems.net/register.php?a_ID=47" "Mozilla/5.0 (Windows NT 6.2; WOW64) AppleWebKit/537.36 (KHTML, like Gecko) Chrome/38.0.2125.111 Safari/537.36"
123.243.94.196 - - [02/Nov/2014:23:45:09 +1100] "GET /viewEventsEM.php HTTP/1.1" 200 4407 "http://utsems.net/viewEventsEM.php" "Mozilla/5.0 (Windows NT 6.1; WOW64) AppleWebKit/537.36 (KHTML, like Gecko) Chrome/30.0.1599.101 Safari/537.36"
123.243.94.196 - - [02/Nov/2014:23:45:11 +1100] "POST /manageEvent.php HTTP/1.1" 200 3386 "http://utsems.net/viewEventsEM.php" "Mozilla/5.0 (Windows NT 6.1; WOW64) AppleWebKit/537.36 (KHTML, like Gecko) Chrome/30.0.1599.101 Safari/537.36"
123.243.94.196 - - [02/Nov/2014:23:45:16 +1100] "POST /manageActivity.php HTTP/1.1" 200 3684 "http://utsems.net/manageEvent.php" "Mozilla/5.0 (Windows NT 6.1; WOW64) AppleWebKit/537.36 (KHTML, like Gecko) Chrome/30.0.1599.101 Safari/537.36"
122.106.159.61 - - [02/Nov/2014:23:46:00 +1100] "GET /manageActivity.php?a_ID=47 HTTP/1.1" 200 3277 "http://www.utsems.net/newActivityProcess.php?e_ID=32" "Mozilla/5.0 (compatible; MSIE 10.0; Windows NT 6.2; WOW64; Trident/6.0; Touch; MAARJS)"
122.106.159.61 - - [02/Nov/2014:23:46:00 +1100] "GET /buttons.css HTTP/1.1" 304 - "http://www.utsems.net/manageActivity.php?a_ID=47" "Mozilla/5.0 (compatible; MSIE 10.0; Windows NT 6.2; WOW64; Trident/6.0; Touch; MAARJS)"
122.106.159.61 - - [02/Nov/2014:23:46:03 +1100] "POST /manageRegisteredRole.php?a_ID=47 HTTP/1.1" 200 2876 "http://www.utsems.net/manageActivity.php?a_ID=47" "Mozilla/5.0 (compatible; MSIE 10.0; Windows NT 6.2; WOW64; Trident/6.0; Touch; MAARJS)"
122.106.159.61 - - [02/Nov/2014:23:46:40 +1100] "POST /updateRegisteredRoleProcess.php?u_ID=11656333&a_ID=47 HTTP/1.1" 302 795 "http://www.utsems.net/manageRegisteredRole.php?a_ID=47" "Mozilla/5.0 (compatible; MSIE 10.0; Windows NT 6.2; WOW64; Trident/6.0; Touch; MAARJS)"
122.106.159.61 - - [02/Nov/2014:23:46:41 +1100] "GET /manageActivity.php?a_ID=47 HTTP/1.1" 200 3249 "http://www.utsems.net/manageRegisteredRole.php?a_ID=47" "Mozilla/5.0 (compatible; MSIE 10.0; Windows NT 6.2; WOW64; Trident/6.0; Touch; MAARJS)"
122.106.159.61 - - [02/Nov/2014:23:46:47 +1100] "GET /manageEvent.php?e_ID=32 HTTP/1.1" 200 2688 "http://www.utsems.net/manageActivity.php?a_ID=47" "Mozilla/5.0 (compatible; MSIE 10.0; Windows NT 6.2; WOW64; Trident/6.0; Touch; MAARJS)"
122.106.159.61 - - [02/Nov/2014:23:46:51 +1100] "POST /updateEventV.php?e_ID=32 HTTP/1.1" 200 6995 "http://www.utsems.net/manageEvent.php?e_ID=32" "Mozilla/5.0 (compatible; MSIE 10.0; Windows NT 6.2; WOW64; Trident/6.0; Touch; MAARJS)"
122.106.159.61 - - [02/Nov/2014:23:46:51 +1100] "GET /resources/demos/style.css HTTP/1.1" 404 - "http://www.utsems.net/updateEventV.php?e_ID=32" "Mozilla/5.0 (compatible; MSIE 10.0; Windows NT 6.2; WOW64; Trident/6.0; Touch; MAARJS)"
122.106.159.61 - - [02/Nov/2014:23:47:06 +1100] "GET /dashboardU.php HTTP/1.1" 200 2133 "http://www.utsems.net/viewPositions.php" "Mozilla/5.0 (Windows NT 6.2; WOW64) AppleWebKit/537.36 (KHTML, like Gecko) Chrome/38.0.2125.111 Safari/537.36"
122.106.159.61 - - [02/Nov/2014:23:47:12 +1100] "POST /signOff.php?e_ID=32 HTTP/1.1" 302 - "http://www.utsems.net/updateEventV.php?e_ID=32" "Mozilla/5.0 (compatible; MSIE 10.0; Windows NT 6.2; WOW64; Trident/6.0; Touch; MAARJS)"
122.106.159.61 - - [02/Nov/2014:23:47:12 +1100] "GET /manageEvent.php?e_ID=32 HTTP/1.1" 200 2688 "http://www.utsems.net/updateEventV.php?e_ID=32" "Mozilla/5.0 (compatible; MSIE 10.0; Windows NT 6.2; WOW64; Trident/6.0; Touch; MAARJS)"
122.106.159.61 - - [02/Nov/2014:23:47:22 +1100] "GET /dashboardU.php HTTP/1.1" 200 2215 "http://www.utsems.net/viewPositions.php" "Mozilla/5.0 (Windows NT 6.2; WOW64) AppleWebKit/537.36 (KHTML, like Gecko) Chrome/38.0.2125.111 Safari/537.36"
122.106.159.61 - - [02/Nov/2014:23:47:22 +1100] "GET /buttons.css HTTP/1.1" 304 - "http://www.utsems.net/dashboardU.php" "Mozilla/5.0 (Windows NT 6.2; WOW64) AppleWebKit/537.36 (KHTML, like Gecko) Chrome/38.0.2125.111 Safari/537.36"
122.106.159.61 - - [02/Nov/2014:23:47:22 +1100] "GET /form.css HTTP/1.1" 304 - "http://www.utsems.net/dashboardU.php" "Mozilla/5.0 (Windows NT 6.2; WOW64) AppleWebKit/537.36 (KHTML, like Gecko) Chrome/38.0.2125.111 Safari/537.36"
114.76.232.57 - - [02/Nov/2014:23:47:25 +1100] "GET /viewUsers.php HTTP/1.1" 200 6771 "-" "Mozilla/5.0 (Macintosh; Intel Mac OS X 10_10) AppleWebKit/600.1.25 (KHTML, like Gecko) Version/8.0 Safari/600.1.25"
123.243.94.196 - - [02/Nov/2014:23:47:58 +1100] "POST /manageRegisteredRole.php?a_ID=11 HTTP/1.1" 200 2703 "http://utsems.net/manageActivity.php" "Mozilla/5.0 (Windows NT 6.1; WOW64) AppleWebKit/537.36 (KHTML, like Gecko) Chrome/30.0.1599.101 Safari/537.36"
122.106.159.61 - - [02/Nov/2014:23:48:13 +1100] "GET /dashboardU.php HTTP/1.1" 200 3397 "http://www.utsems.net/viewPositions.php" "Mozilla/5.0 (Windows NT 6.2; WOW64) AppleWebKit/537.36 (KHTML, like Gecko) Chrome/38.0.2125.111 Safari/537.36"
122.106.159.61 - - [02/Nov/2014:23:48:13 +1100] "GET /form.css HTTP/1.1" 304 - "http://www.utsems.net/dashboardU.php" "Mozilla/5.0 (Windows NT 6.2; WOW64) AppleWebKit/537.36 (KHTML, like Gecko) Chrome/38.0.2125.111 Safari/537.36"
122.106.159.61 - - [02/Nov/2014:23:48:13 +1100] "GET /buttons.css HTTP/1.1" 304 - "http://www.utsems.net/dashboardU.php" "Mozilla/5.0 (Windows NT 6.2; WOW64) AppleWebKit/537.36 (KHTML, like Gecko) Chrome/38.0.2125.111 Safari/537.36"
114.76.232.57 - - [02/Nov/2014:23:48:47 +1100] "GET / HTTP/1.1" 200 1143 "-" "Mozilla/5.0 (Macintosh; Intel Mac OS X 10_10) AppleWebKit/600.1.25 (KHTML, like Gecko) Version/8.0 Safari/600.1.25"
123.243.94.196 - - [02/Nov/2014:23:49:10 +1100] "POST /updateRegisteredRoleProcess.php?u_ID=116126724&a_ID=11 HTTP/1.1" 302 795 "http://utsems.net/manageRegisteredRole.php?a_ID=11" "Mozilla/5.0 (Windows NT 6.1; WOW64) AppleWebKit/537.36 (KHTML, like Gecko) Chrome/30.0.1599.101 Safari/537.36"
123.243.94.196 - - [02/Nov/2014:23:49:11 +1100] "GET /manageActivity.php?a_ID=11 HTTP/1.1" 200 3656 "http://utsems.net/manageRegisteredRole.php?a_ID=11" "Mozilla/5.0 (Windows NT 6.1; WOW64) AppleWebKit/537.36 (KHTML, like Gecko) Chrome/30.0.1599.101 Safari/537.36"
122.106.159.61 - - [02/Nov/2014:23:49:20 +1100] "GET /dashboardU.php HTTP/1.1" 200 2113 "http://www.utsems.net/viewPositions.php" "Mozilla/5.0 (Windows NT 6.2; WOW64) AppleWebKit/537.36 (KHTML, like Gecko) Chrome/38.0.2125.111 Safari/537.36"
122.106.159.61 - - [02/Nov/2014:23:49:20 +1100] "GET /buttons.css HTTP/1.1" 304 - "http://www.utsems.net/dashboardU.php" "Mozilla/5.0 (Windows NT 6.2; WOW64) AppleWebKit/537.36 (KHTML, like Gecko) Chrome/38.0.2125.111 Safari/537.36"
122.106.159.61 - - [02/Nov/2014:23:49:20 +1100] "GET /form.css HTTP/1.1" 304 - "http://www.utsems.net/dashboardU.php" "Mozilla/5.0 (Windows NT 6.2; WOW64) AppleWebKit/537.36 (KHTML, like Gecko) Chrome/38.0.2125.111 Safari/537.36"
122.106.159.61 - - [02/Nov/2014:23:49:42 +1100] "GET /viewEventsEM.php HTTP/1.1" 200 4261 "http://www.utsems.net/manageEvent.php?e_ID=32" "Mozilla/5.0 (compatible; MSIE 10.0; Windows NT 6.2; WOW64; Trident/6.0; Touch; MAARJS)"
123.243.94.196 - - [02/Nov/2014:23:50:19 +1100] "POST /manageAllocatedRole.php?a_ID=11 HTTP/1.1" 200 2783 "http://utsems.net/manageActivity.php?a_ID=11" "Mozilla/5.0 (Windows NT 6.1; WOW64) AppleWebKit/537.36 (KHTML, like Gecko) Chrome/30.0.1599.101 Safari/537.36"
122.106.159.61 - - [02/Nov/2014:23:50:58 +1100] "POST /addEvents.php HTTP/1.1" 200 5943 "http://www.utsems.net/viewEventsEM.php" "Mozilla/5.0 (compatible; MSIE 10.0; Windows NT 6.2; WOW64; Trident/6.0; Touch; MAARJS)"
122.106.159.61 - - [02/Nov/2014:23:50:59 +1100] "GET /resources/demos/style.css HTTP/1.1" 404 - "http://www.utsems.net/addEvents.php" "Mozilla/5.0 (compatible; MSIE 10.0; Windows NT 6.2; WOW64; Trident/6.0; Touch; MAARJS)"
122.106.159.61 - - [02/Nov/2014:23:51:28 +1100] "POST /newEventProcess.php HTTP/1.1" 302 - "http://www.utsems.net/addEvents.php" "Mozilla/5.0 (compatible; MSIE 10.0; Windows NT 6.2; WOW64; Trident/6.0; Touch; MAARJS)"
122.106.159.61 - - [02/Nov/2014:23:51:28 +1100] "GET /manageEvent.php?e_ID=33 HTTP/1.1" 200 2558 "http://www.utsems.net/addEvents.php" "Mozilla/5.0 (compatible; MSIE 10.0; Windows NT 6.2; WOW64; Trident/6.0; Touch; MAARJS)"
122.106.159.61 - - [02/Nov/2014:23:51:34 +1100] "POST /addActivities.php?e_ID=33 HTTP/1.1" 200 7286 "http://www.utsems.net/manageEvent.php?e_ID=33" "Mozilla/5.0 (compatible; MSIE 10.0; Windows NT 6.2; WOW64; Trident/6.0; Touch; MAARJS)"
122.106.159.61 - - [02/Nov/2014:23:51:34 +1100] "GET /resources/demos/style.css HTTP/1.1" 404 - "http://www.utsems.net/addActivities.php?e_ID=33" "Mozilla/5.0 (compatible; MSIE 10.0; Windows NT 6.2; WOW64; Trident/6.0; Touch; MAARJS)"
122.106.159.61 - - [02/Nov/2014:23:52:10 +1100] "POST /newActivityProcess.php?e_ID=33 HTTP/1.1" 200 1070 "http://www.utsems.net/addActivities.php?e_ID=33" "Mozilla/5.0 (compatible; MSIE 10.0; Windows NT 6.2; WOW64; Trident/6.0; Touch; MAARJS)"
122.106.159.61 - - [02/Nov/2014:23:52:11 +1100] "GET /manageActivity.php?a_ID=48 HTTP/1.1" 200 3119 "http://www.utsems.net/newActivityProcess.php?e_ID=33" "Mozilla/5.0 (compatible; MSIE 10.0; Windows NT 6.2; WOW64; Trident/6.0; Touch; MAARJS)"
122.106.159.61 - - [02/Nov/2014:23:52:16 +1100] "GET /viewPositions.php HTTP/1.1" 200 5846 "http://www.utsems.net/dashboardU.php" "Mozilla/5.0 (Windows NT 6.2; WOW64) AppleWebKit/537.36 (KHTML, like Gecko) Chrome/38.0.2125.111 Safari/537.36"
122.106.159.61 - - [02/Nov/2014:23:52:19 +1100] "POST /viewVolunteerActivityDetails.php HTTP/1.1" 200 2205 "http://www.utsems.net/viewPositions.php" "Mozilla/5.0 (Windows NT 6.2; WOW64) AppleWebKit/537.36 (KHTML, like Gecko) Chrome/38.0.2125.111 Safari/537.36"
122.106.159.61 - - [02/Nov/2014:23:52:22 +1100] "POST /preRegister.php?a_ID=48 HTTP/1.1" 200 2711 "http://www.utsems.net/viewVolunteerActivityDetails.php" "Mozilla/5.0 (Windows NT 6.2; WOW64) AppleWebKit/537.36 (KHTML, like Gecko) Chrome/38.0.2125.111 Safari/537.36"
122.106.159.61 - - [02/Nov/2014:23:52:22 +1100] "GET /resources/demos/style.css HTTP/1.1" 404 - "http://www.utsems.net/preRegister.php?a_ID=48" "Mozilla/5.0 (Windows NT 6.2; WOW64) AppleWebKit/537.36 (KHTML, like Gecko) Chrome/38.0.2125.111 Safari/537.36"
122.106.159.61 - - [02/Nov/2014:23:52:26 +1100] "POST /register.php?a_ID=48 HTTP/1.1" 200 963 "http://www.utsems.net/preRegister.php?a_ID=48" "Mozilla/5.0 (Windows NT 6.2; WOW64) AppleWebKit/537.36 (KHTML, like Gecko) Chrome/38.0.2125.111 Safari/537.36"
122.106.159.61 - - [02/Nov/2014:23:52:27 +1100] "GET /viewPositions.php HTTP/1.1" 200 5846 "http://www.utsems.net/register.php?a_ID=48" "Mozilla/5.0 (Windows NT 6.2; WOW64) AppleWebKit/537.36 (KHTML, like Gecko) Chrome/38.0.2125.111 Safari/537.36"
122.106.159.61 - - [02/Nov/2014:23:52:31 +1100] "GET /manageActivity.php?a_ID=48 HTTP/1.1" 200 3259 "http://www.utsems.net/newActivityProcess.php?e_ID=33" "Mozilla/5.0 (compatible; MSIE 10.0; Windows NT 6.2; WOW64; Trident/6.0; Touch; MAARJS)"
122.106.159.61 - - [02/Nov/2014:23:52:31 +1100] "GET /buttons.css HTTP/1.1" 304 - "http://www.utsems.net/manageActivity.php?a_ID=48" "Mozilla/5.0 (compatible; MSIE 10.0; Windows NT 6.2; WOW64; Trident/6.0; Touch; MAARJS)"
122.106.159.61 - - [02/Nov/2014:23:52:36 +1100] "POST /manageRegisteredRole.php?a_ID=48 HTTP/1.1" 200 2857 "http://www.utsems.net/manageActivity.php?a_ID=48" "Mozilla/5.0 (compatible; MSIE 10.0; Windows NT 6.2; WOW64; Trident/6.0; Touch; MAARJS)"
114.76.232.57 - - [02/Nov/2014:23:53:19 +1100] "GET /viewEventsEM.php HTTP/1.1" 200 4404 "http://utsems.net/viewUsers.php" "Mozilla/5.0 (Macintosh; Intel Mac OS X 10_10) AppleWebKit/600.1.25 (KHTML, like Gecko) Version/8.0 Safari/600.1.25"
114.76.232.57 - - [02/Nov/2014:23:53:22 +1100] "GET /logout.php HTTP/1.1" 200 134 "http://utsems.net/viewEventsEM.php" "Mozilla/5.0 (Macintosh; Intel Mac OS X 10_10) AppleWebKit/600.1.25 (KHTML, like Gecko) Version/8.0 Safari/600.1.25"
114.76.232.57 - - [02/Nov/2014:23:53:22 +1100] "GET /index.php HTTP/1.1" 200 1143 "http://utsems.net/logout.php" "Mozilla/5.0 (Macintosh; Intel Mac OS X 10_10) AppleWebKit/600.1.25 (KHTML, like Gecko) Version/8.0 Safari/600.1.25"
114.76.232.57 - - [02/Nov/2014:23:53:46 +1100] "POST /loginProcess.php HTTP/1.1" 200 100 "http://utsems.net/index.php" "Mozilla/5.0 (Macintosh; Intel Mac OS X 10_10) AppleWebKit/600.1.25 (KHTML, like Gecko) Version/8.0 Safari/600.1.25"
114.76.232.57 - - [02/Nov/2014:23:53:46 +1100] "GET /userAuthenticated.php HTTP/1.1" 200 145 "http://utsems.net/loginProcess.php" "Mozilla/5.0 (Macintosh; Intel Mac OS X 10_10) AppleWebKit/600.1.25 (KHTML, like Gecko) Version/8.0 Safari/600.1.25"
114.76.232.57 - - [02/Nov/2014:23:53:47 +1100] "GET /viewEventsEM.php HTTP/1.1" 200 4404 "http://utsems.net/userAuthenticated.php" "Mozilla/5.0 (Macintosh; Intel Mac OS X 10_10) AppleWebKit/600.1.25 (KHTML, like Gecko) Version/8.0 Safari/600.1.25"
114.76.232.57 - - [02/Nov/2014:23:54:09 +1100] "POST /manageEvent.php HTTP/1.1" 200 2479 "http://utsems.net/viewEventsEM.php" "Mozilla/5.0 (Macintosh; Intel Mac OS X 10_10) AppleWebKit/600.1.25 (KHTML, like Gecko) Version/8.0 Safari/600.1.25"
114.76.232.57 - - [02/Nov/2014:23:54:52 +1100] "GET /logout.php HTTP/1.1" 200 134 "http://utsems.net/manageEvent.php" "Mozilla/5.0 (Macintosh; Intel Mac OS X 10_10) AppleWebKit/600.1.25 (KHTML, like Gecko) Version/8.0 Safari/600.1.25"
114.76.232.57 - - [02/Nov/2014:23:54:52 +1100] "GET /index.php HTTP/1.1" 200 1143 "http://utsems.net/logout.php" "Mozilla/5.0 (Macintosh; Intel Mac OS X 10_10) AppleWebKit/600.1.25 (KHTML, like Gecko) Version/8.0 Safari/600.1.25"
114.76.232.57 - - [02/Nov/2014:23:55:02 +1100] "POST /loginProcess.php HTTP/1.1" 200 100 "http://utsems.net/index.php" "Mozilla/5.0 (Macintosh; Intel Mac OS X 10_10) AppleWebKit/600.1.25 (KHTML, like Gecko) Version/8.0 Safari/600.1.25"
114.76.232.57 - - [02/Nov/2014:23:55:03 +1100] "GET /userAuthenticated.php HTTP/1.1" 200 145 "http://utsems.net/loginProcess.php" "Mozilla/5.0 (Macintosh; Intel Mac OS X 10_10) AppleWebKit/600.1.25 (KHTML, like Gecko) Version/8.0 Safari/600.1.25"
114.76.232.57 - - [02/Nov/2014:23:55:03 +1100] "GET /viewEventsEM.php HTTP/1.1" 200 4404 "http://utsems.net/userAuthenticated.php" "Mozilla/5.0 (Macintosh; Intel Mac OS X 10_10) AppleWebKit/600.1.25 (KHTML, like Gecko) Version/8.0 Safari/600.1.25"
122.106.159.61 - - [02/Nov/2014:23:55:28 +1100] "POST /manageRegisteredRole.php?a_ID=48 HTTP/1.1" 200 2684 "http://www.utsems.net/manageActivity.php?a_ID=48" "Mozilla/5.0 (compatible; MSIE 10.0; Windows NT 6.2; WOW64; Trident/6.0; Touch; MAARJS)"
122.106.159.61 - - [02/Nov/2014:23:55:28 +1100] "GET /form.css HTTP/1.1" 304 - "http://www.utsems.net/manageRegisteredRole.php?a_ID=48" "Mozilla/5.0 (compatible; MSIE 10.0; Windows NT 6.2; WOW64; Trident/6.0; Touch; MAARJS)"
122.106.159.61 - - [02/Nov/2014:23:55:28 +1100] "GET /buttons.css HTTP/1.1" 304 - "http://www.utsems.net/manageRegisteredRole.php?a_ID=48" "Mozilla/5.0 (compatible; MSIE 10.0; Windows NT 6.2; WOW64; Trident/6.0; Touch; MAARJS)"
114.76.232.57 - - [02/Nov/2014:23:55:29 +1100] "POST /manageEvent.php HTTP/1.1" 200 2479 "http://utsems.net/viewEventsEM.php" "Mozilla/5.0 (Macintosh; Intel Mac OS X 10_10) AppleWebKit/600.1.25 (KHTML, like Gecko) Version/8.0 Safari/600.1.25"
122.106.159.61 - - [02/Nov/2014:23:55:31 +1100] "POST /updateRegisteredRoleProcess.php?u_ID=11656333&a_ID=48 HTTP/1.1" 302 795 "http://www.utsems.net/manageRegisteredRole.php?a_ID=48" "Mozilla/5.0 (compatible; MSIE 10.0; Windows NT 6.2; WOW64; Trident/6.0; Touch; MAARJS)"
122.106.159.61 - - [02/Nov/2014:23:55:32 +1100] "GET /manageActivity.php?a_ID=48 HTTP/1.1" 200 3231 "http://www.utsems.net/manageRegisteredRole.php?a_ID=48" "Mozilla/5.0 (compatible; MSIE 10.0; Windows NT 6.2; WOW64; Trident/6.0; Touch; MAARJS)"
122.106.159.61 - - [02/Nov/2014:23:55:36 +1100] "POST /updateActivityV.php?a_ID=48 HTTP/1.1" 200 8016 "http://www.utsems.net/manageActivity.php?a_ID=48" "Mozilla/5.0 (compatible; MSIE 10.0; Windows NT 6.2; WOW64; Trident/6.0; Touch; MAARJS)"
122.106.159.61 - - [02/Nov/2014:23:55:36 +1100] "GET /resources/demos/style.css HTTP/1.1" 404 - "http://www.utsems.net/updateActivityV.php?a_ID=48" "Mozilla/5.0 (compatible; MSIE 10.0; Windows NT 6.2; WOW64; Trident/6.0; Touch; MAARJS)"
122.106.159.61 - - [02/Nov/2014:23:55:38 +1100] "GET /viewEventsEM.php HTTP/1.1" 200 4410 "http://www.utsems.net/updateActivityV.php?a_ID=48" "Mozilla/5.0 (compatible; MSIE 10.0; Windows NT 6.2; WOW64; Trident/6.0; Touch; MAARJS)"
114.76.232.57 - - [02/Nov/2014:23:55:47 +1100] "POST /addActivities.php?e_ID=23 HTTP/1.1" 200 7261 "http://utsems.net/manageEvent.php" "Mozilla/5.0 (Macintosh; Intel Mac OS X 10_10) AppleWebKit/600.1.25 (KHTML, like Gecko) Version/8.0 Safari/600.1.25"
114.76.232.57 - - [02/Nov/2014:23:55:47 +1100] "GET /resources/demos/style.css HTTP/1.1" 404 - "http://utsems.net/addActivities.php?e_ID=23" "Mozilla/5.0 (Macintosh; Intel Mac OS X 10_10) AppleWebKit/600.1.25 (KHTML, like Gecko) Version/8.0 Safari/600.1.25"
122.106.159.61 - - [02/Nov/2014:23:57:45 +1100] "GET /viewUsers.php HTTP/1.1" 200 6777 "http://www.utsems.net/viewEventsEM.php" "Mozilla/5.0 (compatible; MSIE 10.0; Windows NT 6.2; WOW64; Trident/6.0; Touch; MAARJS)"
122.106.159.61 - - [02/Nov/2014:23:57:53 +1100] "GET /viewEventsEM.php HTTP/1.1" 200 4410 "http://www.utsems.net/viewUsers.php" "Mozilla/5.0 (compatible; MSIE 10.0; Windows NT 6.2; WOW64; Trident/6.0; Touch; MAARJS)"
122.106.159.61 - - [02/Nov/2014:23:58:07 +1100] "POST /manageEvent.php HTTP/1.1" 200 2690 "http://www.utsems.net/viewEventsEM.php" "Mozilla/5.0 (compatible; MSIE 10.0; Windows NT 6.2; WOW64; Trident/6.0; Touch; MAARJS)"
114.76.232.57 - - [02/Nov/2014:23:58:37 +1100] "GET /logout.php HTTP/1.1" 200 134 "http://utsems.net/addActivities.php?e_ID=23" "Mozilla/5.0 (Macintosh; Intel Mac OS X 10_10) AppleWebKit/600.1.25 (KHTML, like Gecko) Version/8.0 Safari/600.1.25"
114.76.232.57 - - [02/Nov/2014:23:58:37 +1100] "GET /index.php HTTP/1.1" 200 1143 "http://utsems.net/logout.php" "Mozilla/5.0 (Macintosh; Intel Mac OS X 10_10) AppleWebKit/600.1.25 (KHTML, like Gecko) Version/8.0 Safari/600.1.25"
122.106.159.61 - - [02/Nov/2014:23:58:41 +1100] "POST /updateEventV.php?e_ID=33 HTTP/1.1" 200 6989 "http://www.utsems.net/manageEvent.php" "Mozilla/5.0 (compatible; MSIE 10.0; Windows NT 6.2; WOW64; Trident/6.0; Touch; MAARJS)"
122.106.159.61 - - [02/Nov/2014:23:58:41 +1100] "GET /resources/demos/style.css HTTP/1.1" 404 - "http://www.utsems.net/updateEventV.php?e_ID=33" "Mozilla/5.0 (compatible; MSIE 10.0; Windows NT 6.2; WOW64; Trident/6.0; Touch; MAARJS)"
122.106.159.61 - - [02/Nov/2014:23:58:46 +1100] "POST /signOff.php?e_ID=33 HTTP/1.1" 302 - "http://www.utsems.net/updateEventV.php?e_ID=33" "Mozilla/5.0 (compatible; MSIE 10.0; Windows NT 6.2; WOW64; Trident/6.0; Touch; MAARJS)"
122.106.159.61 - - [02/Nov/2014:23:58:46 +1100] "GET /manageEvent.php?e_ID=33 HTTP/1.1" 200 2691 "http://www.utsems.net/updateEventV.php?e_ID=33" "Mozilla/5.0 (compatible; MSIE 10.0; Windows NT 6.2; WOW64; Trident/6.0; Touch; MAARJS)"
122.106.159.61 - - [02/Nov/2014:23:58:55 +1100] "GET /viewEventsEM.php HTTP/1.1" 200 4261 "http://www.utsems.net/manageEvent.php?e_ID=33" "Mozilla/5.0 (compatible; MSIE 10.0; Windows NT 6.2; WOW64; Trident/6.0; Touch; MAARJS)"
122.106.159.61 - - [02/Nov/2014:23:59:02 +1100] "GET /dashboardEM.php HTTP/1.1" 200 2467 "http://www.utsems.net/viewEventsEM.php" "Mozilla/5.0 (compatible; MSIE 10.0; Windows NT 6.2; WOW64; Trident/6.0; Touch; MAARJS)"
114.76.232.57 - - [02/Nov/2014:23:59:42 +1100] "POST /loginProcess.php HTTP/1.1" 200 100 "http://utsems.net/index.php" "Mozilla/5.0 (Macintosh; Intel Mac OS X 10_10) AppleWebKit/600.1.25 (KHTML, like Gecko) Version/8.0 Safari/600.1.25"
114.76.232.57 - - [02/Nov/2014:23:59:42 +1100] "GET /userAuthenticated.php HTTP/1.1" 200 145 "http://utsems.net/loginProcess.php" "Mozilla/5.0 (Macintosh; Intel Mac OS X 10_10) AppleWebKit/600.1.25 (KHTML, like Gecko) Version/8.0 Safari/600.1.25"
114.76.232.57 - - [02/Nov/2014:23:59:43 +1100] "GET /viewEventsEM.php HTTP/1.1" 200 4255 "http://utsems.net/userAuthenticated.php" "Mozilla/5.0 (Macintosh; Intel Mac OS X 10_10) AppleWebKit/600.1.25 (KHTML, like Gecko) Version/8.0 Safari/600.1.25"
114.76.232.57 - - [02/Nov/2014:23:59:43 +1100] "GET /buttons.css HTTP/1.1" 304 - "http://utsems.net/viewEventsEM.php" "Mozilla/5.0 (Macintosh; Intel Mac OS X 10_10) AppleWebKit/600.1.25 (KHTML, like Gecko) Version/8.0 Safari/600.1.25"
114.76.232.57 - - [03/Nov/2014:00:00:00 +1100] "POST /manageEvent.php HTTP/1.1" 200 2479 "http://utsems.net/viewEventsEM.php" "Mozilla/5.0 (Macintosh; Intel Mac OS X 10_10) AppleWebKit/600.1.25 (KHTML, like Gecko) Version/8.0 Safari/600.1.25"
123.243.94.196 - - [03/Nov/2014:00:00:09 +1100] "GET /viewEventsEM.php HTTP/1.1" 200 4261 "http://utsems.net/viewEventsEM.php" "Mozilla/5.0 (Windows NT 6.1; WOW64; rv:27.0) Gecko/20100101 Firefox/27.0"
123.243.94.196 - - [03/Nov/2014:00:00:10 +1100] "GET /buttons.css HTTP/1.1" 304 - "http://utsems.net/viewEventsEM.php" "Mozilla/5.0 (Windows NT 6.1; WOW64; rv:27.0) Gecko/20100101 Firefox/27.0"
123.243.94.196 - - [03/Nov/2014:00:00:12 +1100] "POST /manageEvent.php HTTP/1.1" 200 3386 "http://utsems.net/viewEventsEM.php" "Mozilla/5.0 (Windows NT 6.1; WOW64; rv:27.0) Gecko/20100101 Firefox/27.0"
123.243.94.196 - - [03/Nov/2014:00:00:16 +1100] "POST /manageActivity.php HTTP/1.1" 200 3656 "http://utsems.net/manageEvent.php" "Mozilla/5.0 (Windows NT 6.1; WOW64; rv:27.0) Gecko/20100101 Firefox/27.0"
114.76.232.57 - - [03/Nov/2014:00:00:17 +1100] "POST /addActivities.php?e_ID=23 HTTP/1.1" 200 7261 "http://utsems.net/manageEvent.php" "Mozilla/5.0 (Macintosh; Intel Mac OS X 10_10) AppleWebKit/600.1.25 (KHTML, like Gecko) Version/8.0 Safari/600.1.25"
114.76.232.57 - - [03/Nov/2014:00:00:17 +1100] "GET /resources/demos/style.css HTTP/1.1" 404 - "http://utsems.net/addActivities.php?e_ID=23" "Mozilla/5.0 (Macintosh; Intel Mac OS X 10_10) AppleWebKit/600.1.25 (KHTML, like Gecko) Version/8.0 Safari/600.1.25"
123.243.94.196 - - [03/Nov/2014:00:00:25 +1100] "POST /manageAllocatedRole.php?a_ID=11 HTTP/1.1" 200 2608 "http://utsems.net/manageActivity.php" "Mozilla/5.0 (Windows NT 6.1; WOW64; rv:27.0) Gecko/20100101 Firefox/27.0"
123.243.94.196 - - [03/Nov/2014:00:00:30 +1100] "POST /manageActivity.php HTTP/1.1" 200 3656 "http://utsems.net/manageEvent.php" "Mozilla/5.0 (Windows NT 6.1; WOW64; rv:27.0) Gecko/20100101 Firefox/27.0"
123.243.94.196 - - [03/Nov/2014:00:00:30 +1100] "GET /buttons.css HTTP/1.1" 304 - "http://utsems.net/manageActivity.php" "Mozilla/5.0 (Windows NT 6.1; WOW64; rv:27.0) Gecko/20100101 Firefox/27.0"
123.243.94.196 - - [03/Nov/2014:00:00:32 +1100] "POST /manageRegisteredRole.php?a_ID=11 HTTP/1.1" 200 2638 "http://utsems.net/manageActivity.php" "Mozilla/5.0 (Windows NT 6.1; WOW64; rv:27.0) Gecko/20100101 Firefox/27.0"
123.243.94.196 - - [03/Nov/2014:00:00:39 +1100] "GET /dashboardEM.php HTTP/1.1" 200 1498 "http://utsems.net/manageRegisteredRole.php?a_ID=11" "Mozilla/5.0 (Windows NT 6.1; WOW64; rv:27.0) Gecko/20100101 Firefox/27.0"
123.243.94.196 - - [03/Nov/2014:00:00:41 +1100] "GET /viewEventsEM.php HTTP/1.1" 200 4261 "http://utsems.net/dashboardEM.php" "Mozilla/5.0 (Windows NT 6.1; WOW64; rv:27.0) Gecko/20100101 Firefox/27.0"
123.243.94.196 - - [03/Nov/2014:00:00:42 +1100] "GET /viewUsers.php HTTP/1.1" 200 6777 "http://utsems.net/viewEventsEM.php" "Mozilla/5.0 (Windows NT 6.1; WOW64; rv:27.0) Gecko/20100101 Firefox/27.0"
123.243.94.196 - - [03/Nov/2014:00:00:57 +1100] "GET /logout.php HTTP/1.1" 200 134 "http://utsems.net/updateEventV.php?e_ID=4" "Mozilla/5.0 (Windows NT 6.1; WOW64) AppleWebKit/537.36 (KHTML, like Gecko) Chrome/35.0.1916.114 Safari/537.36"
123.243.94.196 - - [03/Nov/2014:00:00:57 +1100] "GET /index.php HTTP/1.1" 200 1143 "http://utsems.net/logout.php" "Mozilla/5.0 (Windows NT 6.1; WOW64) AppleWebKit/537.36 (KHTML, like Gecko) Chrome/35.0.1916.114 Safari/537.36"
114.76.232.57 - - [03/Nov/2014:00:01:07 +1100] "POST /newActivityProcess.php?e_ID=23 HTTP/1.1" 200 1064 "http://utsems.net/addActivities.php?e_ID=23" "Mozilla/5.0 (Macintosh; Intel Mac OS X 10_10) AppleWebKit/600.1.25 (KHTML, like Gecko) Version/8.0 Safari/600.1.25"
114.76.232.57 - - [03/Nov/2014:00:01:07 +1100] "GET /manageActivity.php?a_ID=49 HTTP/1.1" 200 3115 "http://utsems.net/newActivityProcess.php?e_ID=23" "Mozilla/5.0 (Macintosh; Intel Mac OS X 10_10) AppleWebKit/600.1.25 (KHTML, like Gecko) Version/8.0 Safari/600.1.25"
123.243.94.196 - - [03/Nov/2014:00:02:38 +1100] "GET /logout.php HTTP/1.1" 200 134 "http://utsems.net/viewUsers.php" "Mozilla/5.0 (Windows NT 6.1; WOW64; rv:27.0) Gecko/20100101 Firefox/27.0"
123.243.94.196 - - [03/Nov/2014:00:02:39 +1100] "GET /index.php HTTP/1.1" 200 1143 "http://utsems.net/logout.php" "Mozilla/5.0 (Windows NT 6.1; WOW64; rv:27.0) Gecko/20100101 Firefox/27.0"
123.243.94.196 - - [03/Nov/2014:00:03:00 +1100] "POST /loginProcess.php HTTP/1.1" 200 100 "http://utsems.net/index.php" "Mozilla/5.0 (Windows NT 6.1; WOW64; rv:27.0) Gecko/20100101 Firefox/27.0"
123.243.94.196 - - [03/Nov/2014:00:03:02 +1100] "GET /userAuthenticated.php HTTP/1.1" 200 151 "http://utsems.net/loginProcess.php" "Mozilla/5.0 (Windows NT 6.1; WOW64; rv:27.0) Gecko/20100101 Firefox/27.0"
123.243.94.196 - - [03/Nov/2014:00:03:02 +1100] "GET /viewPositions.php HTTP/1.1" 200 5140 "http://utsems.net/userAuthenticated.php" "Mozilla/5.0 (Windows NT 6.1; WOW64; rv:27.0) Gecko/20100101 Firefox/27.0"
123.243.94.196 - - [03/Nov/2014:00:03:36 +1100] "POST /viewVolunteerActivityDetails.php HTTP/1.1" 200 2224 "http://utsems.net/viewPositions.php" "Mozilla/5.0 (Windows NT 6.1; WOW64; rv:27.0) Gecko/20100101 Firefox/27.0"
123.243.94.196 - - [03/Nov/2014:00:04:23 +1100] "GET /viewPositions.php HTTP/1.1" 200 5140 "http://utsems.net/viewVolunteerActivityDetails.php" "Mozilla/5.0 (Windows NT 6.1; WOW64; rv:27.0) Gecko/20100101 Firefox/27.0"
122.106.159.61 - - [03/Nov/2014:00:04:41 +1100] "GET /viewPositions.php HTTP/1.1" 200 5564 "http://www.utsems.net/viewPositions.php" "Mozilla/5.0 (Windows NT 6.2; WOW64) AppleWebKit/537.36 (KHTML, like Gecko) Chrome/38.0.2125.111 Safari/537.36"
123.243.82.58 - - [03/Nov/2014:00:05:38 +1100] "GET /viewPositions.php HTTP/1.1" 200 5133 "http://utsems.net/viewPositions.php" "Mozilla/5.0 (compatible; MSIE 10.0; Windows NT 6.2; WOW64; Trident/6.0; ASU2JS)"
122.106.159.61 - - [03/Nov/2014:00:05:53 +1100] "GET /dashboardEM.php HTTP/1.1" 200 2505 "http://www.utsems.net/viewEventsEM.php" "Mozilla/5.0 (compatible; MSIE 10.0; Windows NT 6.2; WOW64; Trident/6.0; Touch; MAARJS)"
122.106.159.61 - - [03/Nov/2014:00:05:53 +1100] "GET /form.css HTTP/1.1" 304 - "http://www.utsems.net/dashboardEM.php" "Mozilla/5.0 (compatible; MSIE 10.0; Windows NT 6.2; WOW64; Trident/6.0; Touch; MAARJS)"
122.106.159.61 - - [03/Nov/2014:00:05:53 +1100] "GET /buttons.css HTTP/1.1" 304 - "http://www.utsems.net/dashboardEM.php" "Mozilla/5.0 (compatible; MSIE 10.0; Windows NT 6.2; WOW64; Trident/6.0; Touch; MAARJS)"
122.106.159.61 - - [03/Nov/2014:00:06:31 +1100] "POST /manageEvent.php HTTP/1.1" 200 2695 "http://www.utsems.net/dashboardEM.php" "Mozilla/5.0 (compatible; MSIE 10.0; Windows NT 6.2; WOW64; Trident/6.0; Touch; MAARJS)"
122.106.159.61 - - [03/Nov/2014:00:07:29 +1100] "POST /manageEvent.php HTTP/1.1" 200 2688 "http://www.utsems.net/dashboardEM.php" "Mozilla/5.0 (compatible; MSIE 10.0; Windows NT 6.2; WOW64; Trident/6.0; Touch; MAARJS)"
122.106.159.61 - - [03/Nov/2014:00:07:29 +1100] "GET /buttons.css HTTP/1.1" 304 - "http://www.utsems.net/manageEvent.php" "Mozilla/5.0 (compatible; MSIE 10.0; Windows NT 6.2; WOW64; Trident/6.0; Touch; MAARJS)"
122.106.159.61 - - [03/Nov/2014:00:07:29 +1100] "GET /form.css HTTP/1.1" 304 - "http://www.utsems.net/manageEvent.php" "Mozilla/5.0 (compatible; MSIE 10.0; Windows NT 6.2; WOW64; Trident/6.0; Touch; MAARJS)"
122.106.159.61 - - [03/Nov/2014:00:08:28 +1100] "POST /manageEvent.php HTTP/1.1" 200 2691 "http://www.utsems.net/dashboardEM.php" "Mozilla/5.0 (compatible; MSIE 10.0; Windows NT 6.2; WOW64; Trident/6.0; Touch; MAARJS)"
122.106.159.61 - - [03/Nov/2014:00:08:28 +1100] "GET /form.css HTTP/1.1" 304 - "http://www.utsems.net/manageEvent.php" "Mozilla/5.0 (compatible; MSIE 10.0; Windows NT 6.2; WOW64; Trident/6.0; Touch; MAARJS)"
122.106.159.61 - - [03/Nov/2014:00:08:28 +1100] "GET /buttons.css HTTP/1.1" 304 - "http://www.utsems.net/manageEvent.php" "Mozilla/5.0 (compatible; MSIE 10.0; Windows NT 6.2; WOW64; Trident/6.0; Touch; MAARJS)"
122.106.159.61 - - [03/Nov/2014:00:08:45 +1100] "POST /manageActivity.php HTTP/1.1" 200 3119 "http://www.utsems.net/manageEvent.php" "Mozilla/5.0 (compatible; MSIE 10.0; Windows NT 6.2; WOW64; Trident/6.0; Touch; MAARJS)"
122.106.159.61 - - [03/Nov/2014:00:08:51 +1100] "GET /manageEvent.php?e_ID=33 HTTP/1.1" 200 2691 "http://www.utsems.net/manageActivity.php" "Mozilla/5.0 (compatible; MSIE 10.0; Windows NT 6.2; WOW64; Trident/6.0; Touch; MAARJS)"
122.106.159.61 - - [03/Nov/2014:00:08:55 +1100] "GET /viewEventsEM.php HTTP/1.1" 200 4261 "http://www.utsems.net/manageEvent.php?e_ID=33" "Mozilla/5.0 (compatible; MSIE 10.0; Windows NT 6.2; WOW64; Trident/6.0; Touch; MAARJS)"
122.106.159.61 - - [03/Nov/2014:00:09:00 +1100] "GET /viewUsers.php HTTP/1.1" 200 6777 "http://www.utsems.net/viewEventsEM.php" "Mozilla/5.0 (compatible; MSIE 10.0; Windows NT 6.2; WOW64; Trident/6.0; Touch; MAARJS)"
122.106.159.61 - - [03/Nov/2014:00:09:19 +1100] "GET /logout.php HTTP/1.1" 200 134 "http://www.utsems.net/viewUsers.php" "Mozilla/5.0 (compatible; MSIE 10.0; Windows NT 6.2; WOW64; Trident/6.0; Touch; MAARJS)"
122.106.159.61 - - [03/Nov/2014:00:09:20 +1100] "GET /index.php HTTP/1.1" 200 1143 "http://www.utsems.net/logout.php" "Mozilla/5.0 (compatible; MSIE 10.0; Windows NT 6.2; WOW64; Trident/6.0; Touch; MAARJS)"
122.106.159.61 - - [03/Nov/2014:00:09:20 +1100] "GET /loginform.css HTTP/1.1" 304 - "http://www.utsems.net/index.php" "Mozilla/5.0 (compatible; MSIE 10.0; Windows NT 6.2; WOW64; Trident/6.0; Touch; MAARJS)"
122.106.159.61 - - [03/Nov/2014:00:09:24 +1100] "POST /loginProcess.php HTTP/1.1" 200 100 "http://www.utsems.net/index.php" "Mozilla/5.0 (compatible; MSIE 10.0; Windows NT 6.2; WOW64; Trident/6.0; Touch; MAARJS)"
122.106.159.61 - - [03/Nov/2014:00:09:25 +1100] "GET /userAuthenticated.php HTTP/1.1" 200 145 "http://www.utsems.net/loginProcess.php" "Mozilla/5.0 (compatible; MSIE 10.0; Windows NT 6.2; WOW64; Trident/6.0; Touch; MAARJS)"
