122.106.159.61 - - [03/Nov/2014:01:20:33 +1100] "POST /loginProcess.php HTTP/1.1" 200 206 "http://www.utsems.net/index.php" "Mozilla/5.0 (compatible; MSIE 10.0; Windows NT 6.2; WOW64; Trident/6.0; Touch; MAARJS)"
122.106.159.61 - - [03/Nov/2014:01:20:35 +1100] "GET /index.php HTTP/1.1" 200 1143 "http://www.utsems.net/loginProcess.php" "Mozilla/5.0 (compatible; MSIE 10.0; Windows NT 6.2; WOW64; Trident/6.0; Touch; MAARJS)"
122.106.159.61 - - [03/Nov/2014:01:20:38 +1100] "POST /loginProcess.php HTTP/1.1" 200 206 "http://www.utsems.net/index.php" "Mozilla/5.0 (compatible; MSIE 10.0; Windows NT 6.2; WOW64; Trident/6.0; Touch; MAARJS)"
122.106.159.61 - - [03/Nov/2014:01:20:44 +1100] "GET /index.php HTTP/1.1" 200 1143 "http://www.utsems.net/loginProcess.php" "Mozilla/5.0 (compatible; MSIE 10.0; Windows NT 6.2; WOW64; Trident/6.0; Touch; MAARJS)"
122.106.159.61 - - [03/Nov/2014:01:20:59 +1100] "POST /loginProcess.php HTTP/1.1" 200 100 "http://www.utsems.net/index.php" "Mozilla/5.0 (compatible; MSIE 10.0; Windows NT 6.2; WOW64; Trident/6.0; Touch; MAARJS)"
122.106.159.61 - - [03/Nov/2014:01:21:00 +1100] "GET /userAuthenticated.php HTTP/1.1" 200 145 "http://www.utsems.net/loginProcess.php" "Mozilla/5.0 (compatible; MSIE 10.0; Windows NT 6.2; WOW64; Trident/6.0; Touch; MAARJS)"
122.106.159.61 - - [03/Nov/2014:01:21:00 +1100] "GET /viewEventsEM.php HTTP/1.1" 200 4398 "http://www.utsems.net/userAuthenticated.php" "Mozilla/5.0 (compatible; MSIE 10.0; Windows NT 6.2; WOW64; Trident/6.0; Touch; MAARJS)"
122.106.159.61 - - [03/Nov/2014:01:23:33 +1100] "GET /logout.php HTTP/1.1" 200 134 "http://www.utsems.net/viewPositions.php" "Mozilla/5.0 (Windows NT 6.2; WOW64) AppleWebKit/537.36 (KHTML, like Gecko) Chrome/38.0.2125.111 Safari/537.36"
122.106.159.61 - - [03/Nov/2014:01:23:33 +1100] "GET /index.php HTTP/1.1" 200 1143 "http://www.utsems.net/logout.php" "Mozilla/5.0 (Windows NT 6.2; WOW64) AppleWebKit/537.36 (KHTML, like Gecko) Chrome/38.0.2125.111 Safari/537.36"
122.106.159.61 - - [03/Nov/2014:01:23:35 +1100] "POST /loginProcess.php HTTP/1.1" 200 100 "http://www.utsems.net/index.php" "Mozilla/5.0 (Windows NT 6.2; WOW64) AppleWebKit/537.36 (KHTML, like Gecko) Chrome/38.0.2125.111 Safari/537.36"
122.106.159.61 - - [03/Nov/2014:01:23:35 +1100] "GET /userAuthenticated.php HTTP/1.1" 200 151 "http://www.utsems.net/loginProcess.php" "Mozilla/5.0 (Windows NT 6.2; WOW64) AppleWebKit/537.36 (KHTML, like Gecko) Chrome/38.0.2125.111 Safari/537.36"
122.106.159.61 - - [03/Nov/2014:01:23:35 +1100] "GET /viewPositions.php HTTP/1.1" 200 5770 "http://www.utsems.net/userAuthenticated.php" "Mozilla/5.0 (Windows NT 6.2; WOW64) AppleWebKit/537.36 (KHTML, like Gecko) Chrome/38.0.2125.111 Safari/537.36"
122.106.159.61 - - [03/Nov/2014:01:23:38 +1100] "GET /prefs.php HTTP/1.1" 404 - "http://www.utsems.net/viewPositions.php" "Mozilla/5.0 (Windows NT 6.2; WOW64) AppleWebKit/537.36 (KHTML, like Gecko) Chrome/38.0.2125.111 Safari/537.36"
123.243.82.58 - - [03/Nov/2014:01:24:40 +1100] "POST /updateActivityProcessV.php?a_ID=51 HTTP/1.1" 302 - "http://utsems.net/updateActivityV.php?a_ID=51" "Mozilla/5.0 (Windows NT 6.2; WOW64) AppleWebKit/537.36 (KHTML, like Gecko) Chrome/38.0.2125.111 Safari/537.36"
123.243.82.58 - - [03/Nov/2014:01:24:40 +1100] "GET /manageActivity.php?a_ID=51 HTTP/1.1" 200 3141 "http://utsems.net/updateActivityV.php?a_ID=51" "Mozilla/5.0 (Windows NT 6.2; WOW64) AppleWebKit/537.36 (KHTML, like Gecko) Chrome/38.0.2125.111 Safari/537.36"
123.243.82.58 - - [03/Nov/2014:01:24:40 +1100] "GET /buttons.css HTTP/1.1" 304 - "http://utsems.net/manageActivity.php?a_ID=51" "Mozilla/5.0 (Windows NT 6.2; WOW64) AppleWebKit/537.36 (KHTML, like Gecko) Chrome/38.0.2125.111 Safari/537.36"
123.243.82.58 - - [03/Nov/2014:01:25:02 +1100] "POST /updateActivityV.php?a_ID=51 HTTP/1.1" 200 8050 "http://utsems.net/manageActivity.php?a_ID=51" "Mozilla/5.0 (Windows NT 6.2; WOW64) AppleWebKit/537.36 (KHTML, like Gecko) Chrome/38.0.2125.111 Safari/537.36"
123.243.82.58 - - [03/Nov/2014:01:25:03 +1100] "GET /resources/demos/style.css HTTP/1.1" 404 - "http://utsems.net/updateActivityV.php?a_ID=51" "Mozilla/5.0 (Windows NT 6.2; WOW64) AppleWebKit/537.36 (KHTML, like Gecko) Chrome/38.0.2125.111 Safari/537.36"
123.243.82.58 - - [03/Nov/2014:01:25:48 +1100] "POST /updateActivityProcessV.php?a_ID=51 HTTP/1.1" 302 - "http://utsems.net/updateActivityV.php?a_ID=51" "Mozilla/5.0 (Windows NT 6.2; WOW64) AppleWebKit/537.36 (KHTML, like Gecko) Chrome/38.0.2125.111 Safari/537.36"
123.243.82.58 - - [03/Nov/2014:01:25:48 +1100] "GET /manageActivity.php?a_ID=51 HTTP/1.1" 200 3141 "http://utsems.net/updateActivityV.php?a_ID=51" "Mozilla/5.0 (Windows NT 6.2; WOW64) AppleWebKit/537.36 (KHTML, like Gecko) Chrome/38.0.2125.111 Safari/537.36"
123.243.82.58 - - [03/Nov/2014:01:25:50 +1100] "POST /updateActivityV.php?a_ID=51 HTTP/1.1" 200 8050 "http://utsems.net/manageActivity.php?a_ID=51" "Mozilla/5.0 (Windows NT 6.2; WOW64) AppleWebKit/537.36 (KHTML, like Gecko) Chrome/38.0.2125.111 Safari/537.36"
123.243.82.58 - - [03/Nov/2014:01:25:50 +1100] "GET /resources/demos/style.css HTTP/1.1" 404 - "http://utsems.net/updateActivityV.php?a_ID=51" "Mozilla/5.0 (Windows NT 6.2; WOW64) AppleWebKit/537.36 (KHTML, like Gecko) Chrome/38.0.2125.111 Safari/537.36"
122.106.159.61 - - [03/Nov/2014:01:29:21 +1100] "GET /viewUsers.php HTTP/1.1" 200 6913 "http://www.utsems.net/viewEventsEM.php" "Mozilla/5.0 (compatible; MSIE 10.0; Windows NT 6.2; WOW64; Trident/6.0; Touch; MAARJS)"
122.106.159.61 - - [03/Nov/2014:01:29:26 +1100] "POST /addUserTypeProcess.php HTTP/1.1" 200 102 "http://www.utsems.net/viewUsers.php" "Mozilla/5.0 (compatible; MSIE 10.0; Windows NT 6.2; WOW64; Trident/6.0; Touch; MAARJS)"
122.106.159.61 - - [03/Nov/2014:01:29:26 +1100] "GET /addUserV.php HTTP/1.1" 200 7218 "http://www.utsems.net/addUserTypeProcess.php" "Mozilla/5.0 (compatible; MSIE 10.0; Windows NT 6.2; WOW64; Trident/6.0; Touch; MAARJS)"
122.106.159.61 - - [03/Nov/2014:01:29:31 +1100] "POST /newUserProcess.php HTTP/1.1" 200 490 "http://www.utsems.net/addUserV.php" "Mozilla/5.0 (compatible; MSIE 10.0; Windows NT 6.2; WOW64; Trident/6.0; Touch; MAARJS)"
122.106.159.61 - - [03/Nov/2014:01:29:44 +1100] "GET /addUserV.php HTTP/1.1" 200 7218 "http://www.utsems.net/addUserTypeProcess.php" "Mozilla/5.0 (compatible; MSIE 10.0; Windows NT 6.2; WOW64; Trident/6.0; Touch; MAARJS)"
122.106.159.61 - - [03/Nov/2014:01:29:51 +1100] "GET /addUserV.php HTTP/1.1" 200 7218 "http://www.utsems.net/addUserTypeProcess.php" "Mozilla/5.0 (compatible; MSIE 10.0; Windows NT 6.2; WOW64; Trident/6.0; Touch; MAARJS)"
122.106.159.61 - - [03/Nov/2014:01:29:51 +1100] "GET /buttons.css HTTP/1.1" 304 - "http://www.utsems.net/addUserV.php" "Mozilla/5.0 (compatible; MSIE 10.0; Windows NT 6.2; WOW64; Trident/6.0; Touch; MAARJS)"
122.106.159.61 - - [03/Nov/2014:01:29:51 +1100] "GET /form.css HTTP/1.1" 304 - "http://www.utsems.net/addUserV.php" "Mozilla/5.0 (compatible; MSIE 10.0; Windows NT 6.2; WOW64; Trident/6.0; Touch; MAARJS)"
122.106.159.61 - - [03/Nov/2014:01:31:21 +1100] "POST /newUserProcess.php HTTP/1.1" 200 717 "http://www.utsems.net/addUserV.php" "Mozilla/5.0 (compatible; MSIE 10.0; Windows NT 6.2; WOW64; Trident/6.0; Touch; MAARJS)"
122.106.159.61 - - [03/Nov/2014:01:31:23 +1100] "GET /viewUsers.php HTTP/1.1" 200 7048 "http://www.utsems.net/newUserProcess.php" "Mozilla/5.0 (compatible; MSIE 10.0; Windows NT 6.2; WOW64; Trident/6.0; Touch; MAARJS)"
122.106.159.61 - - [03/Nov/2014:01:33:37 +1100] "POST /addUserTypeProcess.php HTTP/1.1" 200 102 "http://www.utsems.net/viewUsers.php" "Mozilla/5.0 (compatible; MSIE 10.0; Windows NT 6.2; WOW64; Trident/6.0; Touch; MAARJS)"
122.106.159.61 - - [03/Nov/2014:01:33:37 +1100] "GET /addUserV.php HTTP/1.1" 200 7217 "http://www.utsems.net/addUserTypeProcess.php" "Mozilla/5.0 (compatible; MSIE 10.0; Windows NT 6.2; WOW64; Trident/6.0; Touch; MAARJS)"
122.106.159.61 - - [03/Nov/2014:01:34:05 +1100] "POST /newUserProcess.php HTTP/1.1" 200 717 "http://www.utsems.net/addUserV.php" "Mozilla/5.0 (compatible; MSIE 10.0; Windows NT 6.2; WOW64; Trident/6.0; Touch; MAARJS)"
122.106.159.61 - - [03/Nov/2014:01:34:07 +1100] "GET /viewUsers.php HTTP/1.1" 200 7182 "http://www.utsems.net/newUserProcess.php" "Mozilla/5.0 (compatible; MSIE 10.0; Windows NT 6.2; WOW64; Trident/6.0; Touch; MAARJS)"
122.106.159.61 - - [03/Nov/2014:01:34:11 +1100] "POST /updateUserTypeProcess.php HTTP/1.1" 302 - "http://www.utsems.net/viewUsers.php" "Mozilla/5.0 (compatible; MSIE 10.0; Windows NT 6.2; WOW64; Trident/6.0; Touch; MAARJS)"
122.106.159.61 - - [03/Nov/2014:01:34:11 +1100] "GET /updateUserV.php?u_ID=24234242 HTTP/1.1" 200 8642 "http://www.utsems.net/viewUsers.php" "Mozilla/5.0 (compatible; MSIE 10.0; Windows NT 6.2; WOW64; Trident/6.0; Touch; MAARJS)"
123.243.94.196 - - [03/Nov/2014:01:34:13 +1100] "GET /favicon.ico HTTP/1.1" 404 - "-" "Mozilla/5.0 (Windows NT 6.1; WOW64) AppleWebKit/537.36 (KHTML, like Gecko) Chrome/30.0.1599.101 Safari/537.36"
123.243.94.196 - - [03/Nov/2014:01:34:13 +1100] "GET /favicon.ico HTTP/1.1" 404 - "-" "Mozilla/5.0 (Windows NT 6.1; WOW64) AppleWebKit/537.36 (KHTML, like Gecko) Chrome/30.0.1599.101 Safari/537.36"
123.243.94.196 - - [03/Nov/2014:01:34:13 +1100] "GET / HTTP/1.1" 200 1143 "-" "Mozilla/5.0 (Windows NT 6.1; WOW64) AppleWebKit/537.36 (KHTML, like Gecko) Chrome/30.0.1599.101 Safari/537.36"
123.243.94.196 - - [03/Nov/2014:01:34:13 +1100] "GET /favicon.ico HTTP/1.1" 404 - "-" "Mozilla/5.0 (Windows NT 6.1; WOW64) AppleWebKit/537.36 (KHTML, like Gecko) Chrome/30.0.1599.101 Safari/537.36"
122.106.159.61 - - [03/Nov/2014:01:34:18 +1100] "POST /deleteUserProcess.php?duser_ID=24234242 HTTP/1.1" 200 764 "http://www.utsems.net/updateUserV.php?u_ID=24234242" "Mozilla/5.0 (compatible; MSIE 10.0; Windows NT 6.2; WOW64; Trident/6.0; Touch; MAARJS)"
122.106.159.61 - - [03/Nov/2014:01:34:19 +1100] "GET /viewUsers.php HTTP/1.1" 200 7048 "http://www.utsems.net/deleteUserProcess.php?duser_ID=24234242" "Mozilla/5.0 (compatible; MSIE 10.0; Windows NT 6.2; WOW64; Trident/6.0; Touch; MAARJS)"
122.106.159.61 - - [03/Nov/2014:01:34:39 +1100] "POST /updateUserTypeProcess.php HTTP/1.1" 302 - "http://www.utsems.net/viewUsers.php" "Mozilla/5.0 (compatible; MSIE 10.0; Windows NT 6.2; WOW64; Trident/6.0; Touch; MAARJS)"
122.106.159.61 - - [03/Nov/2014:01:34:39 +1100] "GET /updateUserV.php?u_ID=33333 HTTP/1.1" 200 8621 "http://www.utsems.net/viewUsers.php" "Mozilla/5.0 (compatible; MSIE 10.0; Windows NT 6.2; WOW64; Trident/6.0; Touch; MAARJS)"
122.106.159.61 - - [03/Nov/2014:01:34:49 +1100] "POST /viewUsers.php HTTP/1.1" 200 7048 "http://www.utsems.net/updateUserV.php?u_ID=33333" "Mozilla/5.0 (compatible; MSIE 10.0; Windows NT 6.2; WOW64; Trident/6.0; Touch; MAARJS)"
122.106.159.61 - - [03/Nov/2014:01:35:10 +1100] "POST /updateUserTypeProcess.php HTTP/1.1" 302 - "http://www.utsems.net/viewUsers.php" "Mozilla/5.0 (compatible; MSIE 10.0; Windows NT 6.2; WOW64; Trident/6.0; Touch; MAARJS)"
122.106.159.61 - - [03/Nov/2014:01:35:10 +1100] "GET /updateUserEM.php?u_ID=22222224 HTTP/1.1" 200 8121 "http://www.utsems.net/viewUsers.php" "Mozilla/5.0 (compatible; MSIE 10.0; Windows NT 6.2; WOW64; Trident/6.0; Touch; MAARJS)"
122.106.159.61 - - [03/Nov/2014:01:35:15 +1100] "POST /viewUsers.php HTTP/1.1" 200 7048 "http://www.utsems.net/updateUserEM.php?u_ID=22222224" "Mozilla/5.0 (compatible; MSIE 10.0; Windows NT 6.2; WOW64; Trident/6.0; Touch; MAARJS)"
122.106.159.61 - - [03/Nov/2014:01:35:22 +1100] "POST /updateUserTypeProcess.php HTTP/1.1" 302 - "http://www.utsems.net/viewUsers.php" "Mozilla/5.0 (compatible; MSIE 10.0; Windows NT 6.2; WOW64; Trident/6.0; Touch; MAARJS)"
122.106.159.61 - - [03/Nov/2014:01:35:22 +1100] "GET /updateUserV.php?u_ID=101202 HTTP/1.1" 200 8661 "http://www.utsems.net/viewUsers.php" "Mozilla/5.0 (compatible; MSIE 10.0; Windows NT 6.2; WOW64; Trident/6.0; Touch; MAARJS)"
122.106.159.61 - - [03/Nov/2014:01:35:34 +1100] "GET /viewUsers.php HTTP/1.1" 200 7048 "http://www.utsems.net/updateUserV.php?u_ID=101202" "Mozilla/5.0 (compatible; MSIE 10.0; Windows NT 6.2; WOW64; Trident/6.0; Touch; MAARJS)"
122.106.159.61 - - [03/Nov/2014:01:35:38 +1100] "POST /addUserTypeProcess.php HTTP/1.1" 200 102 "http://www.utsems.net/viewUsers.php" "Mozilla/5.0 (compatible; MSIE 10.0; Windows NT 6.2; WOW64; Trident/6.0; Touch; MAARJS)"
122.106.159.61 - - [03/Nov/2014:01:35:39 +1100] "GET /addUserV.php HTTP/1.1" 200 7217 "http://www.utsems.net/addUserTypeProcess.php" "Mozilla/5.0 (compatible; MSIE 10.0; Windows NT 6.2; WOW64; Trident/6.0; Touch; MAARJS)"
122.106.159.61 - - [03/Nov/2014:01:40:00 +1100] "GET /addUserV.php HTTP/1.1" 200 7231 "http://www.utsems.net/addUserTypeProcess.php" "Mozilla/5.0 (compatible; MSIE 10.0; Windows NT 6.2; WOW64; Trident/6.0; Touch; MAARJS)"
122.106.159.61 - - [03/Nov/2014:01:40:00 +1100] "GET /buttons.css HTTP/1.1" 304 - "http://www.utsems.net/addUserV.php" "Mozilla/5.0 (compatible; MSIE 10.0; Windows NT 6.2; WOW64; Trident/6.0; Touch; MAARJS)"
122.106.159.61 - - [03/Nov/2014:01:40:00 +1100] "GET /form.css HTTP/1.1" 304 - "http://www.utsems.net/addUserV.php" "Mozilla/5.0 (compatible; MSIE 10.0; Windows NT 6.2; WOW64; Trident/6.0; Touch; MAARJS)"
122.106.159.61 - - [03/Nov/2014:01:40:07 +1100] "POST /newUserProcess.php HTTP/1.1" 200 717 "http://www.utsems.net/addUserV.php" "Mozilla/5.0 (compatible; MSIE 10.0; Windows NT 6.2; WOW64; Trident/6.0; Touch; MAARJS)"
122.106.159.61 - - [03/Nov/2014:01:40:14 +1100] "GET /viewUsers.php HTTP/1.1" 200 7184 "http://www.utsems.net/newUserProcess.php" "Mozilla/5.0 (compatible; MSIE 10.0; Windows NT 6.2; WOW64; Trident/6.0; Touch; MAARJS)"
122.106.159.61 - - [03/Nov/2014:01:40:32 +1100] "POST /addUserTypeProcess.php HTTP/1.1" 200 102 "http://www.utsems.net/viewUsers.php" "Mozilla/5.0 (compatible; MSIE 10.0; Windows NT 6.2; WOW64; Trident/6.0; Touch; MAARJS)"
122.106.159.61 - - [03/Nov/2014:01:40:33 +1100] "GET /addUserV.php HTTP/1.1" 200 7231 "http://www.utsems.net/addUserTypeProcess.php" "Mozilla/5.0 (compatible; MSIE 10.0; Windows NT 6.2; WOW64; Trident/6.0; Touch; MAARJS)"
122.106.159.61 - - [03/Nov/2014:01:40:37 +1100] "POST /newUserProcess.php HTTP/1.1" 200 717 "http://www.utsems.net/addUserV.php" "Mozilla/5.0 (compatible; MSIE 10.0; Windows NT 6.2; WOW64; Trident/6.0; Touch; MAARJS)"
122.106.159.61 - - [03/Nov/2014:01:40:40 +1100] "GET /viewUsers.php HTTP/1.1" 200 7314 "http://www.utsems.net/newUserProcess.php" "Mozilla/5.0 (compatible; MSIE 10.0; Windows NT 6.2; WOW64; Trident/6.0; Touch; MAARJS)"
123.243.94.196 - - [03/Nov/2014:01:42:11 +1100] "GET / HTTP/1.1" 200 1143 "-" "Mozilla/5.0 (Windows NT 6.1; WOW64) AppleWebKit/537.36 (KHTML, like Gecko) Chrome/30.0.1599.101 Safari/537.36"
123.243.94.196 - - [03/Nov/2014:01:42:35 +1100] "GET / HTTP/1.1" 200 1143 "-" "Mozilla/5.0 (Windows NT 6.1; WOW64; rv:30.0) Gecko/20100101 Firefox/30.0"
123.243.94.196 - - [03/Nov/2014:01:42:35 +1100] "GET /loginform.css HTTP/1.1" 304 - "http://utsems.net/" "Mozilla/5.0 (Windows NT 6.1; WOW64; rv:30.0) Gecko/20100101 Firefox/30.0"
123.243.94.196 - - [03/Nov/2014:01:42:35 +1100] "GET /favicon.ico HTTP/1.1" 404 - "-" "Mozilla/5.0 (Windows NT 6.1; WOW64; rv:30.0) Gecko/20100101 Firefox/30.0"
123.243.94.196 - - [03/Nov/2014:01:42:35 +1100] "GET /favicon.ico HTTP/1.1" 404 - "-" "Mozilla/5.0 (Windows NT 6.1; WOW64; rv:30.0) Gecko/20100101 Firefox/30.0"
122.106.159.61 - - [03/Nov/2014:01:42:35 +1100] "POST /updateUserTypeProcess.php HTTP/1.1" 302 - "http://www.utsems.net/viewUsers.php" "Mozilla/5.0 (compatible; MSIE 10.0; Windows NT 6.2; WOW64; Trident/6.0; Touch; MAARJS)"
122.106.159.61 - - [03/Nov/2014:01:42:35 +1100] "GET /updateUserEM.php?u_ID=22222224 HTTP/1.1" 200 8121 "http://www.utsems.net/viewUsers.php" "Mozilla/5.0 (compatible; MSIE 10.0; Windows NT 6.2; WOW64; Trident/6.0; Touch; MAARJS)"
123.243.94.196 - - [03/Nov/2014:01:42:43 +1100] "POST /loginProcess.php HTTP/1.1" 200 100 "http://utsems.net/" "Mozilla/5.0 (Windows NT 6.1; WOW64; rv:30.0) Gecko/20100101 Firefox/30.0"
123.243.94.196 - - [03/Nov/2014:01:42:43 +1100] "GET /userAuthenticated.php HTTP/1.1" 200 145 "http://utsems.net/loginProcess.php" "Mozilla/5.0 (Windows NT 6.1; WOW64; rv:30.0) Gecko/20100101 Firefox/30.0"
122.106.159.61 - - [03/Nov/2014:01:42:43 +1100] "POST /viewUsers.php HTTP/1.1" 200 7314 "http://www.utsems.net/updateUserEM.php?u_ID=22222224" "Mozilla/5.0 (compatible; MSIE 10.0; Windows NT 6.2; WOW64; Trident/6.0; Touch; MAARJS)"
123.243.94.196 - - [03/Nov/2014:01:42:44 +1100] "GET /viewEventsEM.php HTTP/1.1" 200 4446 "http://utsems.net/userAuthenticated.php" "Mozilla/5.0 (Windows NT 6.1; WOW64; rv:30.0) Gecko/20100101 Firefox/30.0"
123.243.94.196 - - [03/Nov/2014:01:42:44 +1100] "GET /buttons.css HTTP/1.1" 304 - "http://utsems.net/viewEventsEM.php" "Mozilla/5.0 (Windows NT 6.1; WOW64; rv:30.0) Gecko/20100101 Firefox/30.0"
123.243.94.196 - - [03/Nov/2014:01:42:46 +1100] "GET /viewUsers.php HTTP/1.1" 200 7362 "http://utsems.net/viewEventsEM.php" "Mozilla/5.0 (Windows NT 6.1; WOW64; rv:30.0) Gecko/20100101 Firefox/30.0"
122.106.159.61 - - [03/Nov/2014:01:42:57 +1100] "POST /addUserTypeProcess.php HTTP/1.1" 200 102 "http://www.utsems.net/viewUsers.php" "Mozilla/5.0 (compatible; MSIE 10.0; Windows NT 6.2; WOW64; Trident/6.0; Touch; MAARJS)"
122.106.159.61 - - [03/Nov/2014:01:42:58 +1100] "GET /addUserV.php HTTP/1.1" 200 7232 "http://www.utsems.net/addUserTypeProcess.php" "Mozilla/5.0 (compatible; MSIE 10.0; Windows NT 6.2; WOW64; Trident/6.0; Touch; MAARJS)"
123.243.94.196 - - [03/Nov/2014:01:43:05 +1100] "POST /updateUserTypeProcess.php HTTP/1.1" 302 - "http://utsems.net/viewUsers.php" "Mozilla/5.0 (Windows NT 6.1; WOW64; rv:30.0) Gecko/20100101 Firefox/30.0"
123.243.94.196 - - [03/Nov/2014:01:43:05 +1100] "GET /updateUserV.php?u_ID=694181386 HTTP/1.1" 200 8689 "http://utsems.net/viewUsers.php" "Mozilla/5.0 (Windows NT 6.1; WOW64; rv:30.0) Gecko/20100101 Firefox/30.0"
123.243.94.196 - - [03/Nov/2014:01:43:05 +1100] "GET /form.css HTTP/1.1" 304 - "http://utsems.net/updateUserV.php?u_ID=694181386" "Mozilla/5.0 (Windows NT 6.1; WOW64; rv:30.0) Gecko/20100101 Firefox/30.0"
122.106.159.61 - - [03/Nov/2014:01:44:04 +1100] "GET /addUserV.php HTTP/1.1" 200 7245 "http://www.utsems.net/addUserTypeProcess.php" "Mozilla/5.0 (compatible; MSIE 10.0; Windows NT 6.2; WOW64; Trident/6.0; Touch; MAARJS)"
122.106.159.61 - - [03/Nov/2014:01:44:04 +1100] "GET /form.css HTTP/1.1" 304 - "http://www.utsems.net/addUserV.php" "Mozilla/5.0 (compatible; MSIE 10.0; Windows NT 6.2; WOW64; Trident/6.0; Touch; MAARJS)"
122.106.159.61 - - [03/Nov/2014:01:44:04 +1100] "GET /buttons.css HTTP/1.1" 304 - "http://www.utsems.net/addUserV.php" "Mozilla/5.0 (compatible; MSIE 10.0; Windows NT 6.2; WOW64; Trident/6.0; Touch; MAARJS)"
123.243.94.196 - - [03/Nov/2014:01:44:31 +1100] "GET /viewUsers.php HTTP/1.1" 200 7362 "http://utsems.net/updateUserV.php?u_ID=694181386" "Mozilla/5.0 (Windows NT 6.1; WOW64; rv:30.0) Gecko/20100101 Firefox/30.0"
123.243.94.196 - - [03/Nov/2014:01:44:34 +1100] "POST /updateUserTypeProcess.php HTTP/1.1" 302 - "http://utsems.net/viewUsers.php" "Mozilla/5.0 (Windows NT 6.1; WOW64; rv:30.0) Gecko/20100101 Firefox/30.0"
123.243.94.196 - - [03/Nov/2014:01:44:34 +1100] "GET /updateUserEM.php?u_ID=22222224 HTTP/1.1" 200 8169 "http://utsems.net/viewUsers.php" "Mozilla/5.0 (Windows NT 6.1; WOW64; rv:30.0) Gecko/20100101 Firefox/30.0"
123.243.94.196 - - [03/Nov/2014:01:44:37 +1100] "GET /viewUsers.php HTTP/1.1" 200 7362 "http://utsems.net/updateUserV.php?u_ID=694181386" "Mozilla/5.0 (Windows NT 6.1; WOW64; rv:30.0) Gecko/20100101 Firefox/30.0"
123.243.94.196 - - [03/Nov/2014:01:44:41 +1100] "POST /updateUserTypeProcess.php HTTP/1.1" 302 - "http://utsems.net/viewUsers.php" "Mozilla/5.0 (Windows NT 6.1; WOW64; rv:30.0) Gecko/20100101 Firefox/30.0"
123.243.94.196 - - [03/Nov/2014:01:44:41 +1100] "GET /updateUserV.php?u_ID=1234563 HTTP/1.1" 200 8747 "http://utsems.net/viewUsers.php" "Mozilla/5.0 (Windows NT 6.1; WOW64; rv:30.0) Gecko/20100101 Firefox/30.0"
123.243.94.196 - - [03/Nov/2014:01:44:44 +1100] "GET /viewUsers.php HTTP/1.1" 200 7362 "http://utsems.net/updateUserV.php?u_ID=694181386" "Mozilla/5.0 (Windows NT 6.1; WOW64; rv:30.0) Gecko/20100101 Firefox/30.0"
123.243.94.196 - - [03/Nov/2014:01:44:48 +1100] "POST /updateUserTypeProcess.php HTTP/1.1" 302 - "http://utsems.net/viewUsers.php" "Mozilla/5.0 (Windows NT 6.1; WOW64; rv:30.0) Gecko/20100101 Firefox/30.0"
123.243.94.196 - - [03/Nov/2014:01:44:48 +1100] "GET /updateUserV.php?u_ID=1234563 HTTP/1.1" 200 8747 "http://utsems.net/viewUsers.php" "Mozilla/5.0 (Windows NT 6.1; WOW64; rv:30.0) Gecko/20100101 Firefox/30.0"
123.243.94.196 - - [03/Nov/2014:01:44:49 +1100] "GET /viewUsers.php HTTP/1.1" 200 7362 "http://utsems.net/updateUserV.php?u_ID=694181386" "Mozilla/5.0 (Windows NT 6.1; WOW64; rv:30.0) Gecko/20100101 Firefox/30.0"
123.243.94.196 - - [03/Nov/2014:01:44:52 +1100] "POST /updateUserTypeProcess.php HTTP/1.1" 302 - "http://utsems.net/viewUsers.php" "Mozilla/5.0 (Windows NT 6.1; WOW64; rv:30.0) Gecko/20100101 Firefox/30.0"
123.243.94.196 - - [03/Nov/2014:01:44:52 +1100] "GET /updateUserEM.php?u_ID=22222224 HTTP/1.1" 200 8169 "http://utsems.net/viewUsers.php" "Mozilla/5.0 (Windows NT 6.1; WOW64; rv:30.0) Gecko/20100101 Firefox/30.0"
123.243.94.196 - - [03/Nov/2014:01:44:53 +1100] "GET /viewUsers.php HTTP/1.1" 200 7362 "http://utsems.net/updateUserV.php?u_ID=694181386" "Mozilla/5.0 (Windows NT 6.1; WOW64; rv:30.0) Gecko/20100101 Firefox/30.0"
123.243.94.196 - - [03/Nov/2014:01:44:58 +1100] "POST /updateUserTypeProcess.php HTTP/1.1" 302 - "http://utsems.net/viewUsers.php" "Mozilla/5.0 (Windows NT 6.1; WOW64; rv:30.0) Gecko/20100101 Firefox/30.0"
123.243.94.196 - - [03/Nov/2014:01:44:58 +1100] "GET /updateUserEM.php?u_ID=11676543 HTTP/1.1" 200 8188 "http://utsems.net/viewUsers.php" "Mozilla/5.0 (Windows NT 6.1; WOW64; rv:30.0) Gecko/20100101 Firefox/30.0"
123.243.94.196 - - [03/Nov/2014:01:44:59 +1100] "GET /viewUsers.php HTTP/1.1" 200 7362 "http://utsems.net/updateUserV.php?u_ID=694181386" "Mozilla/5.0 (Windows NT 6.1; WOW64; rv:30.0) Gecko/20100101 Firefox/30.0"
123.243.94.196 - - [03/Nov/2014:01:45:02 +1100] "POST /updateUserTypeProcess.php HTTP/1.1" 302 - "http://utsems.net/viewUsers.php" "Mozilla/5.0 (Windows NT 6.1; WOW64; rv:30.0) Gecko/20100101 Firefox/30.0"
123.243.94.196 - - [03/Nov/2014:01:45:02 +1100] "GET /updateUserV.php?u_ID=1234563 HTTP/1.1" 200 8747 "http://utsems.net/viewUsers.php" "Mozilla/5.0 (Windows NT 6.1; WOW64; rv:30.0) Gecko/20100101 Firefox/30.0"
123.243.94.196 - - [03/Nov/2014:01:45:03 +1100] "GET /viewUsers.php HTTP/1.1" 200 7362 "http://utsems.net/updateUserV.php?u_ID=694181386" "Mozilla/5.0 (Windows NT 6.1; WOW64; rv:30.0) Gecko/20100101 Firefox/30.0"
123.243.94.196 - - [03/Nov/2014:01:45:06 +1100] "POST /updateUserTypeProcess.php HTTP/1.1" 302 - "http://utsems.net/viewUsers.php" "Mozilla/5.0 (Windows NT 6.1; WOW64; rv:30.0) Gecko/20100101 Firefox/30.0"
123.243.94.196 - - [03/Nov/2014:01:45:06 +1100] "GET /updateUserV.php?u_ID=33333 HTTP/1.1" 200 8669 "http://utsems.net/viewUsers.php" "Mozilla/5.0 (Windows NT 6.1; WOW64; rv:30.0) Gecko/20100101 Firefox/30.0"
123.243.94.196 - - [03/Nov/2014:01:45:07 +1100] "GET /viewUsers.php HTTP/1.1" 200 7362 "http://utsems.net/updateUserV.php?u_ID=694181386" "Mozilla/5.0 (Windows NT 6.1; WOW64; rv:30.0) Gecko/20100101 Firefox/30.0"
123.243.94.196 - - [03/Nov/2014:01:46:29 +1100] "POST /updateUserTypeProcess.php HTTP/1.1" 302 - "http://utsems.net/viewUsers.php" "Mozilla/5.0 (Windows NT 6.1; WOW64; rv:30.0) Gecko/20100101 Firefox/30.0"
123.243.94.196 - - [03/Nov/2014:01:46:29 +1100] "GET /updateUserV.php?u_ID=851638556 HTTP/1.1" 200 8689 "http://utsems.net/viewUsers.php" "Mozilla/5.0 (Windows NT 6.1; WOW64; rv:30.0) Gecko/20100101 Firefox/30.0"
123.243.94.196 - - [03/Nov/2014:01:46:30 +1100] "GET /viewUsers.php HTTP/1.1" 200 7362 "http://utsems.net/updateUserV.php?u_ID=694181386" "Mozilla/5.0 (Windows NT 6.1; WOW64; rv:30.0) Gecko/20100101 Firefox/30.0"
123.243.94.196 - - [03/Nov/2014:01:46:32 +1100] "POST /updateUserTypeProcess.php HTTP/1.1" 302 - "http://utsems.net/viewUsers.php" "Mozilla/5.0 (Windows NT 6.1; WOW64; rv:30.0) Gecko/20100101 Firefox/30.0"
123.243.94.196 - - [03/Nov/2014:01:46:32 +1100] "GET /updateUserEM.php?u_ID=11222345 HTTP/1.1" 200 8191 "http://utsems.net/viewUsers.php" "Mozilla/5.0 (Windows NT 6.1; WOW64; rv:30.0) Gecko/20100101 Firefox/30.0"
123.243.94.196 - - [03/Nov/2014:01:46:33 +1100] "GET /viewUsers.php HTTP/1.1" 200 7362 "http://utsems.net/updateUserV.php?u_ID=694181386" "Mozilla/5.0 (Windows NT 6.1; WOW64; rv:30.0) Gecko/20100101 Firefox/30.0"
123.243.94.196 - - [03/Nov/2014:01:46:35 +1100] "GET /prefs.php HTTP/1.1" 200 - "http://utsems.net/viewUsers.php" "Mozilla/5.0 (Windows NT 6.1; WOW64; rv:30.0) Gecko/20100101 Firefox/30.0"
123.243.94.196 - - [03/Nov/2014:01:46:36 +1100] "GET /viewUsers.php HTTP/1.1" 200 7362 "http://utsems.net/updateUserV.php?u_ID=694181386" "Mozilla/5.0 (Windows NT 6.1; WOW64; rv:30.0) Gecko/20100101 Firefox/30.0"
123.243.94.196 - - [03/Nov/2014:01:46:38 +1100] "GET /viewUsers.php HTTP/1.1" 200 7362 "http://utsems.net/viewUsers.php" "Mozilla/5.0 (Windows NT 6.1; WOW64; rv:30.0) Gecko/20100101 Firefox/30.0"
123.243.94.196 - - [03/Nov/2014:01:46:49 +1100] "GET /viewEventsEM.php HTTP/1.1" 200 4446 "http://utsems.net/viewUsers.php" "Mozilla/5.0 (Windows NT 6.1; WOW64; rv:30.0) Gecko/20100101 Firefox/30.0"
123.243.94.196 - - [03/Nov/2014:01:46:51 +1100] "POST /manageEvent.php HTTP/1.1" 200 3434 "http://utsems.net/viewEventsEM.php" "Mozilla/5.0 (Windows NT 6.1; WOW64; rv:30.0) Gecko/20100101 Firefox/30.0"
123.243.94.196 - - [03/Nov/2014:01:46:53 +1100] "GET /viewEventsEM.php HTTP/1.1" 200 4446 "http://utsems.net/viewUsers.php" "Mozilla/5.0 (Windows NT 6.1; WOW64; rv:30.0) Gecko/20100101 Firefox/30.0"
122.106.159.61 - - [03/Nov/2014:01:46:55 +1100] "GET /addUserV.php HTTP/1.1" 200 7252 "http://www.utsems.net/addUserTypeProcess.php" "Mozilla/5.0 (compatible; MSIE 10.0; Windows NT 6.2; WOW64; Trident/6.0; Touch; MAARJS)"
122.106.159.61 - - [03/Nov/2014:01:46:55 +1100] "GET /buttons.css HTTP/1.1" 304 - "http://www.utsems.net/addUserV.php" "Mozilla/5.0 (compatible; MSIE 10.0; Windows NT 6.2; WOW64; Trident/6.0; Touch; MAARJS)"
122.106.159.61 - - [03/Nov/2014:01:46:55 +1100] "GET /form.css HTTP/1.1" 304 - "http://www.utsems.net/addUserV.php" "Mozilla/5.0 (compatible; MSIE 10.0; Windows NT 6.2; WOW64; Trident/6.0; Touch; MAARJS)"
122.106.159.61 - - [03/Nov/2014:01:46:58 +1100] "POST /newUserProcess.php HTTP/1.1" 200 717 "http://www.utsems.net/addUserV.php" "Mozilla/5.0 (compatible; MSIE 10.0; Windows NT 6.2; WOW64; Trident/6.0; Touch; MAARJS)"
123.243.94.196 - - [03/Nov/2014:01:46:59 +1100] "POST /manageEvent.php HTTP/1.1" 200 2875 "http://utsems.net/viewEventsEM.php" "Mozilla/5.0 (Windows NT 6.1; WOW64; rv:30.0) Gecko/20100101 Firefox/30.0"
122.106.159.61 - - [03/Nov/2014:01:47:02 +1100] "GET /viewUsers.php HTTP/1.1" 200 7446 "http://www.utsems.net/newUserProcess.php" "Mozilla/5.0 (compatible; MSIE 10.0; Windows NT 6.2; WOW64; Trident/6.0; Touch; MAARJS)"
122.106.159.61 - - [03/Nov/2014:01:47:14 +1100] "POST /updateUserTypeProcess.php HTTP/1.1" 302 - "http://www.utsems.net/viewUsers.php" "Mozilla/5.0 (compatible; MSIE 10.0; Windows NT 6.2; WOW64; Trident/6.0; Touch; MAARJS)"
122.106.159.61 - - [03/Nov/2014:01:47:14 +1100] "GET /updateUserV.php?u_ID=137977606 HTTP/1.1" 200 8643 "http://www.utsems.net/viewUsers.php" "Mozilla/5.0 (compatible; MSIE 10.0; Windows NT 6.2; WOW64; Trident/6.0; Touch; MAARJS)"
122.106.159.61 - - [03/Nov/2014:01:47:18 +1100] "POST /deleteUserProcess.php?duser_ID=137977606 HTTP/1.1" 200 765 "http://www.utsems.net/updateUserV.php?u_ID=137977606" "Mozilla/5.0 (compatible; MSIE 10.0; Windows NT 6.2; WOW64; Trident/6.0; Touch; MAARJS)"
122.106.159.61 - - [03/Nov/2014:01:47:20 +1100] "GET /viewUsers.php HTTP/1.1" 200 7314 "http://www.utsems.net/deleteUserProcess.php?duser_ID=137977606" "Mozilla/5.0 (compatible; MSIE 10.0; Windows NT 6.2; WOW64; Trident/6.0; Touch; MAARJS)"
122.106.159.61 - - [03/Nov/2014:01:47:23 +1100] "POST /updateUserTypeProcess.php HTTP/1.1" 302 - "http://www.utsems.net/viewUsers.php" "Mozilla/5.0 (compatible; MSIE 10.0; Windows NT 6.2; WOW64; Trident/6.0; Touch; MAARJS)"
122.106.159.61 - - [03/Nov/2014:01:47:23 +1100] "GET /updateUserV.php?u_ID=149261004 HTTP/1.1" 200 8647 "http://www.utsems.net/viewUsers.php" "Mozilla/5.0 (compatible; MSIE 10.0; Windows NT 6.2; WOW64; Trident/6.0; Touch; MAARJS)"
122.106.159.61 - - [03/Nov/2014:01:47:29 +1100] "POST /deleteUserProcess.php?duser_ID=149261004 HTTP/1.1" 200 765 "http://www.utsems.net/updateUserV.php?u_ID=149261004" "Mozilla/5.0 (compatible; MSIE 10.0; Windows NT 6.2; WOW64; Trident/6.0; Touch; MAARJS)"
122.106.159.61 - - [03/Nov/2014:01:47:31 +1100] "GET /viewUsers.php HTTP/1.1" 200 7178 "http://www.utsems.net/deleteUserProcess.php?duser_ID=149261004" "Mozilla/5.0 (compatible; MSIE 10.0; Windows NT 6.2; WOW64; Trident/6.0; Touch; MAARJS)"
122.106.159.61 - - [03/Nov/2014:01:47:38 +1100] "POST /updateUserTypeProcess.php HTTP/1.1" 302 - "http://www.utsems.net/viewUsers.php" "Mozilla/5.0 (compatible; MSIE 10.0; Windows NT 6.2; WOW64; Trident/6.0; Touch; MAARJS)"
122.106.159.61 - - [03/Nov/2014:01:47:38 +1100] "GET /updateUserV.php?u_ID=415505789 HTTP/1.1" 200 8646 "http://www.utsems.net/viewUsers.php" "Mozilla/5.0 (compatible; MSIE 10.0; Windows NT 6.2; WOW64; Trident/6.0; Touch; MAARJS)"
122.106.159.61 - - [03/Nov/2014:01:47:42 +1100] "POST /deleteUserProcess.php?duser_ID=415505789 HTTP/1.1" 200 765 "http://www.utsems.net/updateUserV.php?u_ID=415505789" "Mozilla/5.0 (compatible; MSIE 10.0; Windows NT 6.2; WOW64; Trident/6.0; Touch; MAARJS)"
122.106.159.61 - - [03/Nov/2014:01:47:43 +1100] "GET /viewUsers.php HTTP/1.1" 200 7043 "http://www.utsems.net/deleteUserProcess.php?duser_ID=415505789" "Mozilla/5.0 (compatible; MSIE 10.0; Windows NT 6.2; WOW64; Trident/6.0; Touch; MAARJS)"
122.106.159.61 - - [03/Nov/2014:01:48:25 +1100] "POST /addUserTypeProcess.php HTTP/1.1" 200 102 "http://www.utsems.net/viewUsers.php" "Mozilla/5.0 (compatible; MSIE 10.0; Windows NT 6.2; WOW64; Trident/6.0; Touch; MAARJS)"
122.106.159.61 - - [03/Nov/2014:01:48:25 +1100] "GET /addUserV.php HTTP/1.1" 200 7250 "http://www.utsems.net/addUserTypeProcess.php" "Mozilla/5.0 (compatible; MSIE 10.0; Windows NT 6.2; WOW64; Trident/6.0; Touch; MAARJS)"
123.243.94.196 - - [03/Nov/2014:01:49:53 +1100] "GET /viewUsers.php HTTP/1.1" 200 7091 "http://utsems.net/manageEvent.php" "Mozilla/5.0 (Windows NT 6.1; WOW64; rv:30.0) Gecko/20100101 Firefox/30.0"
123.243.94.196 - - [03/Nov/2014:01:49:56 +1100] "POST /updateUserTypeProcess.php HTTP/1.1" 302 - "http://utsems.net/viewUsers.php" "Mozilla/5.0 (Windows NT 6.1; WOW64; rv:30.0) Gecko/20100101 Firefox/30.0"
123.243.94.196 - - [03/Nov/2014:01:49:57 +1100] "GET /updateUserEM.php?u_ID=22222224 HTTP/1.1" 200 8169 "http://utsems.net/viewUsers.php" "Mozilla/5.0 (Windows NT 6.1; WOW64; rv:30.0) Gecko/20100101 Firefox/30.0"
122.106.159.61 - - [03/Nov/2014:01:50:40 +1100] "GET /addUserV.php HTTP/1.1" 200 7233 "http://www.utsems.net/addUserTypeProcess.php" "Mozilla/5.0 (compatible; MSIE 10.0; Windows NT 6.2; WOW64; Trident/6.0; Touch; MAARJS)"
122.106.159.61 - - [03/Nov/2014:01:50:40 +1100] "GET /buttons.css HTTP/1.1" 304 - "http://www.utsems.net/addUserV.php" "Mozilla/5.0 (compatible; MSIE 10.0; Windows NT 6.2; WOW64; Trident/6.0; Touch; MAARJS)"
122.106.159.61 - - [03/Nov/2014:01:50:40 +1100] "GET /form.css HTTP/1.1" 304 - "http://www.utsems.net/addUserV.php" "Mozilla/5.0 (compatible; MSIE 10.0; Windows NT 6.2; WOW64; Trident/6.0; Touch; MAARJS)"
122.106.159.61 - - [03/Nov/2014:01:52:15 +1100] "GET /addUserV.php HTTP/1.1" 200 7243 "http://www.utsems.net/addUserTypeProcess.php" "Mozilla/5.0 (compatible; MSIE 10.0; Windows NT 6.2; WOW64; Trident/6.0; Touch; MAARJS)"
122.106.159.61 - - [03/Nov/2014:01:52:15 +1100] "GET /form.css HTTP/1.1" 304 - "http://www.utsems.net/addUserV.php" "Mozilla/5.0 (compatible; MSIE 10.0; Windows NT 6.2; WOW64; Trident/6.0; Touch; MAARJS)"
122.106.159.61 - - [03/Nov/2014:01:52:15 +1100] "GET /buttons.css HTTP/1.1" 304 - "http://www.utsems.net/addUserV.php" "Mozilla/5.0 (compatible; MSIE 10.0; Windows NT 6.2; WOW64; Trident/6.0; Touch; MAARJS)"
123.243.94.196 - - [03/Nov/2014:01:52:25 +1100] "GET /viewEventsEM.php HTTP/1.1" 200 4446 "http://utsems.net/updateUserEM.php?u_ID=22222224" "Mozilla/5.0 (Windows NT 6.1; WOW64; rv:30.0) Gecko/20100101 Firefox/30.0"
123.243.94.196 - - [03/Nov/2014:01:52:27 +1100] "GET /viewUsers.php HTTP/1.1" 200 7091 "http://utsems.net/viewEventsEM.php" "Mozilla/5.0 (Windows NT 6.1; WOW64; rv:30.0) Gecko/20100101 Firefox/30.0"
123.243.94.196 - - [03/Nov/2014:01:52:36 +1100] "GET /viewEventsEM.php HTTP/1.1" 200 4446 "http://utsems.net/viewUsers.php" "Mozilla/5.0 (Windows NT 6.1; WOW64; rv:30.0) Gecko/20100101 Firefox/30.0"
123.243.94.196 - - [03/Nov/2014:01:52:48 +1100] "POST /manageEvent.php HTTP/1.1" 200 2708 "http://utsems.net/viewEventsEM.php" "Mozilla/5.0 (Windows NT 6.1; WOW64; rv:30.0) Gecko/20100101 Firefox/30.0"
123.243.94.196 - - [03/Nov/2014:01:52:52 +1100] "POST /updateEventV.php?e_ID=5 HTTP/1.1" 200 7017 "http://utsems.net/manageEvent.php" "Mozilla/5.0 (Windows NT 6.1; WOW64; rv:30.0) Gecko/20100101 Firefox/30.0"
123.243.94.196 - - [03/Nov/2014:01:52:52 +1100] "GET /resources/demos/style.css HTTP/1.1" 404 - "http://utsems.net/updateEventV.php?e_ID=5" "Mozilla/5.0 (Windows NT 6.1; WOW64; rv:30.0) Gecko/20100101 Firefox/30.0"
123.243.94.196 - - [03/Nov/2014:01:52:59 +1100] "POST /updateEventProcessV.php?e_ID=5 HTTP/1.1" 302 - "http://utsems.net/updateEventV.php?e_ID=5" "Mozilla/5.0 (Windows NT 6.1; WOW64; rv:30.0) Gecko/20100101 Firefox/30.0"
123.243.94.196 - - [03/Nov/2014:01:52:59 +1100] "GET /updateEventP.php?e_ID=5&m=Start%20date%20can%20not%20be%20in%20the%20past! HTTP/1.1" 200 6341 "http://utsems.net/updateEventV.php?e_ID=5" "Mozilla/5.0 (Windows NT 6.1; WOW64; rv:30.0) Gecko/20100101 Firefox/30.0"
123.243.94.196 - - [03/Nov/2014:01:52:59 +1100] "GET /resources/demos/style.css HTTP/1.1" 404 - "http://utsems.net/updateEventP.php?e_ID=5&m=Start%20date%20can%20not%20be%20in%20the%20past!" "Mozilla/5.0 (Windows NT 6.1; WOW64; rv:30.0) Gecko/20100101 Firefox/30.0"
123.243.94.196 - - [03/Nov/2014:01:53:00 +1100] "GET /resources/demos/style.css HTTP/1.1" 404 - "http://utsems.net/updateEventP.php?e_ID=5&m=Start%20date%20can%20not%20be%20in%20the%20past!" "Mozilla/5.0 (Windows NT 6.1; WOW64; rv:30.0) Gecko/20100101 Firefox/30.0"
123.243.94.196 - - [03/Nov/2014:01:53:10 +1100] "POST /updateEventProcessV.php?e_ID=5 HTTP/1.1" 302 - "http://utsems.net/updateEventP.php?e_ID=5&m=Start%20date%20can%20not%20be%20in%20the%20past!" "Mozilla/5.0 (Windows NT 6.1; WOW64; rv:30.0) Gecko/20100101 Firefox/30.0"
123.243.94.196 - - [03/Nov/2014:01:53:10 +1100] "GET /manageEvent.php?e_ID=5 HTTP/1.1" 200 2733 "http://utsems.net/updateEventP.php?e_ID=5&m=Start%20date%20can%20not%20be%20in%20the%20past!" "Mozilla/5.0 (Windows NT 6.1; WOW64; rv:30.0) Gecko/20100101 Firefox/30.0"
123.243.94.196 - - [03/Nov/2014:01:53:13 +1100] "GET /viewUsers.php HTTP/1.1" 200 7091 "http://utsems.net/manageEvent.php?e_ID=5" "Mozilla/5.0 (Windows NT 6.1; WOW64; rv:30.0) Gecko/20100101 Firefox/30.0"
123.243.94.196 - - [03/Nov/2014:01:53:20 +1100] "POST /updateUserTypeProcess.php HTTP/1.1" 302 - "http://utsems.net/viewUsers.php" "Mozilla/5.0 (Windows NT 6.1; WOW64; rv:30.0) Gecko/20100101 Firefox/30.0"
123.243.94.196 - - [03/Nov/2014:01:53:20 +1100] "GET /updateUserEM.php?u_ID=116126721 HTTP/1.1" 200 8186 "http://utsems.net/viewUsers.php" "Mozilla/5.0 (Windows NT 6.1; WOW64; rv:30.0) Gecko/20100101 Firefox/30.0"
122.106.159.61 - - [03/Nov/2014:01:53:29 +1100] "GET /addUserV.php HTTP/1.1" 200 7225 "http://www.utsems.net/addUserTypeProcess.php" "Mozilla/5.0 (compatible; MSIE 10.0; Windows NT 6.2; WOW64; Trident/6.0; Touch; MAARJS)"
122.106.159.61 - - [03/Nov/2014:01:53:29 +1100] "GET /form.css HTTP/1.1" 304 - "http://www.utsems.net/addUserV.php" "Mozilla/5.0 (compatible; MSIE 10.0; Windows NT 6.2; WOW64; Trident/6.0; Touch; MAARJS)"
122.106.159.61 - - [03/Nov/2014:01:53:29 +1100] "GET /buttons.css HTTP/1.1" 304 - "http://www.utsems.net/addUserV.php" "Mozilla/5.0 (compatible; MSIE 10.0; Windows NT 6.2; WOW64; Trident/6.0; Touch; MAARJS)"
122.106.159.61 - - [03/Nov/2014:01:53:59 +1100] "GET /addUserV.php HTTP/1.1" 200 7248 "http://www.utsems.net/addUserTypeProcess.php" "Mozilla/5.0 (compatible; MSIE 10.0; Windows NT 6.2; WOW64; Trident/6.0; Touch; MAARJS)"
122.106.159.61 - - [03/Nov/2014:01:53:59 +1100] "GET /form.css HTTP/1.1" 304 - "http://www.utsems.net/addUserV.php" "Mozilla/5.0 (compatible; MSIE 10.0; Windows NT 6.2; WOW64; Trident/6.0; Touch; MAARJS)"
122.106.159.61 - - [03/Nov/2014:01:53:59 +1100] "GET /buttons.css HTTP/1.1" 304 - "http://www.utsems.net/addUserV.php" "Mozilla/5.0 (compatible; MSIE 10.0; Windows NT 6.2; WOW64; Trident/6.0; Touch; MAARJS)"
122.106.159.61 - - [03/Nov/2014:01:54:07 +1100] "POST /newUserProcess.php HTTP/1.1" 200 717 "http://www.utsems.net/addUserV.php" "Mozilla/5.0 (compatible; MSIE 10.0; Windows NT 6.2; WOW64; Trident/6.0; Touch; MAARJS)"
122.106.159.61 - - [03/Nov/2014:01:54:08 +1100] "GET /viewUsers.php HTTP/1.1" 200 7176 "http://www.utsems.net/newUserProcess.php" "Mozilla/5.0 (compatible; MSIE 10.0; Windows NT 6.2; WOW64; Trident/6.0; Touch; MAARJS)"
122.106.159.61 - - [03/Nov/2014:01:54:13 +1100] "POST /updateUserTypeProcess.php HTTP/1.1" 302 - "http://www.utsems.net/viewUsers.php" "Mozilla/5.0 (compatible; MSIE 10.0; Windows NT 6.2; WOW64; Trident/6.0; Touch; MAARJS)"
122.106.159.61 - - [03/Nov/2014:01:54:13 +1100] "GET /updateUserV.php?u_ID=275287412 HTTP/1.1" 200 8644 "http://www.utsems.net/viewUsers.php" "Mozilla/5.0 (compatible; MSIE 10.0; Windows NT 6.2; WOW64; Trident/6.0; Touch; MAARJS)"
122.106.159.61 - - [03/Nov/2014:01:54:16 +1100] "POST /deleteUserProcess.php?duser_ID=275287412 HTTP/1.1" 200 765 "http://www.utsems.net/updateUserV.php?u_ID=275287412" "Mozilla/5.0 (compatible; MSIE 10.0; Windows NT 6.2; WOW64; Trident/6.0; Touch; MAARJS)"
122.106.159.61 - - [03/Nov/2014:01:54:18 +1100] "GET /viewUsers.php HTTP/1.1" 200 7043 "http://www.utsems.net/deleteUserProcess.php?duser_ID=275287412" "Mozilla/5.0 (compatible; MSIE 10.0; Windows NT 6.2; WOW64; Trident/6.0; Touch; MAARJS)"
123.243.94.196 - - [03/Nov/2014:01:55:31 +1100] "GET /viewUsers.php HTTP/1.1" 200 7091 "http://utsems.net/updateUserEM.php?u_ID=116126721" "Mozilla/5.0 (Windows NT 6.1; WOW64; rv:30.0) Gecko/20100101 Firefox/30.0"
122.106.159.61 - - [03/Nov/2014:01:55:35 +1100] "POST /updateUserTypeProcess.php HTTP/1.1" 302 - "http://www.utsems.net/viewUsers.php" "Mozilla/5.0 (compatible; MSIE 10.0; Windows NT 6.2; WOW64; Trident/6.0; Touch; MAARJS)"
122.106.159.61 - - [03/Nov/2014:01:55:36 +1100] "GET /updateUserV.php?u_ID=1234563 HTTP/1.1" 200 8699 "http://www.utsems.net/viewUsers.php" "Mozilla/5.0 (compatible; MSIE 10.0; Windows NT 6.2; WOW64; Trident/6.0; Touch; MAARJS)"
123.243.94.196 - - [03/Nov/2014:01:56:22 +1100] "POST /updateUserTypeProcess.php HTTP/1.1" 302 - "http://utsems.net/viewUsers.php" "Mozilla/5.0 (Windows NT 6.1; WOW64; rv:30.0) Gecko/20100101 Firefox/30.0"
123.243.94.196 - - [03/Nov/2014:01:56:22 +1100] "GET /updateUserV.php?u_ID=1234563 HTTP/1.1" 200 8747 "http://utsems.net/viewUsers.php" "Mozilla/5.0 (Windows NT 6.1; WOW64; rv:30.0) Gecko/20100101 Firefox/30.0"
123.243.94.196 - - [03/Nov/2014:01:57:01 +1100] "POST /viewUsers.php HTTP/1.1" 200 7091 "http://utsems.net/updateUserV.php?u_ID=1234563" "Mozilla/5.0 (Windows NT 6.1; WOW64; rv:30.0) Gecko/20100101 Firefox/30.0"
123.243.94.196 - - [03/Nov/2014:01:57:07 +1100] "POST /updateUserTypeProcess.php HTTP/1.1" 302 - "http://utsems.net/viewUsers.php" "Mozilla/5.0 (Windows NT 6.1; WOW64; rv:30.0) Gecko/20100101 Firefox/30.0"
123.243.94.196 - - [03/Nov/2014:01:57:07 +1100] "GET /updateUserV.php?u_ID=116126722 HTTP/1.1" 200 8732 "http://utsems.net/viewUsers.php" "Mozilla/5.0 (Windows NT 6.1; WOW64; rv:30.0) Gecko/20100101 Firefox/30.0"
123.243.94.196 - - [03/Nov/2014:01:57:48 +1100] "POST /viewUsers.php HTTP/1.1" 200 7091 "http://utsems.net/updateUserV.php?u_ID=1234563" "Mozilla/5.0 (Windows NT 6.1; WOW64; rv:30.0) Gecko/20100101 Firefox/30.0"
123.243.94.196 - - [03/Nov/2014:01:57:48 +1100] "GET /buttons.css HTTP/1.1" 304 - "http://utsems.net/viewUsers.php" "Mozilla/5.0 (Windows NT 6.1; WOW64; rv:30.0) Gecko/20100101 Firefox/30.0"
122.106.159.61 - - [03/Nov/2014:01:57:51 +1100] "GET /updateUserV.php?u_ID=1234563 HTTP/1.1" 200 8702 "http://www.utsems.net/viewUsers.php" "Mozilla/5.0 (compatible; MSIE 10.0; Windows NT 6.2; WOW64; Trident/6.0; Touch; MAARJS)"
122.106.159.61 - - [03/Nov/2014:01:57:51 +1100] "GET /form.css HTTP/1.1" 304 - "http://www.utsems.net/updateUserV.php?u_ID=1234563" "Mozilla/5.0 (compatible; MSIE 10.0; Windows NT 6.2; WOW64; Trident/6.0; Touch; MAARJS)"
122.106.159.61 - - [03/Nov/2014:01:57:51 +1100] "GET /buttons.css HTTP/1.1" 304 - "http://www.utsems.net/updateUserV.php?u_ID=1234563" "Mozilla/5.0 (compatible; MSIE 10.0; Windows NT 6.2; WOW64; Trident/6.0; Touch; MAARJS)"
123.243.94.196 - - [03/Nov/2014:01:57:54 +1100] "POST /updateUserTypeProcess.php HTTP/1.1" 302 - "http://utsems.net/viewUsers.php" "Mozilla/5.0 (Windows NT 6.1; WOW64; rv:30.0) Gecko/20100101 Firefox/30.0"
123.243.94.196 - - [03/Nov/2014:01:57:54 +1100] "GET /updateUserV.php?u_ID=851638556 HTTP/1.1" 200 8690 "http://utsems.net/viewUsers.php" "Mozilla/5.0 (Windows NT 6.1; WOW64; rv:30.0) Gecko/20100101 Firefox/30.0"
123.243.94.196 - - [03/Nov/2014:01:57:58 +1100] "POST /viewUsers.php HTTP/1.1" 200 7091 "http://utsems.net/updateUserV.php?u_ID=1234563" "Mozilla/5.0 (Windows NT 6.1; WOW64; rv:30.0) Gecko/20100101 Firefox/30.0"
123.243.94.196 - - [03/Nov/2014:01:57:58 +1100] "GET /buttons.css HTTP/1.1" 304 - "http://utsems.net/viewUsers.php" "Mozilla/5.0 (Windows NT 6.1; WOW64; rv:30.0) Gecko/20100101 Firefox/30.0"
123.243.94.196 - - [03/Nov/2014:01:58:04 +1100] "POST /updateUserTypeProcess.php HTTP/1.1" 302 - "http://utsems.net/viewUsers.php" "Mozilla/5.0 (Windows NT 6.1; WOW64; rv:30.0) Gecko/20100101 Firefox/30.0"
123.243.94.196 - - [03/Nov/2014:01:58:04 +1100] "GET /updateUserEM.php?u_ID=11676543 HTTP/1.1" 200 8188 "http://utsems.net/viewUsers.php" "Mozilla/5.0 (Windows NT 6.1; WOW64; rv:30.0) Gecko/20100101 Firefox/30.0"
123.243.94.196 - - [03/Nov/2014:01:58:10 +1100] "GET /viewUsers.php HTTP/1.1" 200 7091 "http://utsems.net/updateUserEM.php?u_ID=11676543" "Mozilla/5.0 (Windows NT 6.1; WOW64; rv:30.0) Gecko/20100101 Firefox/30.0"
123.243.94.196 - - [03/Nov/2014:01:58:17 +1100] "POST /updateUserTypeProcess.php HTTP/1.1" 302 - "http://utsems.net/viewUsers.php" "Mozilla/5.0 (Windows NT 6.1; WOW64; rv:30.0) Gecko/20100101 Firefox/30.0"
123.243.94.196 - - [03/Nov/2014:01:58:17 +1100] "GET /updateUserEM.php?u_ID=11612672 HTTP/1.1" 200 8202 "http://utsems.net/viewUsers.php" "Mozilla/5.0 (Windows NT 6.1; WOW64; rv:30.0) Gecko/20100101 Firefox/30.0"
123.243.94.196 - - [03/Nov/2014:01:58:19 +1100] "GET /viewUsers.php HTTP/1.1" 200 7091 "http://utsems.net/updateUserEM.php?u_ID=11612672" "Mozilla/5.0 (Windows NT 6.1; WOW64; rv:30.0) Gecko/20100101 Firefox/30.0"
123.243.94.196 - - [03/Nov/2014:01:58:23 +1100] "POST /updateUserTypeProcess.php HTTP/1.1" 302 - "http://utsems.net/viewUsers.php" "Mozilla/5.0 (Windows NT 6.1; WOW64; rv:30.0) Gecko/20100101 Firefox/30.0"
123.243.94.196 - - [03/Nov/2014:01:58:23 +1100] "GET /updateUserV.php?u_ID=11656333 HTTP/1.1" 200 8739 "http://utsems.net/viewUsers.php" "Mozilla/5.0 (Windows NT 6.1; WOW64; rv:30.0) Gecko/20100101 Firefox/30.0"
122.106.159.61 - - [03/Nov/2014:01:58:29 +1100] "GET /updateUserV.php?u_ID=1234563 HTTP/1.1" 200 8703 "http://www.utsems.net/viewUsers.php" "Mozilla/5.0 (compatible; MSIE 10.0; Windows NT 6.2; WOW64; Trident/6.0; Touch; MAARJS)"
122.106.159.61 - - [03/Nov/2014:01:58:29 +1100] "GET /buttons.css HTTP/1.1" 304 - "http://www.utsems.net/updateUserV.php?u_ID=1234563" "Mozilla/5.0 (compatible; MSIE 10.0; Windows NT 6.2; WOW64; Trident/6.0; Touch; MAARJS)"
122.106.159.61 - - [03/Nov/2014:01:58:29 +1100] "GET /form.css HTTP/1.1" 304 - "http://www.utsems.net/updateUserV.php?u_ID=1234563" "Mozilla/5.0 (compatible; MSIE 10.0; Windows NT 6.2; WOW64; Trident/6.0; Touch; MAARJS)"
123.243.94.196 - - [03/Nov/2014:01:58:58 +1100] "POST /reportUser.php?u_ID= HTTP/1.1" 200 1920 "http://utsems.net/updateUserV.php?u_ID=11656333" "Mozilla/5.0 (Windows NT 6.1; WOW64; rv:30.0) Gecko/20100101 Firefox/30.0"
123.243.94.196 - - [03/Nov/2014:01:59:05 +1100] "GET /updateUserV.php?u_ID=11656333 HTTP/1.1" 200 8740 "http://utsems.net/viewUsers.php" "Mozilla/5.0 (Windows NT 6.1; WOW64; rv:30.0) Gecko/20100101 Firefox/30.0"
123.243.94.196 - - [03/Nov/2014:01:59:14 +1100] "POST /reportUser.php?u_ID= HTTP/1.1" 200 1920 "http://utsems.net/updateUserV.php?u_ID=11656333" "Mozilla/5.0 (Windows NT 6.1; WOW64; rv:30.0) Gecko/20100101 Firefox/30.0"
122.106.159.61 - - [03/Nov/2014:01:59:16 +1100] "GET /updateUserV.php?u_ID=1234563 HTTP/1.1" 200 8705 "http://www.utsems.net/viewUsers.php" "Mozilla/5.0 (compatible; MSIE 10.0; Windows NT 6.2; WOW64; Trident/6.0; Touch; MAARJS)"
122.106.159.61 - - [03/Nov/2014:01:59:16 +1100] "GET /buttons.css HTTP/1.1" 304 - "http://www.utsems.net/updateUserV.php?u_ID=1234563" "Mozilla/5.0 (compatible; MSIE 10.0; Windows NT 6.2; WOW64; Trident/6.0; Touch; MAARJS)"
122.106.159.61 - - [03/Nov/2014:01:59:16 +1100] "GET /form.css HTTP/1.1" 304 - "http://www.utsems.net/updateUserV.php?u_ID=1234563" "Mozilla/5.0 (compatible; MSIE 10.0; Windows NT 6.2; WOW64; Trident/6.0; Touch; MAARJS)"
122.106.159.61 - - [03/Nov/2014:01:59:18 +1100] "GET /updateUserV.php?u_ID=1234563 HTTP/1.1" 200 8705 "http://www.utsems.net/viewUsers.php" "Mozilla/5.0 (compatible; MSIE 10.0; Windows NT 6.2; WOW64; Trident/6.0; Touch; MAARJS)"
122.106.159.61 - - [03/Nov/2014:01:59:18 +1100] "GET /buttons.css HTTP/1.1" 304 - "http://www.utsems.net/updateUserV.php?u_ID=1234563" "Mozilla/5.0 (compatible; MSIE 10.0; Windows NT 6.2; WOW64; Trident/6.0; Touch; MAARJS)"
122.106.159.61 - - [03/Nov/2014:01:59:18 +1100] "GET /form.css HTTP/1.1" 304 - "http://www.utsems.net/updateUserV.php?u_ID=1234563" "Mozilla/5.0 (compatible; MSIE 10.0; Windows NT 6.2; WOW64; Trident/6.0; Touch; MAARJS)"
123.243.94.196 - - [03/Nov/2014:01:59:57 +1100] "GET /viewUsers.php HTTP/1.1" 200 7091 "http://utsems.net/reportUser.php?u_ID=" "Mozilla/5.0 (Windows NT 6.1; WOW64; rv:30.0) Gecko/20100101 Firefox/30.0"
122.106.159.61 - - [03/Nov/2014:02:00:01 +1100] "GET /updateUserV.php?u_ID=1234563 HTTP/1.1" 200 8707 "http://www.utsems.net/viewUsers.php" "Mozilla/5.0 (compatible; MSIE 10.0; Windows NT 6.2; WOW64; Trident/6.0; Touch; MAARJS)"
122.106.159.61 - - [03/Nov/2014:02:00:01 +1100] "GET /buttons.css HTTP/1.1" 304 - "http://www.utsems.net/updateUserV.php?u_ID=1234563" "Mozilla/5.0 (compatible; MSIE 10.0; Windows NT 6.2; WOW64; Trident/6.0; Touch; MAARJS)"
122.106.159.61 - - [03/Nov/2014:02:00:01 +1100] "GET /form.css HTTP/1.1" 304 - "http://www.utsems.net/updateUserV.php?u_ID=1234563" "Mozilla/5.0 (compatible; MSIE 10.0; Windows NT 6.2; WOW64; Trident/6.0; Touch; MAARJS)"
122.106.159.61 - - [03/Nov/2014:02:01:34 +1100] "GET /updateUserV.php?u_ID=1234563 HTTP/1.1" 200 8708 "http://www.utsems.net/viewUsers.php" "Mozilla/5.0 (compatible; MSIE 10.0; Windows NT 6.2; WOW64; Trident/6.0; Touch; MAARJS)"
122.106.159.61 - - [03/Nov/2014:02:01:34 +1100] "GET /form.css HTTP/1.1" 304 - "http://www.utsems.net/updateUserV.php?u_ID=1234563" "Mozilla/5.0 (compatible; MSIE 10.0; Windows NT 6.2; WOW64; Trident/6.0; Touch; MAARJS)"
122.106.159.61 - - [03/Nov/2014:02:01:34 +1100] "GET /buttons.css HTTP/1.1" 304 - "http://www.utsems.net/updateUserV.php?u_ID=1234563" "Mozilla/5.0 (compatible; MSIE 10.0; Windows NT 6.2; WOW64; Trident/6.0; Touch; MAARJS)"
122.106.159.61 - - [03/Nov/2014:02:02:00 +1100] "POST /reportUser.php?u_ID= HTTP/1.1" 200 1872 "http://www.utsems.net/updateUserV.php?u_ID=1234563" "Mozilla/5.0 (compatible; MSIE 10.0; Windows NT 6.2; WOW64; Trident/6.0; Touch; MAARJS)"
122.106.159.61 - - [03/Nov/2014:02:03:34 +1100] "GET /updateUserV.php?u_ID=1234563 HTTP/1.1" 200 8708 "http://www.utsems.net/viewUsers.php" "Mozilla/5.0 (compatible; MSIE 10.0; Windows NT 6.2; WOW64; Trident/6.0; Touch; MAARJS)"
122.106.159.61 - - [03/Nov/2014:02:03:38 +1100] "POST /reportUser.php?u_ID= HTTP/1.1" 302 1872 "http://www.utsems.net/updateUserV.php?u_ID=1234563" "Mozilla/5.0 (compatible; MSIE 10.0; Windows NT 6.2; WOW64; Trident/6.0; Touch; MAARJS)"
122.106.159.61 - - [03/Nov/2014:02:03:38 +1100] "GET /viewUsers.php HTTP/1.1" 200 7043 "http://www.utsems.net/updateUserV.php?u_ID=1234563" "Mozilla/5.0 (compatible; MSIE 10.0; Windows NT 6.2; WOW64; Trident/6.0; Touch; MAARJS)"
122.106.159.61 - - [03/Nov/2014:02:04:12 +1100] "POST /updateUserTypeProcess.php HTTP/1.1" 302 - "http://www.utsems.net/viewUsers.php" "Mozilla/5.0 (compatible; MSIE 10.0; Windows NT 6.2; WOW64; Trident/6.0; Touch; MAARJS)"
122.106.159.61 - - [03/Nov/2014:02:04:12 +1100] "GET /updateUserV.php?u_ID=1234563 HTTP/1.1" 200 8708 "http://www.utsems.net/viewUsers.php" "Mozilla/5.0 (compatible; MSIE 10.0; Windows NT 6.2; WOW64; Trident/6.0; Touch; MAARJS)"
122.106.159.61 - - [03/Nov/2014:02:04:18 +1100] "POST /reportUser.php?u_ID= HTTP/1.1" 302 1872 "http://www.utsems.net/updateUserV.php?u_ID=1234563" "Mozilla/5.0 (compatible; MSIE 10.0; Windows NT 6.2; WOW64; Trident/6.0; Touch; MAARJS)"
122.106.159.61 - - [03/Nov/2014:02:04:18 +1100] "GET /viewUsers.php HTTP/1.1" 200 7043 "http://www.utsems.net/updateUserV.php?u_ID=1234563" "Mozilla/5.0 (compatible; MSIE 10.0; Windows NT 6.2; WOW64; Trident/6.0; Touch; MAARJS)"
123.243.82.58 - - [03/Nov/2014:02:04:57 +1100] "GET /dashboardEM.php HTTP/1.1" 200 1917 "http://utsems.net/updateActivityV.php?a_ID=51" "Mozilla/5.0 (Windows NT 6.2; WOW64) AppleWebKit/537.36 (KHTML, like Gecko) Chrome/38.0.2125.111 Safari/537.36"
