122.106.159.61 - - [03/Nov/2014:00:09:25 +1100] "GET /viewEventsEM.php HTTP/1.1" 200 3867 "http://www.utsems.net/userAuthenticated.php" "Mozilla/5.0 (compatible; MSIE 10.0; Windows NT 6.2; WOW64; Trident/6.0; Touch; MAARJS)"
123.243.94.196 - - [03/Nov/2014:00:09:32 +1100] "POST /viewVolunteerEventDetails.php HTTP/1.1" 200 2419 "http://utsems.net/viewPositions.php" "Mozilla/5.0 (Windows NT 6.1; WOW64; rv:27.0) Gecko/20100101 Firefox/27.0"
122.106.159.61 - - [03/Nov/2014:00:09:42 +1100] "POST /manageEvent.php HTTP/1.1" 200 4346 "http://www.utsems.net/viewEventsEM.php" "Mozilla/5.0 (compatible; MSIE 10.0; Windows NT 6.2; WOW64; Trident/6.0; Touch; MAARJS)"
122.106.159.61 - - [03/Nov/2014:00:09:45 +1100] "GET /viewEventsEM.php HTTP/1.1" 200 3867 "http://www.utsems.net/manageEvent.php" "Mozilla/5.0 (compatible; MSIE 10.0; Windows NT 6.2; WOW64; Trident/6.0; Touch; MAARJS)"
123.243.94.196 - - [03/Nov/2014:00:09:50 +1100] "GET /viewPositions.php HTTP/1.1" 200 5140 "http://utsems.net/viewVolunteerActivityDetails.php" "Mozilla/5.0 (Windows NT 6.1; WOW64; rv:27.0) Gecko/20100101 Firefox/27.0"
114.76.232.57 - - [03/Nov/2014:00:10:07 +1100] "GET /logout.php HTTP/1.1" 200 134 "http://utsems.net/manageActivity.php?a_ID=49" "Mozilla/5.0 (Macintosh; Intel Mac OS X 10_10) AppleWebKit/600.1.25 (KHTML, like Gecko) Version/8.0 Safari/600.1.25"
114.76.232.57 - - [03/Nov/2014:00:10:08 +1100] "GET /index.php HTTP/1.1" 200 1143 "http://utsems.net/logout.php" "Mozilla/5.0 (Macintosh; Intel Mac OS X 10_10) AppleWebKit/600.1.25 (KHTML, like Gecko) Version/8.0 Safari/600.1.25"
114.76.232.57 - - [03/Nov/2014:00:10:17 +1100] "POST /loginProcess.php HTTP/1.1" 200 100 "http://utsems.net/index.php" "Mozilla/5.0 (Macintosh; Intel Mac OS X 10_10) AppleWebKit/600.1.25 (KHTML, like Gecko) Version/8.0 Safari/600.1.25"
114.76.232.57 - - [03/Nov/2014:00:10:20 +1100] "GET /userAuthenticated.php HTTP/1.1" 200 145 "http://utsems.net/loginProcess.php" "Mozilla/5.0 (Macintosh; Intel Mac OS X 10_10) AppleWebKit/600.1.25 (KHTML, like Gecko) Version/8.0 Safari/600.1.25"
114.76.232.57 - - [03/Nov/2014:00:10:21 +1100] "GET /viewEventsEM.php HTTP/1.1" 200 4255 "http://utsems.net/userAuthenticated.php" "Mozilla/5.0 (Macintosh; Intel Mac OS X 10_10) AppleWebKit/600.1.25 (KHTML, like Gecko) Version/8.0 Safari/600.1.25"
123.243.94.196 - - [03/Nov/2014:00:10:33 +1100] "POST /viewVolunteerEventDetails.php HTTP/1.1" 200 2410 "http://utsems.net/viewPositions.php" "Mozilla/5.0 (Windows NT 6.1; WOW64; rv:27.0) Gecko/20100101 Firefox/27.0"
123.243.94.196 - - [03/Nov/2014:00:10:34 +1100] "GET /viewPositions.php HTTP/1.1" 200 5140 "http://utsems.net/viewVolunteerActivityDetails.php" "Mozilla/5.0 (Windows NT 6.1; WOW64; rv:27.0) Gecko/20100101 Firefox/27.0"
123.243.94.196 - - [03/Nov/2014:00:10:37 +1100] "POST /viewVolunteerEventDetails.php HTTP/1.1" 200 2683 "http://utsems.net/viewPositions.php" "Mozilla/5.0 (Windows NT 6.1; WOW64; rv:27.0) Gecko/20100101 Firefox/27.0"
114.76.232.57 - - [03/Nov/2014:00:10:42 +1100] "POST /manageEvent.php HTTP/1.1" 200 2617 "http://utsems.net/viewEventsEM.php" "Mozilla/5.0 (Macintosh; Intel Mac OS X 10_10) AppleWebKit/600.1.25 (KHTML, like Gecko) Version/8.0 Safari/600.1.25"
114.76.232.57 - - [03/Nov/2014:00:10:58 +1100] "POST /manageActivity.php HTTP/1.1" 200 3115 "http://utsems.net/manageEvent.php" "Mozilla/5.0 (Macintosh; Intel Mac OS X 10_10) AppleWebKit/600.1.25 (KHTML, like Gecko) Version/8.0 Safari/600.1.25"
122.106.159.61 - - [03/Nov/2014:00:11:02 +1100] "GET /viewEventsEM.php HTTP/1.1" 200 1776 "http://www.utsems.net/viewEventsEM.php" "Mozilla/5.0 (compatible; MSIE 10.0; Windows NT 6.2; WOW64; Trident/6.0; Touch; MAARJS)"
123.243.94.196 - - [03/Nov/2014:00:11:09 +1100] "POST /viewVolunteerActivityDetails.php HTTP/1.1" 200 2242 "http://utsems.net/viewVolunteerEventDetails.php" "Mozilla/5.0 (Windows NT 6.1; WOW64; rv:27.0) Gecko/20100101 Firefox/27.0"
122.106.159.61 - - [03/Nov/2014:00:11:12 +1100] "POST /addEvents.php HTTP/1.1" 200 5943 "http://www.utsems.net/viewEventsEM.php" "Mozilla/5.0 (compatible; MSIE 10.0; Windows NT 6.2; WOW64; Trident/6.0; Touch; MAARJS)"
122.106.159.61 - - [03/Nov/2014:00:11:12 +1100] "GET /resources/demos/style.css HTTP/1.1" 404 - "http://www.utsems.net/addEvents.php" "Mozilla/5.0 (compatible; MSIE 10.0; Windows NT 6.2; WOW64; Trident/6.0; Touch; MAARJS)"
122.106.159.61 - - [03/Nov/2014:00:11:43 +1100] "POST /newEventProcess.php HTTP/1.1" 302 - "http://www.utsems.net/addEvents.php" "Mozilla/5.0 (compatible; MSIE 10.0; Windows NT 6.2; WOW64; Trident/6.0; Touch; MAARJS)"
122.106.159.61 - - [03/Nov/2014:00:11:44 +1100] "GET /manageEvent.php?e_ID=34 HTTP/1.1" 200 2521 "http://www.utsems.net/addEvents.php" "Mozilla/5.0 (compatible; MSIE 10.0; Windows NT 6.2; WOW64; Trident/6.0; Touch; MAARJS)"
122.106.159.61 - - [03/Nov/2014:00:11:47 +1100] "POST /addActivities.php?e_ID=34 HTTP/1.1" 200 7274 "http://www.utsems.net/manageEvent.php?e_ID=34" "Mozilla/5.0 (compatible; MSIE 10.0; Windows NT 6.2; WOW64; Trident/6.0; Touch; MAARJS)"
122.106.159.61 - - [03/Nov/2014:00:11:47 +1100] "GET /resources/demos/style.css HTTP/1.1" 404 - "http://www.utsems.net/addActivities.php?e_ID=34" "Mozilla/5.0 (compatible; MSIE 10.0; Windows NT 6.2; WOW64; Trident/6.0; Touch; MAARJS)"
114.76.232.57 - - [03/Nov/2014:00:11:52 +1100] "POST /updateActivityV.php?a_ID=49 HTTP/1.1" 200 8031 "http://utsems.net/manageActivity.php" "Mozilla/5.0 (Macintosh; Intel Mac OS X 10_10) AppleWebKit/600.1.25 (KHTML, like Gecko) Version/8.0 Safari/600.1.25"
114.76.232.57 - - [03/Nov/2014:00:11:52 +1100] "GET /resources/demos/style.css HTTP/1.1" 404 - "http://utsems.net/updateActivityV.php?a_ID=49" "Mozilla/5.0 (Macintosh; Intel Mac OS X 10_10) AppleWebKit/600.1.25 (KHTML, like Gecko) Version/8.0 Safari/600.1.25"
114.76.232.57 - - [03/Nov/2014:00:12:00 +1100] "POST /updateActivityProcessV.php?a_ID=49 HTTP/1.1" 302 - "http://utsems.net/updateActivityV.php?a_ID=49" "Mozilla/5.0 (Macintosh; Intel Mac OS X 10_10) AppleWebKit/600.1.25 (KHTML, like Gecko) Version/8.0 Safari/600.1.25"
114.76.232.57 - - [03/Nov/2014:00:12:01 +1100] "GET /manageActivity.php?a_ID=49 HTTP/1.1" 200 3115 "http://utsems.net/updateActivityV.php?a_ID=49" "Mozilla/5.0 (Macintosh; Intel Mac OS X 10_10) AppleWebKit/600.1.25 (KHTML, like Gecko) Version/8.0 Safari/600.1.25"
114.76.232.57 - - [03/Nov/2014:00:12:02 +1100] "GET /buttons.css HTTP/1.1" 304 - "http://utsems.net/viewEventsEM.php" "Mozilla/5.0 (Macintosh; Intel Mac OS X 10_10) AppleWebKit/600.1.25 (KHTML, like Gecko) Version/8.0 Safari/600.1.25"
123.243.94.196 - - [03/Nov/2014:00:12:13 +1100] "POST /preRegister.php?a_ID=46 HTTP/1.1" 200 2724 "http://utsems.net/viewVolunteerActivityDetails.php" "Mozilla/5.0 (Windows NT 6.1; WOW64; rv:27.0) Gecko/20100101 Firefox/27.0"
123.243.94.196 - - [03/Nov/2014:00:12:13 +1100] "GET /resources/demos/style.css HTTP/1.1" 404 - "http://utsems.net/preRegister.php?a_ID=46" "Mozilla/5.0 (Windows NT 6.1; WOW64; rv:27.0) Gecko/20100101 Firefox/27.0"
122.106.159.61 - - [03/Nov/2014:00:12:13 +1100] "POST /newActivityProcess.php?e_ID=34 HTTP/1.1" 200 1070 "http://www.utsems.net/addActivities.php?e_ID=34" "Mozilla/5.0 (compatible; MSIE 10.0; Windows NT 6.2; WOW64; Trident/6.0; Touch; MAARJS)"
123.243.94.196 - - [03/Nov/2014:00:12:13 +1100] "GET /resources/demos/style.css HTTP/1.1" 404 - "http://utsems.net/preRegister.php?a_ID=46" "Mozilla/5.0 (Windows NT 6.1; WOW64; rv:27.0) Gecko/20100101 Firefox/27.0"
122.106.159.61 - - [03/Nov/2014:00:12:13 +1100] "GET /manageActivity.php?a_ID=50 HTTP/1.1" 200 3125 "http://www.utsems.net/newActivityProcess.php?e_ID=34" "Mozilla/5.0 (compatible; MSIE 10.0; Windows NT 6.2; WOW64; Trident/6.0; Touch; MAARJS)"
122.106.159.61 - - [03/Nov/2014:00:12:15 +1100] "GET /viewEventsEM.php HTTP/1.1" 200 1776 "http://www.utsems.net/manageActivity.php?a_ID=50" "Mozilla/5.0 (compatible; MSIE 10.0; Windows NT 6.2; WOW64; Trident/6.0; Touch; MAARJS)"
114.76.232.57 - - [03/Nov/2014:00:13:23 +1100] "GET /viewEventsEM.php HTTP/1.1" 200 4392 "http://utsems.net/manageActivity.php?a_ID=49" "Mozilla/5.0 (Macintosh; Intel Mac OS X 10_10) AppleWebKit/600.1.25 (KHTML, like Gecko) Version/8.0 Safari/600.1.25"
114.76.232.57 - - [03/Nov/2014:00:13:29 +1100] "POST /manageEvent.php HTTP/1.1" 200 4340 "http://utsems.net/viewEventsEM.php" "Mozilla/5.0 (Macintosh; Intel Mac OS X 10_10) AppleWebKit/600.1.25 (KHTML, like Gecko) Version/8.0 Safari/600.1.25"
114.76.232.57 - - [03/Nov/2014:00:13:33 +1100] "POST /manageActivity.php HTTP/1.1" 200 3238 "http://utsems.net/manageEvent.php" "Mozilla/5.0 (Macintosh; Intel Mac OS X 10_10) AppleWebKit/600.1.25 (KHTML, like Gecko) Version/8.0 Safari/600.1.25"
114.76.232.57 - - [03/Nov/2014:00:13:46 +1100] "POST /manageRegisteredRole.php?a_ID=5 HTTP/1.1" 200 2639 "http://utsems.net/manageActivity.php" "Mozilla/5.0 (Macintosh; Intel Mac OS X 10_10) AppleWebKit/600.1.25 (KHTML, like Gecko) Version/8.0 Safari/600.1.25"
114.76.232.57 - - [03/Nov/2014:00:13:59 +1100] "GET /viewEventsEM.php HTTP/1.1" 200 4392 "http://utsems.net/manageActivity.php" "Mozilla/5.0 (Macintosh; Intel Mac OS X 10_10) AppleWebKit/600.1.25 (KHTML, like Gecko) Version/8.0 Safari/600.1.25"
114.76.232.57 - - [03/Nov/2014:00:14:02 +1100] "POST /manageEvent.php HTTP/1.1" 200 3380 "http://utsems.net/viewEventsEM.php" "Mozilla/5.0 (Macintosh; Intel Mac OS X 10_10) AppleWebKit/600.1.25 (KHTML, like Gecko) Version/8.0 Safari/600.1.25"
114.76.232.57 - - [03/Nov/2014:00:14:05 +1100] "POST /manageActivity.php HTTP/1.1" 200 3650 "http://utsems.net/manageEvent.php" "Mozilla/5.0 (Macintosh; Intel Mac OS X 10_10) AppleWebKit/600.1.25 (KHTML, like Gecko) Version/8.0 Safari/600.1.25"
122.106.159.61 - - [03/Nov/2014:00:14:16 +1100] "GET /viewEventsEM.php HTTP/1.1" 200 2739 "http://www.utsems.net/manageActivity.php?a_ID=50" "Mozilla/5.0 (compatible; MSIE 10.0; Windows NT 6.2; WOW64; Trident/6.0; Touch; MAARJS)"
122.106.159.61 - - [03/Nov/2014:00:14:16 +1100] "GET /buttons.css HTTP/1.1" 304 - "http://www.utsems.net/viewEventsEM.php" "Mozilla/5.0 (compatible; MSIE 10.0; Windows NT 6.2; WOW64; Trident/6.0; Touch; MAARJS)"
114.76.232.57 - - [03/Nov/2014:00:14:20 +1100] "POST /manageAllocatedRole.php?a_ID=11 HTTP/1.1" 200 2602 "http://utsems.net/manageActivity.php" "Mozilla/5.0 (Macintosh; Intel Mac OS X 10_10) AppleWebKit/600.1.25 (KHTML, like Gecko) Version/8.0 Safari/600.1.25"
122.106.159.61 - - [03/Nov/2014:00:14:26 +1100] "POST /manageEvent.php HTTP/1.1" 200 2660 "http://www.utsems.net/viewEventsEM.php" "Mozilla/5.0 (compatible; MSIE 10.0; Windows NT 6.2; WOW64; Trident/6.0; Touch; MAARJS)"
122.106.159.61 - - [03/Nov/2014:00:14:28 +1100] "POST /updateEventV.php?e_ID=5 HTTP/1.1" 200 6969 "http://www.utsems.net/manageEvent.php" "Mozilla/5.0 (compatible; MSIE 10.0; Windows NT 6.2; WOW64; Trident/6.0; Touch; MAARJS)"
122.106.159.61 - - [03/Nov/2014:00:14:28 +1100] "GET /resources/demos/style.css HTTP/1.1" 404 - "http://www.utsems.net/updateEventV.php?e_ID=5" "Mozilla/5.0 (compatible; MSIE 10.0; Windows NT 6.2; WOW64; Trident/6.0; Touch; MAARJS)"
122.106.159.61 - - [03/Nov/2014:00:14:44 +1100] "POST /updateEventProcessV.php?e_ID=5 HTTP/1.1" 302 - "http://www.utsems.net/updateEventV.php?e_ID=5" "Mozilla/5.0 (compatible; MSIE 10.0; Windows NT 6.2; WOW64; Trident/6.0; Touch; MAARJS)"
122.106.159.61 - - [03/Nov/2014:00:14:44 +1100] "GET /updateEventP.php?e_ID=5&m=Start%20date%20can%20not%20be%20in%20the%20past! HTTP/1.1" 200 6293 "http://www.utsems.net/updateEventV.php?e_ID=5" "Mozilla/5.0 (compatible; MSIE 10.0; Windows NT 6.2; WOW64; Trident/6.0; Touch; MAARJS)"
122.106.159.61 - - [03/Nov/2014:00:14:44 +1100] "GET /resources/demos/style.css HTTP/1.1" 404 - "http://www.utsems.net/updateEventP.php?e_ID=5&m=Start%20date%20can%20not%20be%20in%20the%20past!" "Mozilla/5.0 (compatible; MSIE 10.0; Windows NT 6.2; WOW64; Trident/6.0; Touch; MAARJS)"
123.243.94.196 - - [03/Nov/2014:00:16:51 +1100] "GET /dashboardU.php HTTP/1.1" 200 2055 "http://utsems.net/preRegister.php?a_ID=46" "Mozilla/5.0 (Windows NT 6.1; WOW64; rv:27.0) Gecko/20100101 Firefox/27.0"
122.106.159.61 - - [03/Nov/2014:00:16:59 +1100] "POST /manageEvent.php?e_ID=5 HTTP/1.1" 200 2660 "http://www.utsems.net/updateEventP.php?e_ID=5&m=Start%20date%20can%20not%20be%20in%20the%20past!" "Mozilla/5.0 (compatible; MSIE 10.0; Windows NT 6.2; WOW64; Trident/6.0; Touch; MAARJS)"
122.106.159.61 - - [03/Nov/2014:00:17:00 +1100] "GET /viewEventsEM.php HTTP/1.1" 200 1927 "http://www.utsems.net/manageEvent.php?e_ID=5" "Mozilla/5.0 (compatible; MSIE 10.0; Windows NT 6.2; WOW64; Trident/6.0; Touch; MAARJS)"
122.106.159.61 - - [03/Nov/2014:00:17:07 +1100] "POST /manageEvent.php HTTP/1.1" 200 2490 "http://www.utsems.net/viewEventsEM.php" "Mozilla/5.0 (compatible; MSIE 10.0; Windows NT 6.2; WOW64; Trident/6.0; Touch; MAARJS)"
122.106.159.61 - - [03/Nov/2014:00:17:11 +1100] "GET /viewEventsEM.php HTTP/1.1" 200 1927 "http://www.utsems.net/manageEvent.php" "Mozilla/5.0 (compatible; MSIE 10.0; Windows NT 6.2; WOW64; Trident/6.0; Touch; MAARJS)"
123.243.94.196 - - [03/Nov/2014:00:17:57 +1100] "GET /viewPositions.php HTTP/1.1" 200 5140 "http://utsems.net/dashboardU.php" "Mozilla/5.0 (Windows NT 6.1; WOW64; rv:27.0) Gecko/20100101 Firefox/27.0"
123.243.94.196 - - [03/Nov/2014:00:17:57 +1100] "GET /buttons.css HTTP/1.1" 304 - "http://utsems.net/viewPositions.php" "Mozilla/5.0 (Windows NT 6.1; WOW64; rv:27.0) Gecko/20100101 Firefox/27.0"
123.243.94.196 - - [03/Nov/2014:00:18:34 +1100] "POST /viewVolunteerActivityDetails.php HTTP/1.1" 200 2224 "http://utsems.net/viewPositions.php" "Mozilla/5.0 (Windows NT 6.1; WOW64; rv:27.0) Gecko/20100101 Firefox/27.0"
122.106.159.61 - - [03/Nov/2014:00:18:54 +1100] "GET /viewEventsEM.php HTTP/1.1" 200 1927 "http://www.utsems.net/manageEvent.php" "Mozilla/5.0 (compatible; MSIE 10.0; Windows NT 6.2; WOW64; Trident/6.0; Touch; MAARJS)"
122.106.159.61 - - [03/Nov/2014:00:18:54 +1100] "GET /buttons.css HTTP/1.1" 304 - "http://www.utsems.net/viewEventsEM.php" "Mozilla/5.0 (compatible; MSIE 10.0; Windows NT 6.2; WOW64; Trident/6.0; Touch; MAARJS)"
122.106.159.61 - - [03/Nov/2014:00:18:56 +1100] "GET /viewEventsEM.php HTTP/1.1" 200 1927 "http://www.utsems.net/manageEvent.php" "Mozilla/5.0 (compatible; MSIE 10.0; Windows NT 6.2; WOW64; Trident/6.0; Touch; MAARJS)"
122.106.159.61 - - [03/Nov/2014:00:18:56 +1100] "GET /buttons.css HTTP/1.1" 304 - "http://www.utsems.net/viewEventsEM.php" "Mozilla/5.0 (compatible; MSIE 10.0; Windows NT 6.2; WOW64; Trident/6.0; Touch; MAARJS)"
122.106.159.61 - - [03/Nov/2014:00:18:56 +1100] "GET /viewEventsEM.php HTTP/1.1" 200 1927 "http://www.utsems.net/manageEvent.php" "Mozilla/5.0 (compatible; MSIE 10.0; Windows NT 6.2; WOW64; Trident/6.0; Touch; MAARJS)"
122.106.159.61 - - [03/Nov/2014:00:18:56 +1100] "GET /buttons.css HTTP/1.1" 304 - "http://www.utsems.net/viewEventsEM.php" "Mozilla/5.0 (compatible; MSIE 10.0; Windows NT 6.2; WOW64; Trident/6.0; Touch; MAARJS)"
122.106.159.61 - - [03/Nov/2014:00:18:57 +1100] "GET /viewEventsEM.php HTTP/1.1" 200 1927 "http://www.utsems.net/manageEvent.php" "Mozilla/5.0 (compatible; MSIE 10.0; Windows NT 6.2; WOW64; Trident/6.0; Touch; MAARJS)"
122.106.159.61 - - [03/Nov/2014:00:18:57 +1100] "GET /buttons.css HTTP/1.1" 304 - "http://www.utsems.net/viewEventsEM.php" "Mozilla/5.0 (compatible; MSIE 10.0; Windows NT 6.2; WOW64; Trident/6.0; Touch; MAARJS)"
123.243.94.196 - - [03/Nov/2014:00:19:05 +1100] "POST /preRegister.php?a_ID=39 HTTP/1.1" 302 2716 "http://utsems.net/viewVolunteerActivityDetails.php" "Mozilla/5.0 (Windows NT 6.1; WOW64; rv:27.0) Gecko/20100101 Firefox/27.0"
123.243.94.196 - - [03/Nov/2014:00:19:05 +1100] "GET /alreadyReg.php?a_ID= HTTP/1.1" 200 1290 "http://utsems.net/viewVolunteerActivityDetails.php" "Mozilla/5.0 (Windows NT 6.1; WOW64; rv:27.0) Gecko/20100101 Firefox/27.0"
123.243.94.196 - - [03/Nov/2014:00:19:06 +1100] "GET /viewPositions.php HTTP/1.1" 200 5140 "http://utsems.net/alreadyReg.php?a_ID=" "Mozilla/5.0 (Windows NT 6.1; WOW64; rv:27.0) Gecko/20100101 Firefox/27.0"
114.76.232.57 - - [03/Nov/2014:00:19:07 +1100] "POST /manageRegisteredRole.php?a_ID=11 HTTP/1.1" 200 2632 "http://utsems.net/manageActivity.php" "Mozilla/5.0 (Macintosh; Intel Mac OS X 10_10) AppleWebKit/600.1.25 (KHTML, like Gecko) Version/8.0 Safari/600.1.25"
114.76.232.57 - - [03/Nov/2014:00:19:21 +1100] "POST /updateActivityV.php?a_ID=11 HTTP/1.1" 200 8051 "http://utsems.net/manageActivity.php" "Mozilla/5.0 (Macintosh; Intel Mac OS X 10_10) AppleWebKit/600.1.25 (KHTML, like Gecko) Version/8.0 Safari/600.1.25"
114.76.232.57 - - [03/Nov/2014:00:19:21 +1100] "GET /resources/demos/style.css HTTP/1.1" 404 - "http://utsems.net/updateActivityV.php?a_ID=11" "Mozilla/5.0 (Macintosh; Intel Mac OS X 10_10) AppleWebKit/600.1.25 (KHTML, like Gecko) Version/8.0 Safari/600.1.25"
114.76.232.57 - - [03/Nov/2014:00:19:25 +1100] "POST /updateActivityProcessV.php?a_ID=11 HTTP/1.1" 302 - "http://utsems.net/updateActivityV.php?a_ID=11" "Mozilla/5.0 (Macintosh; Intel Mac OS X 10_10) AppleWebKit/600.1.25 (KHTML, like Gecko) Version/8.0 Safari/600.1.25"
114.76.232.57 - - [03/Nov/2014:00:19:26 +1100] "GET /manageActivity.php?a_ID=11 HTTP/1.1" 200 3650 "http://utsems.net/updateActivityV.php?a_ID=11" "Mozilla/5.0 (Macintosh; Intel Mac OS X 10_10) AppleWebKit/600.1.25 (KHTML, like Gecko) Version/8.0 Safari/600.1.25"
114.76.232.57 - - [03/Nov/2014:00:19:26 +1100] "GET /buttons.css HTTP/1.1" 304 - "http://utsems.net/viewEventsEM.php" "Mozilla/5.0 (Macintosh; Intel Mac OS X 10_10) AppleWebKit/600.1.25 (KHTML, like Gecko) Version/8.0 Safari/600.1.25"
114.76.232.57 - - [03/Nov/2014:00:19:27 +1100] "POST /manageRegisteredRole.php?a_ID=11 HTTP/1.1" 200 2605 "http://utsems.net/manageActivity.php?a_ID=11" "Mozilla/5.0 (Macintosh; Intel Mac OS X 10_10) AppleWebKit/600.1.25 (KHTML, like Gecko) Version/8.0 Safari/600.1.25"
114.76.232.57 - - [03/Nov/2014:00:19:29 +1100] "POST /updateRegisteredRoleProcess.php?u_ID=116126722&a_ID=11 HTTP/1.1" 302 789 "http://utsems.net/manageRegisteredRole.php?a_ID=11" "Mozilla/5.0 (Macintosh; Intel Mac OS X 10_10) AppleWebKit/600.1.25 (KHTML, like Gecko) Version/8.0 Safari/600.1.25"
114.76.232.57 - - [03/Nov/2014:00:19:30 +1100] "GET /manageActivity.php?a_ID=11 HTTP/1.1" 200 3622 "http://utsems.net/manageRegisteredRole.php?a_ID=11" "Mozilla/5.0 (Macintosh; Intel Mac OS X 10_10) AppleWebKit/600.1.25 (KHTML, like Gecko) Version/8.0 Safari/600.1.25"
114.76.232.57 - - [03/Nov/2014:00:19:30 +1100] "GET /buttons.css HTTP/1.1" 304 - "http://utsems.net/viewEventsEM.php" "Mozilla/5.0 (Macintosh; Intel Mac OS X 10_10) AppleWebKit/600.1.25 (KHTML, like Gecko) Version/8.0 Safari/600.1.25"
114.76.232.57 - - [03/Nov/2014:00:19:34 +1100] "GET /dashboardEM.php HTTP/1.1" 200 1492 "http://utsems.net/manageActivity.php?a_ID=11" "Mozilla/5.0 (Macintosh; Intel Mac OS X 10_10) AppleWebKit/600.1.25 (KHTML, like Gecko) Version/8.0 Safari/600.1.25"
114.76.232.57 - - [03/Nov/2014:00:19:37 +1100] "GET /logout.php HTTP/1.1" 200 134 "http://utsems.net/dashboardEM.php" "Mozilla/5.0 (Macintosh; Intel Mac OS X 10_10) AppleWebKit/600.1.25 (KHTML, like Gecko) Version/8.0 Safari/600.1.25"
114.76.232.57 - - [03/Nov/2014:00:19:37 +1100] "GET /index.php HTTP/1.1" 200 1143 "http://utsems.net/logout.php" "Mozilla/5.0 (Macintosh; Intel Mac OS X 10_10) AppleWebKit/600.1.25 (KHTML, like Gecko) Version/8.0 Safari/600.1.25"
122.106.159.61 - - [03/Nov/2014:00:19:47 +1100] "GET /viewEventsEM.php HTTP/1.1" 200 1935 "http://www.utsems.net/manageEvent.php" "Mozilla/5.0 (compatible; MSIE 10.0; Windows NT 6.2; WOW64; Trident/6.0; Touch; MAARJS)"
122.106.159.61 - - [03/Nov/2014:00:19:47 +1100] "GET /buttons.css HTTP/1.1" 304 - "http://www.utsems.net/viewEventsEM.php" "Mozilla/5.0 (compatible; MSIE 10.0; Windows NT 6.2; WOW64; Trident/6.0; Touch; MAARJS)"
114.76.232.57 - - [03/Nov/2014:00:19:59 +1100] "POST /loginProcess.php HTTP/1.1" 200 100 "http://utsems.net/index.php" "Mozilla/5.0 (Macintosh; Intel Mac OS X 10_10) AppleWebKit/600.1.25 (KHTML, like Gecko) Version/8.0 Safari/600.1.25"
114.76.232.57 - - [03/Nov/2014:00:19:59 +1100] "GET /userAuthenticated.php HTTP/1.1" 200 145 "http://utsems.net/loginProcess.php" "Mozilla/5.0 (Macintosh; Intel Mac OS X 10_10) AppleWebKit/600.1.25 (KHTML, like Gecko) Version/8.0 Safari/600.1.25"
114.76.232.57 - - [03/Nov/2014:00:19:59 +1100] "GET /viewEventsEM.php HTTP/1.1" 200 4400 "http://utsems.net/userAuthenticated.php" "Mozilla/5.0 (Macintosh; Intel Mac OS X 10_10) AppleWebKit/600.1.25 (KHTML, like Gecko) Version/8.0 Safari/600.1.25"
122.106.159.61 - - [03/Nov/2014:00:20:54 +1100] "POST /manageEvent.php HTTP/1.1" 200 2490 "http://www.utsems.net/viewEventsEM.php" "Mozilla/5.0 (compatible; MSIE 10.0; Windows NT 6.2; WOW64; Trident/6.0; Touch; MAARJS)"
122.106.159.61 - - [03/Nov/2014:00:20:55 +1100] "POST /updateEventV.php?e_ID=13 HTTP/1.1" 200 6949 "http://www.utsems.net/manageEvent.php" "Mozilla/5.0 (compatible; MSIE 10.0; Windows NT 6.2; WOW64; Trident/6.0; Touch; MAARJS)"
122.106.159.61 - - [03/Nov/2014:00:20:56 +1100] "GET /resources/demos/style.css HTTP/1.1" 404 - "http://www.utsems.net/updateEventV.php?e_ID=13" "Mozilla/5.0 (compatible; MSIE 10.0; Windows NT 6.2; WOW64; Trident/6.0; Touch; MAARJS)"
122.106.159.61 - - [03/Nov/2014:00:21:05 +1100] "POST /updateEventProcessV.php?e_ID=13 HTTP/1.1" 302 - "http://www.utsems.net/updateEventV.php?e_ID=13" "Mozilla/5.0 (compatible; MSIE 10.0; Windows NT 6.2; WOW64; Trident/6.0; Touch; MAARJS)"
122.106.159.61 - - [03/Nov/2014:00:21:05 +1100] "GET /updateEventP.php?e_ID=13&m=Start%20date%20can%20not%20be%20in%20the%20past! HTTP/1.1" 200 6272 "http://www.utsems.net/updateEventV.php?e_ID=13" "Mozilla/5.0 (compatible; MSIE 10.0; Windows NT 6.2; WOW64; Trident/6.0; Touch; MAARJS)"
122.106.159.61 - - [03/Nov/2014:00:21:05 +1100] "GET /resources/demos/style.css HTTP/1.1" 404 - "http://www.utsems.net/updateEventP.php?e_ID=13&m=Start%20date%20can%20not%20be%20in%20the%20past!" "Mozilla/5.0 (compatible; MSIE 10.0; Windows NT 6.2; WOW64; Trident/6.0; Touch; MAARJS)"
122.106.159.61 - - [03/Nov/2014:00:21:13 +1100] "POST /updateEventProcessV.php?e_ID=13 HTTP/1.1" 302 - "http://www.utsems.net/updateEventP.php?e_ID=13&m=Start%20date%20can%20not%20be%20in%20the%20past!" "Mozilla/5.0 (compatible; MSIE 10.0; Windows NT 6.2; WOW64; Trident/6.0; Touch; MAARJS)"
122.106.159.61 - - [03/Nov/2014:00:21:13 +1100] "GET /manageEvent.php?e_ID=13 HTTP/1.1" 200 2513 "http://www.utsems.net/updateEventP.php?e_ID=13&m=Start%20date%20can%20not%20be%20in%20the%20past!" "Mozilla/5.0 (compatible; MSIE 10.0; Windows NT 6.2; WOW64; Trident/6.0; Touch; MAARJS)"
114.76.232.57 - - [03/Nov/2014:00:21:15 +1100] "GET /logout.php HTTP/1.1" 200 134 "http://utsems.net/viewEventsEM.php" "Mozilla/5.0 (Macintosh; Intel Mac OS X 10_10) AppleWebKit/600.1.25 (KHTML, like Gecko) Version/8.0 Safari/600.1.25"
114.76.232.57 - - [03/Nov/2014:00:21:16 +1100] "GET /index.php HTTP/1.1" 200 1143 "http://utsems.net/logout.php" "Mozilla/5.0 (Macintosh; Intel Mac OS X 10_10) AppleWebKit/600.1.25 (KHTML, like Gecko) Version/8.0 Safari/600.1.25"
122.106.159.61 - - [03/Nov/2014:00:21:16 +1100] "GET /viewEventsEM.php HTTP/1.1" 200 1935 "http://www.utsems.net/manageEvent.php?e_ID=13" "Mozilla/5.0 (compatible; MSIE 10.0; Windows NT 6.2; WOW64; Trident/6.0; Touch; MAARJS)"
114.76.232.57 - - [03/Nov/2014:00:21:37 +1100] "POST /loginProcess.php HTTP/1.1" 200 100 "http://utsems.net/index.php" "Mozilla/5.0 (Macintosh; Intel Mac OS X 10_10) AppleWebKit/600.1.25 (KHTML, like Gecko) Version/8.0 Safari/600.1.25"
114.76.232.57 - - [03/Nov/2014:00:21:37 +1100] "GET /userAuthenticated.php HTTP/1.1" 200 145 "http://utsems.net/loginProcess.php" "Mozilla/5.0 (Macintosh; Intel Mac OS X 10_10) AppleWebKit/600.1.25 (KHTML, like Gecko) Version/8.0 Safari/600.1.25"
114.76.232.57 - - [03/Nov/2014:00:21:37 +1100] "GET /viewEventsEM.php HTTP/1.1" 200 4400 "http://utsems.net/userAuthenticated.php" "Mozilla/5.0 (Macintosh; Intel Mac OS X 10_10) AppleWebKit/600.1.25 (KHTML, like Gecko) Version/8.0 Safari/600.1.25"
114.76.232.57 - - [03/Nov/2014:00:21:45 +1100] "POST /manageEvent.php HTTP/1.1" 200 3380 "http://utsems.net/viewEventsEM.php" "Mozilla/5.0 (Macintosh; Intel Mac OS X 10_10) AppleWebKit/600.1.25 (KHTML, like Gecko) Version/8.0 Safari/600.1.25"
114.76.232.57 - - [03/Nov/2014:00:21:51 +1100] "GET /dashboardEM.php HTTP/1.1" 200 1492 "http://utsems.net/manageEvent.php" "Mozilla/5.0 (Macintosh; Intel Mac OS X 10_10) AppleWebKit/600.1.25 (KHTML, like Gecko) Version/8.0 Safari/600.1.25"
114.76.232.57 - - [03/Nov/2014:00:21:52 +1100] "GET /viewEventsEM.php HTTP/1.1" 200 4392 "http://utsems.net/dashboardEM.php" "Mozilla/5.0 (Macintosh; Intel Mac OS X 10_10) AppleWebKit/600.1.25 (KHTML, like Gecko) Version/8.0 Safari/600.1.25"
122.106.159.61 - - [03/Nov/2014:00:21:53 +1100] "GET /viewEventsEM.php HTTP/1.1" 200 1927 "http://www.utsems.net/manageEvent.php?e_ID=13" "Mozilla/5.0 (compatible; MSIE 10.0; Windows NT 6.2; WOW64; Trident/6.0; Touch; MAARJS)"
122.106.159.61 - - [03/Nov/2014:00:21:53 +1100] "GET /buttons.css HTTP/1.1" 304 - "http://www.utsems.net/viewEventsEM.php" "Mozilla/5.0 (compatible; MSIE 10.0; Windows NT 6.2; WOW64; Trident/6.0; Touch; MAARJS)"
122.106.159.61 - - [03/Nov/2014:00:21:54 +1100] "GET /viewEventsEM.php HTTP/1.1" 200 1927 "http://www.utsems.net/manageEvent.php?e_ID=13" "Mozilla/5.0 (compatible; MSIE 10.0; Windows NT 6.2; WOW64; Trident/6.0; Touch; MAARJS)"
122.106.159.61 - - [03/Nov/2014:00:21:54 +1100] "GET /buttons.css HTTP/1.1" 304 - "http://www.utsems.net/viewEventsEM.php" "Mozilla/5.0 (compatible; MSIE 10.0; Windows NT 6.2; WOW64; Trident/6.0; Touch; MAARJS)"
114.76.232.57 - - [03/Nov/2014:00:21:55 +1100] "POST /manageEvent.php HTTP/1.1" 200 2648 "http://utsems.net/viewEventsEM.php" "Mozilla/5.0 (Macintosh; Intel Mac OS X 10_10) AppleWebKit/600.1.25 (KHTML, like Gecko) Version/8.0 Safari/600.1.25"
114.76.232.57 - - [03/Nov/2014:00:21:58 +1100] "GET /viewEventsEM.php HTTP/1.1" 200 4392 "http://utsems.net/manageEvent.php" "Mozilla/5.0 (Macintosh; Intel Mac OS X 10_10) AppleWebKit/600.1.25 (KHTML, like Gecko) Version/8.0 Safari/600.1.25"
114.76.232.57 - - [03/Nov/2014:00:22:10 +1100] "POST /manageEvent.php HTTP/1.1" 200 3380 "http://utsems.net/viewEventsEM.php" "Mozilla/5.0 (Macintosh; Intel Mac OS X 10_10) AppleWebKit/600.1.25 (KHTML, like Gecko) Version/8.0 Safari/600.1.25"
114.76.232.57 - - [03/Nov/2014:00:22:13 +1100] "POST /manageActivity.php HTTP/1.1" 200 3622 "http://utsems.net/manageEvent.php" "Mozilla/5.0 (Macintosh; Intel Mac OS X 10_10) AppleWebKit/600.1.25 (KHTML, like Gecko) Version/8.0 Safari/600.1.25"
114.76.232.57 - - [03/Nov/2014:00:22:16 +1100] "GET /logout.php HTTP/1.1" 200 134 "http://utsems.net/manageActivity.php" "Mozilla/5.0 (Macintosh; Intel Mac OS X 10_10) AppleWebKit/600.1.25 (KHTML, like Gecko) Version/8.0 Safari/600.1.25"
114.76.232.57 - - [03/Nov/2014:00:22:16 +1100] "GET /index.php HTTP/1.1" 200 1143 "http://utsems.net/logout.php" "Mozilla/5.0 (Macintosh; Intel Mac OS X 10_10) AppleWebKit/600.1.25 (KHTML, like Gecko) Version/8.0 Safari/600.1.25"
114.76.232.57 - - [03/Nov/2014:00:23:11 +1100] "POST /loginProcess.php HTTP/1.1" 200 100 "http://utsems.net/index.php" "Mozilla/5.0 (Macintosh; Intel Mac OS X 10_10) AppleWebKit/600.1.25 (KHTML, like Gecko) Version/8.0 Safari/600.1.25"
114.76.232.57 - - [03/Nov/2014:00:23:12 +1100] "GET /userAuthenticated.php HTTP/1.1" 200 145 "http://utsems.net/loginProcess.php" "Mozilla/5.0 (Macintosh; Intel Mac OS X 10_10) AppleWebKit/600.1.25 (KHTML, like Gecko) Version/8.0 Safari/600.1.25"
114.76.232.57 - - [03/Nov/2014:00:23:12 +1100] "GET /viewEventsEM.php HTTP/1.1" 200 4392 "http://utsems.net/userAuthenticated.php" "Mozilla/5.0 (Macintosh; Intel Mac OS X 10_10) AppleWebKit/600.1.25 (KHTML, like Gecko) Version/8.0 Safari/600.1.25"
114.76.232.57 - - [03/Nov/2014:00:23:21 +1100] "POST /manageEvent.php HTTP/1.1" 200 3380 "http://utsems.net/viewEventsEM.php" "Mozilla/5.0 (Macintosh; Intel Mac OS X 10_10) AppleWebKit/600.1.25 (KHTML, like Gecko) Version/8.0 Safari/600.1.25"
122.106.159.61 - - [03/Nov/2014:00:23:31 +1100] "GET /viewEventsEM.php HTTP/1.1" 200 1927 "http://www.utsems.net/viewEventsEM.php" "Mozilla/5.0 (compatible; MSIE 10.0; Windows NT 6.2; WOW64; Trident/6.0; Touch; MAARJS)"
122.106.159.61 - - [03/Nov/2014:00:23:35 +1100] "GET /viewUsers.php HTTP/1.1" 200 5480 "http://www.utsems.net/viewEventsEM.php" "Mozilla/5.0 (compatible; MSIE 10.0; Windows NT 6.2; WOW64; Trident/6.0; Touch; MAARJS)"
114.76.232.57 - - [03/Nov/2014:00:23:45 +1100] "POST /manageActivity.php HTTP/1.1" 200 3622 "http://utsems.net/manageEvent.php" "Mozilla/5.0 (Macintosh; Intel Mac OS X 10_10) AppleWebKit/600.1.25 (KHTML, like Gecko) Version/8.0 Safari/600.1.25"
114.76.232.57 - - [03/Nov/2014:00:24:11 +1100] "POST /manageRegisteredRole.php?a_ID=11 HTTP/1.1" 200 2639 "http://utsems.net/manageActivity.php" "Mozilla/5.0 (Macintosh; Intel Mac OS X 10_10) AppleWebKit/600.1.25 (KHTML, like Gecko) Version/8.0 Safari/600.1.25"
114.76.232.57 - - [03/Nov/2014:00:24:41 +1100] "POST /updateActivityV.php?a_ID=11 HTTP/1.1" 200 8051 "http://utsems.net/manageActivity.php" "Mozilla/5.0 (Macintosh; Intel Mac OS X 10_10) AppleWebKit/600.1.25 (KHTML, like Gecko) Version/8.0 Safari/600.1.25"
114.76.232.57 - - [03/Nov/2014:00:24:42 +1100] "GET /resources/demos/style.css HTTP/1.1" 404 - "http://utsems.net/updateActivityV.php?a_ID=11" "Mozilla/5.0 (Macintosh; Intel Mac OS X 10_10) AppleWebKit/600.1.25 (KHTML, like Gecko) Version/8.0 Safari/600.1.25"
114.76.232.57 - - [03/Nov/2014:00:24:45 +1100] "POST /updateActivityProcessV.php?a_ID=11 HTTP/1.1" 302 - "http://utsems.net/updateActivityV.php?a_ID=11" "Mozilla/5.0 (Macintosh; Intel Mac OS X 10_10) AppleWebKit/600.1.25 (KHTML, like Gecko) Version/8.0 Safari/600.1.25"
114.76.232.57 - - [03/Nov/2014:00:24:45 +1100] "GET /manageActivity.php?a_ID=11 HTTP/1.1" 200 3622 "http://utsems.net/updateActivityV.php?a_ID=11" "Mozilla/5.0 (Macintosh; Intel Mac OS X 10_10) AppleWebKit/600.1.25 (KHTML, like Gecko) Version/8.0 Safari/600.1.25"
114.76.232.57 - - [03/Nov/2014:00:24:45 +1100] "GET /buttons.css HTTP/1.1" 304 - "http://utsems.net/viewEventsEM.php" "Mozilla/5.0 (Macintosh; Intel Mac OS X 10_10) AppleWebKit/600.1.25 (KHTML, like Gecko) Version/8.0 Safari/600.1.25"
114.76.232.57 - - [03/Nov/2014:00:24:49 +1100] "POST /manageRegisteredRole.php?a_ID=11 HTTP/1.1" 200 2612 "http://utsems.net/manageActivity.php?a_ID=11" "Mozilla/5.0 (Macintosh; Intel Mac OS X 10_10) AppleWebKit/600.1.25 (KHTML, like Gecko) Version/8.0 Safari/600.1.25"
123.243.82.58 - - [03/Nov/2014:00:24:49 +1100] "GET /dashboardU.php HTTP/1.1" 200 1525 "http://utsems.net/viewPositions.php" "Mozilla/5.0 (compatible; MSIE 10.0; Windows NT 6.2; WOW64; Trident/6.0; ASU2JS)"
114.76.232.57 - - [03/Nov/2014:00:24:51 +1100] "POST /updateRegisteredRoleProcess.php?u_ID=14725836&a_ID=11 HTTP/1.1" 302 789 "http://utsems.net/manageRegisteredRole.php?a_ID=11" "Mozilla/5.0 (Macintosh; Intel Mac OS X 10_10) AppleWebKit/600.1.25 (KHTML, like Gecko) Version/8.0 Safari/600.1.25"
123.243.82.58 - - [03/Nov/2014:00:24:51 +1100] "GET /viewPositions.php HTTP/1.1" 200 5133 "http://utsems.net/dashboardU.php" "Mozilla/5.0 (compatible; MSIE 10.0; Windows NT 6.2; WOW64; Trident/6.0; ASU2JS)"
114.76.232.57 - - [03/Nov/2014:00:24:51 +1100] "GET /manageActivity.php?a_ID=11 HTTP/1.1" 200 3592 "http://utsems.net/manageRegisteredRole.php?a_ID=11" "Mozilla/5.0 (Macintosh; Intel Mac OS X 10_10) AppleWebKit/600.1.25 (KHTML, like Gecko) Version/8.0 Safari/600.1.25"
114.76.232.57 - - [03/Nov/2014:00:24:51 +1100] "GET /buttons.css HTTP/1.1" 304 - "http://utsems.net/viewEventsEM.php" "Mozilla/5.0 (Macintosh; Intel Mac OS X 10_10) AppleWebKit/600.1.25 (KHTML, like Gecko) Version/8.0 Safari/600.1.25"
114.76.232.57 - - [03/Nov/2014:00:25:33 +1100] "POST /manageAllocatedRole.php?a_ID=11 HTTP/1.1" 200 2602 "http://utsems.net/manageActivity.php?a_ID=11" "Mozilla/5.0 (Macintosh; Intel Mac OS X 10_10) AppleWebKit/600.1.25 (KHTML, like Gecko) Version/8.0 Safari/600.1.25"
122.106.159.61 - - [03/Nov/2014:00:25:47 +1100] "GET /viewPositions.php HTTP/1.1" 200 5564 "http://www.utsems.net/viewPositions.php" "Mozilla/5.0 (Windows NT 6.2; WOW64) AppleWebKit/537.36 (KHTML, like Gecko) Chrome/38.0.2125.111 Safari/537.36"
122.106.159.61 - - [03/Nov/2014:00:25:47 +1100] "GET /buttons.css HTTP/1.1" 304 - "http://www.utsems.net/viewPositions.php" "Mozilla/5.0 (Windows NT 6.2; WOW64) AppleWebKit/537.36 (KHTML, like Gecko) Chrome/38.0.2125.111 Safari/537.36"
114.76.232.57 - - [03/Nov/2014:00:25:47 +1100] "POST /updateActivityV.php?a_ID=11 HTTP/1.1" 200 8051 "http://utsems.net/manageActivity.php?a_ID=11" "Mozilla/5.0 (Macintosh; Intel Mac OS X 10_10) AppleWebKit/600.1.25 (KHTML, like Gecko) Version/8.0 Safari/600.1.25"
114.76.232.57 - - [03/Nov/2014:00:25:48 +1100] "GET /resources/demos/style.css HTTP/1.1" 404 - "http://utsems.net/updateActivityV.php?a_ID=11" "Mozilla/5.0 (Macintosh; Intel Mac OS X 10_10) AppleWebKit/600.1.25 (KHTML, like Gecko) Version/8.0 Safari/600.1.25"
122.106.159.61 - - [03/Nov/2014:00:25:49 +1100] "POST /inquire.php HTTP/1.1" 200 - "http://www.utsems.net/viewPositions.php" "Mozilla/5.0 (Windows NT 6.2; WOW64) AppleWebKit/537.36 (KHTML, like Gecko) Chrome/38.0.2125.111 Safari/537.36"
122.106.159.61 - - [03/Nov/2014:00:25:51 +1100] "GET /viewPositions.php HTTP/1.1" 200 5564 "http://www.utsems.net/viewPositions.php" "Mozilla/5.0 (Windows NT 6.2; WOW64) AppleWebKit/537.36 (KHTML, like Gecko) Chrome/38.0.2125.111 Safari/537.36"
114.76.232.57 - - [03/Nov/2014:00:25:51 +1100] "POST /updateActivityProcessV.php?a_ID=11 HTTP/1.1" 302 - "http://utsems.net/updateActivityV.php?a_ID=11" "Mozilla/5.0 (Macintosh; Intel Mac OS X 10_10) AppleWebKit/600.1.25 (KHTML, like Gecko) Version/8.0 Safari/600.1.25"
114.76.232.57 - - [03/Nov/2014:00:25:51 +1100] "GET /manageActivity.php?a_ID=11 HTTP/1.1" 200 3592 "http://utsems.net/updateActivityV.php?a_ID=11" "Mozilla/5.0 (Macintosh; Intel Mac OS X 10_10) AppleWebKit/600.1.25 (KHTML, like Gecko) Version/8.0 Safari/600.1.25"
114.76.232.57 - - [03/Nov/2014:00:25:51 +1100] "GET /buttons.css HTTP/1.1" 304 - "http://utsems.net/viewEventsEM.php" "Mozilla/5.0 (Macintosh; Intel Mac OS X 10_10) AppleWebKit/600.1.25 (KHTML, like Gecko) Version/8.0 Safari/600.1.25"
114.76.232.57 - - [03/Nov/2014:00:25:58 +1100] "GET /dashboardEM.php HTTP/1.1" 200 1492 "http://utsems.net/manageActivity.php?a_ID=11" "Mozilla/5.0 (Macintosh; Intel Mac OS X 10_10) AppleWebKit/600.1.25 (KHTML, like Gecko) Version/8.0 Safari/600.1.25"
114.76.232.57 - - [03/Nov/2014:00:26:13 +1100] "GET /logout.php HTTP/1.1" 200 134 "http://utsems.net/dashboardEM.php" "Mozilla/5.0 (Macintosh; Intel Mac OS X 10_10) AppleWebKit/600.1.25 (KHTML, like Gecko) Version/8.0 Safari/600.1.25"
114.76.232.57 - - [03/Nov/2014:00:26:13 +1100] "GET /index.php HTTP/1.1" 200 1143 "http://utsems.net/logout.php" "Mozilla/5.0 (Macintosh; Intel Mac OS X 10_10) AppleWebKit/600.1.25 (KHTML, like Gecko) Version/8.0 Safari/600.1.25"
114.76.232.57 - - [03/Nov/2014:00:26:25 +1100] "POST /loginProcess.php HTTP/1.1" 200 100 "http://utsems.net/index.php" "Mozilla/5.0 (Macintosh; Intel Mac OS X 10_10) AppleWebKit/600.1.25 (KHTML, like Gecko) Version/8.0 Safari/600.1.25"
114.76.232.57 - - [03/Nov/2014:00:26:25 +1100] "GET /userAuthenticated.php HTTP/1.1" 200 145 "http://utsems.net/loginProcess.php" "Mozilla/5.0 (Macintosh; Intel Mac OS X 10_10) AppleWebKit/600.1.25 (KHTML, like Gecko) Version/8.0 Safari/600.1.25"
114.76.232.57 - - [03/Nov/2014:00:26:25 +1100] "GET /viewEventsEM.php HTTP/1.1" 200 4392 "http://utsems.net/userAuthenticated.php" "Mozilla/5.0 (Macintosh; Intel Mac OS X 10_10) AppleWebKit/600.1.25 (KHTML, like Gecko) Version/8.0 Safari/600.1.25"
114.76.232.57 - - [03/Nov/2014:00:26:35 +1100] "POST /manageEvent.php HTTP/1.1" 200 3380 "http://utsems.net/viewEventsEM.php" "Mozilla/5.0 (Macintosh; Intel Mac OS X 10_10) AppleWebKit/600.1.25 (KHTML, like Gecko) Version/8.0 Safari/600.1.25"
114.76.232.57 - - [03/Nov/2014:00:26:52 +1100] "POST /manageActivity.php HTTP/1.1" 200 3592 "http://utsems.net/manageEvent.php" "Mozilla/5.0 (Macintosh; Intel Mac OS X 10_10) AppleWebKit/600.1.25 (KHTML, like Gecko) Version/8.0 Safari/600.1.25"
114.76.232.57 - - [03/Nov/2014:00:27:19 +1100] "POST /manageAllocatedRole.php?a_ID=11 HTTP/1.1" 200 2602 "http://utsems.net/manageActivity.php" "Mozilla/5.0 (Macintosh; Intel Mac OS X 10_10) AppleWebKit/600.1.25 (KHTML, like Gecko) Version/8.0 Safari/600.1.25"
114.76.232.57 - - [03/Nov/2014:00:27:22 +1100] "GET /viewEventsEM.php HTTP/1.1" 200 4392 "http://utsems.net/manageAllocatedRole.php?a_ID=11" "Mozilla/5.0 (Macintosh; Intel Mac OS X 10_10) AppleWebKit/600.1.25 (KHTML, like Gecko) Version/8.0 Safari/600.1.25"
114.76.232.57 - - [03/Nov/2014:00:27:24 +1100] "POST /manageEvent.php HTTP/1.1" 200 3380 "http://utsems.net/viewEventsEM.php" "Mozilla/5.0 (Macintosh; Intel Mac OS X 10_10) AppleWebKit/600.1.25 (KHTML, like Gecko) Version/8.0 Safari/600.1.25"
114.76.232.57 - - [03/Nov/2014:00:27:27 +1100] "POST /manageActivity.php HTTP/1.1" 200 3280 "http://utsems.net/manageEvent.php" "Mozilla/5.0 (Macintosh; Intel Mac OS X 10_10) AppleWebKit/600.1.25 (KHTML, like Gecko) Version/8.0 Safari/600.1.25"
114.76.232.57 - - [03/Nov/2014:00:27:29 +1100] "POST /manageRegisteredRole.php?a_ID=10 HTTP/1.1" 200 2612 "http://utsems.net/manageActivity.php" "Mozilla/5.0 (Macintosh; Intel Mac OS X 10_10) AppleWebKit/600.1.25 (KHTML, like Gecko) Version/8.0 Safari/600.1.25"
114.76.232.57 - - [03/Nov/2014:00:27:36 +1100] "POST /updateRegisteredRoleProcess.php?u_ID=116126724&a_ID=10 HTTP/1.1" 302 789 "http://utsems.net/manageRegisteredRole.php?a_ID=10" "Mozilla/5.0 (Macintosh; Intel Mac OS X 10_10) AppleWebKit/600.1.25 (KHTML, like Gecko) Version/8.0 Safari/600.1.25"
114.76.232.57 - - [03/Nov/2014:00:27:36 +1100] "GET /manageActivity.php?a_ID=10 HTTP/1.1" 200 3252 "http://utsems.net/manageRegisteredRole.php?a_ID=10" "Mozilla/5.0 (Macintosh; Intel Mac OS X 10_10) AppleWebKit/600.1.25 (KHTML, like Gecko) Version/8.0 Safari/600.1.25"
114.76.232.57 - - [03/Nov/2014:00:27:37 +1100] "GET /buttons.css HTTP/1.1" 304 - "http://utsems.net/viewEventsEM.php" "Mozilla/5.0 (Macintosh; Intel Mac OS X 10_10) AppleWebKit/600.1.25 (KHTML, like Gecko) Version/8.0 Safari/600.1.25"
114.76.232.57 - - [03/Nov/2014:00:27:45 +1100] "POST /manageAllocatedRole.php?a_ID=10 HTTP/1.1" 200 2602 "http://utsems.net/manageActivity.php?a_ID=10" "Mozilla/5.0 (Macintosh; Intel Mac OS X 10_10) AppleWebKit/600.1.25 (KHTML, like Gecko) Version/8.0 Safari/600.1.25"
114.76.232.57 - - [03/Nov/2014:00:28:01 +1100] "GET /viewEventsEM.php HTTP/1.1" 200 4392 "http://utsems.net/manageAllocatedRole.php?a_ID=10" "Mozilla/5.0 (Macintosh; Intel Mac OS X 10_10) AppleWebKit/600.1.25 (KHTML, like Gecko) Version/8.0 Safari/600.1.25"
114.76.232.57 - - [03/Nov/2014:00:28:03 +1100] "POST /manageEvent.php HTTP/1.1" 200 3380 "http://utsems.net/viewEventsEM.php" "Mozilla/5.0 (Macintosh; Intel Mac OS X 10_10) AppleWebKit/600.1.25 (KHTML, like Gecko) Version/8.0 Safari/600.1.25"
114.76.232.57 - - [03/Nov/2014:00:28:06 +1100] "POST /manageActivity.php HTTP/1.1" 200 3592 "http://utsems.net/manageEvent.php" "Mozilla/5.0 (Macintosh; Intel Mac OS X 10_10) AppleWebKit/600.1.25 (KHTML, like Gecko) Version/8.0 Safari/600.1.25"
114.76.232.57 - - [03/Nov/2014:00:28:10 +1100] "POST /manageAllocatedRole.php?a_ID=11 HTTP/1.1" 200 2602 "http://utsems.net/manageActivity.php" "Mozilla/5.0 (Macintosh; Intel Mac OS X 10_10) AppleWebKit/600.1.25 (KHTML, like Gecko) Version/8.0 Safari/600.1.25"
114.76.232.57 - - [03/Nov/2014:00:29:55 +1100] "GET /logout.php HTTP/1.1" 200 134 "http://utsems.net/manageActivity.php" "Mozilla/5.0 (Macintosh; Intel Mac OS X 10_10) AppleWebKit/600.1.25 (KHTML, like Gecko) Version/8.0 Safari/600.1.25"
114.76.232.57 - - [03/Nov/2014:00:29:56 +1100] "GET /index.php HTTP/1.1" 200 1143 "http://utsems.net/logout.php" "Mozilla/5.0 (Macintosh; Intel Mac OS X 10_10) AppleWebKit/600.1.25 (KHTML, like Gecko) Version/8.0 Safari/600.1.25"
114.76.232.57 - - [03/Nov/2014:00:30:10 +1100] "POST /loginProcess.php HTTP/1.1" 200 100 "http://utsems.net/index.php" "Mozilla/5.0 (Macintosh; Intel Mac OS X 10_10) AppleWebKit/600.1.25 (KHTML, like Gecko) Version/8.0 Safari/600.1.25"
114.76.232.57 - - [03/Nov/2014:00:30:11 +1100] "GET /userAuthenticated.php HTTP/1.1" 200 145 "http://utsems.net/loginProcess.php" "Mozilla/5.0 (Macintosh; Intel Mac OS X 10_10) AppleWebKit/600.1.25 (KHTML, like Gecko) Version/8.0 Safari/600.1.25"
114.76.232.57 - - [03/Nov/2014:00:30:11 +1100] "GET /viewEventsEM.php HTTP/1.1" 200 4392 "http://utsems.net/userAuthenticated.php" "Mozilla/5.0 (Macintosh; Intel Mac OS X 10_10) AppleWebKit/600.1.25 (KHTML, like Gecko) Version/8.0 Safari/600.1.25"
114.76.232.57 - - [03/Nov/2014:00:30:13 +1100] "POST /manageEvent.php HTTP/1.1" 200 3380 "http://utsems.net/viewEventsEM.php" "Mozilla/5.0 (Macintosh; Intel Mac OS X 10_10) AppleWebKit/600.1.25 (KHTML, like Gecko) Version/8.0 Safari/600.1.25"
114.76.232.57 - - [03/Nov/2014:00:30:16 +1100] "POST /manageActivity.php HTTP/1.1" 200 3252 "http://utsems.net/manageEvent.php" "Mozilla/5.0 (Macintosh; Intel Mac OS X 10_10) AppleWebKit/600.1.25 (KHTML, like Gecko) Version/8.0 Safari/600.1.25"
114.76.232.57 - - [03/Nov/2014:00:30:18 +1100] "POST /manageAllocatedRole.php?a_ID=10 HTTP/1.1" 200 2602 "http://utsems.net/manageActivity.php" "Mozilla/5.0 (Macintosh; Intel Mac OS X 10_10) AppleWebKit/600.1.25 (KHTML, like Gecko) Version/8.0 Safari/600.1.25"
114.76.232.57 - - [03/Nov/2014:00:30:25 +1100] "POST /manageActivity.php HTTP/1.1" 200 3592 "http://utsems.net/manageEvent.php" "Mozilla/5.0 (Macintosh; Intel Mac OS X 10_10) AppleWebKit/600.1.25 (KHTML, like Gecko) Version/8.0 Safari/600.1.25"
114.76.232.57 - - [03/Nov/2014:00:30:31 +1100] "POST /manageAllocatedRole.php?a_ID=11 HTTP/1.1" 200 2602 "http://utsems.net/manageActivity.php" "Mozilla/5.0 (Macintosh; Intel Mac OS X 10_10) AppleWebKit/600.1.25 (KHTML, like Gecko) Version/8.0 Safari/600.1.25"
114.76.232.57 - - [03/Nov/2014:00:30:34 +1100] "POST /updateAllocatedRoleProcess.php?u_ID=116126724&a_ID=11 HTTP/1.1" 302 789 "http://utsems.net/manageAllocatedRole.php?a_ID=11" "Mozilla/5.0 (Macintosh; Intel Mac OS X 10_10) AppleWebKit/600.1.25 (KHTML, like Gecko) Version/8.0 Safari/600.1.25"
114.76.232.57 - - [03/Nov/2014:00:30:34 +1100] "GET /manageActivity.php?a_ID=11 HTTP/1.1" 200 3622 "http://utsems.net/manageAllocatedRole.php?a_ID=11" "Mozilla/5.0 (Macintosh; Intel Mac OS X 10_10) AppleWebKit/600.1.25 (KHTML, like Gecko) Version/8.0 Safari/600.1.25"
114.76.232.57 - - [03/Nov/2014:00:30:35 +1100] "GET /buttons.css HTTP/1.1" 304 - "http://utsems.net/viewEventsEM.php" "Mozilla/5.0 (Macintosh; Intel Mac OS X 10_10) AppleWebKit/600.1.25 (KHTML, like Gecko) Version/8.0 Safari/600.1.25"
114.76.232.57 - - [03/Nov/2014:00:30:47 +1100] "POST /updateActivityV.php?a_ID=11 HTTP/1.1" 200 8051 "http://utsems.net/manageActivity.php?a_ID=11" "Mozilla/5.0 (Macintosh; Intel Mac OS X 10_10) AppleWebKit/600.1.25 (KHTML, like Gecko) Version/8.0 Safari/600.1.25"
114.76.232.57 - - [03/Nov/2014:00:30:47 +1100] "GET /resources/demos/style.css HTTP/1.1" 404 - "http://utsems.net/updateActivityV.php?a_ID=11" "Mozilla/5.0 (Macintosh; Intel Mac OS X 10_10) AppleWebKit/600.1.25 (KHTML, like Gecko) Version/8.0 Safari/600.1.25"
114.76.232.57 - - [03/Nov/2014:00:30:50 +1100] "POST /manageActivity.php?a_ID=11 HTTP/1.1" 200 3622 "http://utsems.net/updateActivityV.php?a_ID=11" "Mozilla/5.0 (Macintosh; Intel Mac OS X 10_10) AppleWebKit/600.1.25 (KHTML, like Gecko) Version/8.0 Safari/600.1.25"
114.76.232.57 - - [03/Nov/2014:00:30:52 +1100] "POST /manageRegisteredRole.php?a_ID=11 HTTP/1.1" 200 2609 "http://utsems.net/manageActivity.php?a_ID=11" "Mozilla/5.0 (Macintosh; Intel Mac OS X 10_10) AppleWebKit/600.1.25 (KHTML, like Gecko) Version/8.0 Safari/600.1.25"
114.76.232.57 - - [03/Nov/2014:00:31:12 +1100] "POST /updateRegisteredRoleProcess.php?u_ID=116126724&a_ID=11 HTTP/1.1" 302 789 "http://utsems.net/manageRegisteredRole.php?a_ID=11" "Mozilla/5.0 (Macintosh; Intel Mac OS X 10_10) AppleWebKit/600.1.25 (KHTML, like Gecko) Version/8.0 Safari/600.1.25"
114.76.232.57 - - [03/Nov/2014:00:31:13 +1100] "GET /manageActivity.php?a_ID=11 HTTP/1.1" 200 3592 "http://utsems.net/manageRegisteredRole.php?a_ID=11" "Mozilla/5.0 (Macintosh; Intel Mac OS X 10_10) AppleWebKit/600.1.25 (KHTML, like Gecko) Version/8.0 Safari/600.1.25"
114.76.232.57 - - [03/Nov/2014:00:31:14 +1100] "GET /buttons.css HTTP/1.1" 304 - "http://utsems.net/viewEventsEM.php" "Mozilla/5.0 (Macintosh; Intel Mac OS X 10_10) AppleWebKit/600.1.25 (KHTML, like Gecko) Version/8.0 Safari/600.1.25"
114.76.232.57 - - [03/Nov/2014:00:31:24 +1100] "POST /updateActivityV.php?a_ID=11 HTTP/1.1" 200 8051 "http://utsems.net/manageActivity.php?a_ID=11" "Mozilla/5.0 (Macintosh; Intel Mac OS X 10_10) AppleWebKit/600.1.25 (KHTML, like Gecko) Version/8.0 Safari/600.1.25"
114.76.232.57 - - [03/Nov/2014:00:31:24 +1100] "GET /resources/demos/style.css HTTP/1.1" 404 - "http://utsems.net/updateActivityV.php?a_ID=11" "Mozilla/5.0 (Macintosh; Intel Mac OS X 10_10) AppleWebKit/600.1.25 (KHTML, like Gecko) Version/8.0 Safari/600.1.25"
114.76.232.57 - - [03/Nov/2014:00:31:29 +1100] "POST /manageAllocatedRole.php?a_ID=11 HTTP/1.1" 200 2598 "http://utsems.net/manageActivity.php?a_ID=11" "Mozilla/5.0 (Macintosh; Intel Mac OS X 10_10) AppleWebKit/600.1.25 (KHTML, like Gecko) Version/8.0 Safari/600.1.25"
114.76.232.57 - - [03/Nov/2014:00:31:32 +1100] "POST /updateAllocatedRoleProcess.php?u_ID=116126722&a_ID=11 HTTP/1.1" 302 789 "http://utsems.net/manageAllocatedRole.php?a_ID=11" "Mozilla/5.0 (Macintosh; Intel Mac OS X 10_10) AppleWebKit/600.1.25 (KHTML, like Gecko) Version/8.0 Safari/600.1.25"
114.76.232.57 - - [03/Nov/2014:00:31:33 +1100] "GET /manageActivity.php?a_ID=11 HTTP/1.1" 200 3622 "http://utsems.net/manageAllocatedRole.php?a_ID=11" "Mozilla/5.0 (Macintosh; Intel Mac OS X 10_10) AppleWebKit/600.1.25 (KHTML, like Gecko) Version/8.0 Safari/600.1.25"
114.76.232.57 - - [03/Nov/2014:00:31:33 +1100] "GET /buttons.css HTTP/1.1" 304 - "http://utsems.net/viewEventsEM.php" "Mozilla/5.0 (Macintosh; Intel Mac OS X 10_10) AppleWebKit/600.1.25 (KHTML, like Gecko) Version/8.0 Safari/600.1.25"
114.76.232.57 - - [03/Nov/2014:00:31:36 +1100] "POST /manageRegisteredRole.php?a_ID=11 HTTP/1.1" 200 2605 "http://utsems.net/manageActivity.php?a_ID=11" "Mozilla/5.0 (Macintosh; Intel Mac OS X 10_10) AppleWebKit/600.1.25 (KHTML, like Gecko) Version/8.0 Safari/600.1.25"
123.243.82.58 - - [03/Nov/2014:00:31:37 +1100] "GET /viewPositions.php HTTP/1.1" 200 5133 "http://utsems.net/viewPositions.php" "Mozilla/5.0 (compatible; MSIE 10.0; Windows NT 6.2; WOW64; Trident/6.0; ASU2JS)"
123.243.82.58 - - [03/Nov/2014:00:31:39 +1100] "GET /dashboardU.php HTTP/1.1" 200 1525 "http://utsems.net/viewPositions.php" "Mozilla/5.0 (compatible; MSIE 10.0; Windows NT 6.2; WOW64; Trident/6.0; ASU2JS)"
114.76.232.57 - - [03/Nov/2014:00:31:39 +1100] "POST /updateRegisteredRoleProcess.php?u_ID=116126722&a_ID=11 HTTP/1.1" 302 789 "http://utsems.net/manageRegisteredRole.php?a_ID=11" "Mozilla/5.0 (Macintosh; Intel Mac OS X 10_10) AppleWebKit/600.1.25 (KHTML, like Gecko) Version/8.0 Safari/600.1.25"
114.76.232.57 - - [03/Nov/2014:00:31:40 +1100] "GET /manageActivity.php?a_ID=11 HTTP/1.1" 200 3592 "http://utsems.net/manageRegisteredRole.php?a_ID=11" "Mozilla/5.0 (Macintosh; Intel Mac OS X 10_10) AppleWebKit/600.1.25 (KHTML, like Gecko) Version/8.0 Safari/600.1.25"
114.76.232.57 - - [03/Nov/2014:00:31:40 +1100] "GET /buttons.css HTTP/1.1" 304 - "http://utsems.net/viewEventsEM.php" "Mozilla/5.0 (Macintosh; Intel Mac OS X 10_10) AppleWebKit/600.1.25 (KHTML, like Gecko) Version/8.0 Safari/600.1.25"
114.76.232.57 - - [03/Nov/2014:00:32:02 +1100] "GET /dashboardEM.php HTTP/1.1" 200 1492 "http://utsems.net/manageActivity.php?a_ID=11" "Mozilla/5.0 (Macintosh; Intel Mac OS X 10_10) AppleWebKit/600.1.25 (KHTML, like Gecko) Version/8.0 Safari/600.1.25"
114.76.232.57 - - [03/Nov/2014:00:32:04 +1100] "GET /logout.php HTTP/1.1" 200 134 "http://utsems.net/dashboardEM.php" "Mozilla/5.0 (Macintosh; Intel Mac OS X 10_10) AppleWebKit/600.1.25 (KHTML, like Gecko) Version/8.0 Safari/600.1.25"
114.76.232.57 - - [03/Nov/2014:00:32:04 +1100] "GET /index.php HTTP/1.1" 200 1143 "http://utsems.net/logout.php" "Mozilla/5.0 (Macintosh; Intel Mac OS X 10_10) AppleWebKit/600.1.25 (KHTML, like Gecko) Version/8.0 Safari/600.1.25"
123.243.82.58 - - [03/Nov/2014:00:32:10 +1100] "GET /viewEventsEM.php HTTP/1.1" 302 - "http://utsems.net/updateUserV.php?u_ID=101202" "Mozilla/5.0 (Windows NT 6.2; WOW64) AppleWebKit/537.36 (KHTML, like Gecko) Chrome/38.0.2125.111 Safari/537.36"
123.243.82.58 - - [03/Nov/2014:00:32:10 +1100] "GET /index.php HTTP/1.1" 200 1143 "http://utsems.net/updateUserV.php?u_ID=101202" "Mozilla/5.0 (Windows NT 6.2; WOW64) AppleWebKit/537.36 (KHTML, like Gecko) Chrome/38.0.2125.111 Safari/537.36"
123.243.82.58 - - [03/Nov/2014:00:32:18 +1100] "POST /loginProcess.php HTTP/1.1" 200 48 "http://utsems.net/index.php" "Mozilla/5.0 (Windows NT 6.2; WOW64) AppleWebKit/537.36 (KHTML, like Gecko) Chrome/38.0.2125.111 Safari/537.36"
114.76.232.57 - - [03/Nov/2014:00:32:22 +1100] "POST /loginProcess.php HTTP/1.1" 200 100 "http://utsems.net/index.php" "Mozilla/5.0 (Macintosh; Intel Mac OS X 10_10) AppleWebKit/600.1.25 (KHTML, like Gecko) Version/8.0 Safari/600.1.25"
114.76.232.57 - - [03/Nov/2014:00:32:22 +1100] "GET /userAuthenticated.php HTTP/1.1" 200 145 "http://utsems.net/loginProcess.php" "Mozilla/5.0 (Macintosh; Intel Mac OS X 10_10) AppleWebKit/600.1.25 (KHTML, like Gecko) Version/8.0 Safari/600.1.25"
114.76.232.57 - - [03/Nov/2014:00:32:22 +1100] "GET /viewEventsEM.php HTTP/1.1" 200 4392 "http://utsems.net/userAuthenticated.php" "Mozilla/5.0 (Macintosh; Intel Mac OS X 10_10) AppleWebKit/600.1.25 (KHTML, like Gecko) Version/8.0 Safari/600.1.25"
